Archive member included because of file (symbol)

/OPT/altera/12.1/tools/nios2eds/bin/gnu/H-i686-pc-linux-gnu/bin/../lib/gcc/nios2-elf/4.1.2/mno-hw-mul/libgcc.a(lib2-divmod.o)
                              obj/default/hello_ucosii.o (__modsi3)
/OPT/altera/12.1/tools/nios2eds/bin/gnu/H-i686-pc-linux-gnu/bin/../lib/gcc/nios2-elf/4.1.2/mno-hw-mul/libgcc.a(lib2-mul.o)
                              obj/default/hello_ucosii.o (__mulsi3)
/OPT/altera/12.1/tools/nios2eds/bin/gnu/H-i686-pc-linux-gnu/bin/../lib/gcc/nios2-elf/4.1.2/../../../../nios2-elf/lib/mno-hw-mul/libc.a(lib_a-puts.o)
                              obj/default/hello_ucosii.o (puts)
/OPT/altera/12.1/tools/nios2eds/bin/gnu/H-i686-pc-linux-gnu/bin/../lib/gcc/nios2-elf/4.1.2/../../../../nios2-elf/lib/mno-hw-mul/libc.a(lib_a-strlen.o)
                              /OPT/altera/12.1/tools/nios2eds/bin/gnu/H-i686-pc-linux-gnu/bin/../lib/gcc/nios2-elf/4.1.2/../../../../nios2-elf/lib/mno-hw-mul/libc.a(lib_a-puts.o) (strlen)
/OPT/altera/12.1/tools/nios2eds/bin/gnu/H-i686-pc-linux-gnu/bin/../lib/gcc/nios2-elf/4.1.2/../../../../nios2-elf/lib/mno-hw-mul/libc.a(lib_a-fvwrite.o)
                              /OPT/altera/12.1/tools/nios2eds/bin/gnu/H-i686-pc-linux-gnu/bin/../lib/gcc/nios2-elf/4.1.2/../../../../nios2-elf/lib/mno-hw-mul/libc.a(lib_a-puts.o) (__sfvwrite_r)
/OPT/altera/12.1/tools/nios2eds/bin/gnu/H-i686-pc-linux-gnu/bin/../lib/gcc/nios2-elf/4.1.2/../../../../nios2-elf/lib/mno-hw-mul/libc.a(lib_a-impure.o)
                              /OPT/altera/12.1/tools/nios2eds/bin/gnu/H-i686-pc-linux-gnu/bin/../lib/gcc/nios2-elf/4.1.2/../../../../nios2-elf/lib/mno-hw-mul/libc.a(lib_a-puts.o) (_impure_ptr)
/OPT/altera/12.1/tools/nios2eds/bin/gnu/H-i686-pc-linux-gnu/bin/../lib/gcc/nios2-elf/4.1.2/../../../../nios2-elf/lib/mno-hw-mul/libc.a(lib_a-mallocr.o)
                              /OPT/altera/12.1/tools/nios2eds/bin/gnu/H-i686-pc-linux-gnu/bin/../lib/gcc/nios2-elf/4.1.2/../../../../nios2-elf/lib/mno-hw-mul/libc.a(lib_a-fvwrite.o) (_malloc_r)
/OPT/altera/12.1/tools/nios2eds/bin/gnu/H-i686-pc-linux-gnu/bin/../lib/gcc/nios2-elf/4.1.2/../../../../nios2-elf/lib/mno-hw-mul/libc.a(lib_a-memchr.o)
                              /OPT/altera/12.1/tools/nios2eds/bin/gnu/H-i686-pc-linux-gnu/bin/../lib/gcc/nios2-elf/4.1.2/../../../../nios2-elf/lib/mno-hw-mul/libc.a(lib_a-fvwrite.o) (memchr)
/OPT/altera/12.1/tools/nios2eds/bin/gnu/H-i686-pc-linux-gnu/bin/../lib/gcc/nios2-elf/4.1.2/../../../../nios2-elf/lib/mno-hw-mul/libc.a(lib_a-memcpy.o)
                              /OPT/altera/12.1/tools/nios2eds/bin/gnu/H-i686-pc-linux-gnu/bin/../lib/gcc/nios2-elf/4.1.2/../../../../nios2-elf/lib/mno-hw-mul/libc.a(lib_a-fvwrite.o) (memcpy)
/OPT/altera/12.1/tools/nios2eds/bin/gnu/H-i686-pc-linux-gnu/bin/../lib/gcc/nios2-elf/4.1.2/../../../../nios2-elf/lib/mno-hw-mul/libc.a(lib_a-memmove.o)
                              /OPT/altera/12.1/tools/nios2eds/bin/gnu/H-i686-pc-linux-gnu/bin/../lib/gcc/nios2-elf/4.1.2/../../../../nios2-elf/lib/mno-hw-mul/libc.a(lib_a-fvwrite.o) (memmove)
/OPT/altera/12.1/tools/nios2eds/bin/gnu/H-i686-pc-linux-gnu/bin/../lib/gcc/nios2-elf/4.1.2/../../../../nios2-elf/lib/mno-hw-mul/libc.a(lib_a-reallocr.o)
                              /OPT/altera/12.1/tools/nios2eds/bin/gnu/H-i686-pc-linux-gnu/bin/../lib/gcc/nios2-elf/4.1.2/../../../../nios2-elf/lib/mno-hw-mul/libc.a(lib_a-fvwrite.o) (_realloc_r)
/OPT/altera/12.1/tools/nios2eds/bin/gnu/H-i686-pc-linux-gnu/bin/../lib/gcc/nios2-elf/4.1.2/../../../../nios2-elf/lib/mno-hw-mul/libc.a(lib_a-sbrkr.o)
                              /OPT/altera/12.1/tools/nios2eds/bin/gnu/H-i686-pc-linux-gnu/bin/../lib/gcc/nios2-elf/4.1.2/../../../../nios2-elf/lib/mno-hw-mul/libc.a(lib_a-mallocr.o) (_sbrk_r)
/OPT/altera/12.1/tools/nios2eds/bin/gnu/H-i686-pc-linux-gnu/bin/../lib/gcc/nios2-elf/4.1.2/../../../../nios2-elf/lib/mno-hw-mul/libc.a(lib_a-wsetup.o)
                              /OPT/altera/12.1/tools/nios2eds/bin/gnu/H-i686-pc-linux-gnu/bin/../lib/gcc/nios2-elf/4.1.2/../../../../nios2-elf/lib/mno-hw-mul/libc.a(lib_a-fvwrite.o) (__swsetup_r)
/OPT/altera/12.1/tools/nios2eds/bin/gnu/H-i686-pc-linux-gnu/bin/../lib/gcc/nios2-elf/4.1.2/../../../../nios2-elf/lib/mno-hw-mul/libc.a(lib_a-fflush.o)
                              /OPT/altera/12.1/tools/nios2eds/bin/gnu/H-i686-pc-linux-gnu/bin/../lib/gcc/nios2-elf/4.1.2/../../../../nios2-elf/lib/mno-hw-mul/libc.a(lib_a-fvwrite.o) (_fflush_r)
/OPT/altera/12.1/tools/nios2eds/bin/gnu/H-i686-pc-linux-gnu/bin/../lib/gcc/nios2-elf/4.1.2/../../../../nios2-elf/lib/mno-hw-mul/libc.a(lib_a-findfp.o)
                              /OPT/altera/12.1/tools/nios2eds/bin/gnu/H-i686-pc-linux-gnu/bin/../lib/gcc/nios2-elf/4.1.2/../../../../nios2-elf/lib/mno-hw-mul/libc.a(lib_a-wsetup.o) (__sinit)
/OPT/altera/12.1/tools/nios2eds/bin/gnu/H-i686-pc-linux-gnu/bin/../lib/gcc/nios2-elf/4.1.2/../../../../nios2-elf/lib/mno-hw-mul/libc.a(lib_a-freer.o)
[...]
Memory Configuration

Name             Origin             Length             Attributes
sdram_0          0x00800000         0x00800000
sram_0           0x01080000         0x00080000
reset            0x01104000         0x00000020
onchip_memory2_0 0x01104020         0x00003fe0
*default*        0x00000000         0xffffffff

Linker script and memory map

LOAD ../Evo_Synth_bsp//obj/HAL/src/crt0.o
LOAD obj/default/hello_ucosii.o
LOAD /OPT/altera/12.1/tools/nios2eds/bin/gnu/H-i686-pc-linux-gnu/bin/../lib/gcc/nios2-elf/4.1.2/../../../../nios2-elf/lib/mno-hw-mul/libstdc++.a
LOAD /OPT/altera/12.1/tools/nios2eds/bin/gnu/H-i686-pc-linux-gnu/bin/../lib/gcc/nios2-elf/4.1.2/../../../../nios2-elf/lib/mno-hw-mul/libm.a
LOAD /OPT/altera/12.1/tools/nios2eds/bin/gnu/H-i686-pc-linux-gnu/bin/../lib/gcc/nios2-elf/4.1.2/mno-hw-mul/libgcc.a
START GROUP
LOAD /OPT/altera/12.1/tools/nios2eds/bin/gnu/H-i686-pc-linux-gnu/bin/../lib/gcc/nios2-elf/4.1.2/../../../../nios2-elf/lib/mno-hw-mul/libc.a
LOAD /OPT/altera/12.1/tools/nios2eds/bin/gnu/H-i686-pc-linux-gnu/bin/../lib/gcc/nios2-elf/4.1.2/mno-hw-mul/libgcc.a
LOAD ../Evo_Synth_bsp//libucosii_bsp.a
END GROUP
LOAD /OPT/altera/12.1/tools/nios2eds/bin/gnu/H-i686-pc-linux-gnu/bin/../lib/gcc/nios2-elf/4.1.2/mno-hw-mul/libgcc.a
                0x00800000                __alt_mem_sdram_0 = 0x800000
                0x01080000                __alt_mem_sram_0 = 0x1080000
                0x01104000                __alt_mem_onchip_memory2_0 = 0x1104000

.entry          0x01104000       0x20
 *(.entry)
 .entry         0x01104000       0x20 ../Evo_Synth_bsp//obj/HAL/src/crt0.o
                0x01104000                __reset

.exceptions     0x01104020      0x19c load address 0x00800000
                0x01104020                PROVIDE (__ram_exceptions_start, ABSOLUTE (.))
                0x01104020                . = ALIGN (0x20)
 *(.irq)
 *(.exceptions.entry.label)
 .exceptions.entry.label
                0x01104020        0x0 ../Evo_Synth_bsp//libucosii_bsp.a(alt_irq_entry.o)
                0x01104020                alt_irq_entry
 .exceptions.entry.label
                0x01104020        0x0 ../Evo_Synth_bsp//libucosii_bsp.a(alt_exception_entry.o)
                0x01104020                alt_exception
 *(.exceptions.entry.user)
 *(.exceptions.entry)
 .exceptions.entry
                0x01104020       0x54 ../Evo_Synth_bsp//libucosii_bsp.a(alt_exception_entry.o)
 *(.exceptions.irqtest.user)
 *(.exceptions.irqtest)
 .exceptions.irqtest
                0x01104074       0x10 ../Evo_Synth_bsp//libucosii_bsp.a(alt_irq_entry.o)
 *(.exceptions.irqhandler.user)
 *(.exceptions.irqhandler)
 .exceptions.irqhandler
                0x01104084        0x4 ../Evo_Synth_bsp//libucosii_bsp.a(alt_irq_entry.o)
 *(.exceptions.irqreturn.user)
 *(.exceptions.irqreturn)
 .exceptions.irqreturn
                0x01104088        0x4 ../Evo_Synth_bsp//libucosii_bsp.a(alt_irq_entry.o)
 *(.exceptions.notirq.label)
 .exceptions.notirq.label
                0x0110408c        0x0 ../Evo_Synth_bsp//libucosii_bsp.a(alt_irq_entry.o)
 *(.exceptions.notirq.user)
 *(.exceptions.notirq)
 .exceptions.notirq
                0x0110408c        0x8 ../Evo_Synth_bsp//libucosii_bsp.a(alt_exception_entry.o)
 *(.exceptions.soft.user)
 *(.exceptions.soft)
 *(.exceptions.unknown.user)
 *(.exceptions.unknown)
 .exceptions.unknown
                0x01104094        0x4 ../Evo_Synth_bsp//libucosii_bsp.a(alt_exception_entry.o)
 *(.exceptions.exit.label)
 .exceptions.exit.label
                0x01104098        0x0 ../Evo_Synth_bsp//libucosii_bsp.a(alt_irq_entry.o)
 .exceptions.exit.label
                0x01104098        0x0 ../Evo_Synth_bsp//libucosii_bsp.a(alt_exception_entry.o)
 *(.exceptions.exit.user)
 *(.exceptions.exit)
 .exceptions.exit
                0x01104098       0x54 ../Evo_Synth_bsp//libucosii_bsp.a(alt_exception_entry.o)
 *(.exceptions)
 .exceptions    0x011040ec       0xd0 ../Evo_Synth_bsp//libucosii_bsp.a(alt_irq_handler.o)
                0x011040ec                alt_irq_handler
                0x011041bc                PROVIDE (__ram_exceptions_end, ABSOLUTE (.))
                0x00800000                PROVIDE (__flash_exceptions_start, LOADADDR (.exceptions))

.text           0x0080019c     0xeca4
                0x0080019c                PROVIDE (stext, ABSOLUTE (.))
 *(.interp)
 *(.hash)
 *(.dynsym)
 *(.dynstr)
 *(.gnu.version)
 *(.gnu.version_d)
 *(.gnu.version_r)
 *(.rel.init)
 *(.rela.init)
 *(.rel.text .rel.text.* .rel.gnu.linkonce.t.*)
 *(.rela.text .rela.text.* .rela.gnu.linkonce.t.*)
 *(.rel.fini)
 *(.rela.fini)
 *(.rel.rodata .rel.rodata.* .rel.gnu.linkonce.r.*)
 *(.rela.rodata .rela.rodata.* .rela.gnu.linkonce.r.*)
 *(.rel.data .rel.data.* .rel.gnu.linkonce.d.*)
 *(.rela.data .rela.data.* .rela.gnu.linkonce.d.*)
 *(.rel.tdata .rel.tdata.* .rel.gnu.linkonce.td.*)
 *(.rela.tdata .rela.tdata.* .rela.gnu.linkonce.td.*)
 *(.rel.tbss .rel.tbss.* .rel.gnu.linkonce.tb.*)
 *(.rela.tbss .rela.tbss.* .rela.gnu.linkonce.tb.*)
 *(.rel.ctors)
 *(.rela.ctors)
 *(.rel.dtors)
 *(.rela.dtors)
 *(.rel.got)
 *(.rela.got)
 *(.rel.sdata .rel.sdata.* .rel.gnu.linkonce.s.*)
 *(.rela.sdata .rela.sdata.* .rela.gnu.linkonce.s.*)
 *(.rel.sbss .rel.sbss.* .rel.gnu.linkonce.sb.*)
 *(.rela.sbss .rela.sbss.* .rela.gnu.linkonce.sb.*)
 *(.rel.sdata2 .rel.sdata2.* .rel.gnu.linkonce.s2.*)
 *(.rela.sdata2 .rela.sdata2.* .rela.gnu.linkonce.s2.*)
 *(.rel.sbss2 .rel.sbss2.* .rel.gnu.linkonce.sb2.*)
 *(.rela.sbss2 .rela.sbss2.* .rela.gnu.linkonce.sb2.*)
 *(.rel.bss .rel.bss.* .rel.gnu.linkonce.b.*)
 *(.rela.bss .rela.bss.* .rela.gnu.linkonce.b.*)
 *(.rel.plt)
 *(.rela.plt)
 *(.rel.dyn)
 *(.init)
 *(.plt)
 *(.text .stub .text.* .gnu.linkonce.t.*)
 .text          0x0080019c       0x3c ../Evo_Synth_bsp//obj/HAL/src/crt0.o
                0x0080019c                _start
 .text          0x008001d8      0x21c obj/default/hello_ucosii.o
                0x008001d8                audio_data_task
                0x00800388                main
 .text          0x008003f4      0x14c /OPT/altera/12.1/tools/nios2eds/bin/gnu/H-i686-pc-linux-gnu/bin/../lib/gcc/nios2-elf/4.1.2/mno-hw-mul/libgcc.a(lib2-divmod.o)
                0x00800470                __divsi3
                0x008004d0                __modsi3
                0x00800530                __udivsi3
                0x00800538                __umodsi3
 .text          0x00800540       0x38 /OPT/altera/12.1/tools/nios2eds/bin/gnu/H-i686-pc-linux-gnu/bin/../lib/gcc/nios2-elf/4.1.2/mno-hw-mul/libgcc.a(lib2-mul.o)
                0x00800540                __mulsi3
 .text          0x00800578       0xb4 /OPT/altera/12.1/tools/nios2eds/bin/gnu/H-i686-pc-linux-gnu/bin/../lib/gcc/nios2-elf/4.1.2/../../../../nios2-elf/lib/mno-hw-mul/libc.a(lib_a-puts.o)
                0x00800578                _puts_r
                0x00800618                puts
 .text          0x0080062c       0x74 /OPT/altera/12.1/tools/nios2eds/bin/gnu/H-i686-pc-linux-gnu/bin/../lib/gcc/nios2-elf/4.1.2/../../../../nios2-elf/lib/mno-hw-mul/libc.a(lib_a-strlen.o)
                0x0080062c                strlen
 .text          0x008006a0      0x49c /OPT/altera/12.1/tools/nios2eds/bin/gnu/H-i686-pc-linux-gnu/bin/../lib/gcc/nios2-elf/4.1.2/../../../../nios2-elf/lib/mno-hw-mul/libc.a(lib_a-fvwrite.o)
                0x008006a0                __sfvwrite_r
 .text          0x00800b3c        0x0 /OPT/altera/12.1/tools/nios2eds/bin/gnu/H-i686-pc-linux-gnu/bin/../lib/gcc/nios2-elf/4.1.2/../../../../nios2-elf/lib/mno-hw-mul/libc.a(lib_a-impure.o)
 .text          0x00800b3c      0x740 /OPT/altera/12.1/tools/nios2eds/bin/gnu/H-i686-pc-linux-gnu/bin/../lib/gcc/nios2-elf/4.1.2/../../../../nios2-elf/lib/mno-hw-mul/libc.a(lib_a-mallocr.o)
                0x00800b3c                _malloc_r
 .text          0x0080127c       0xe4 /OPT/altera/12.1/tools/nios2eds/bin/gnu/H-i686-pc-linux-gnu/bin/../lib/gcc/nios2-elf/4.1.2/../../../../nios2-elf/lib/mno-hw-mul/libc.a(lib_a-memchr.o)
                0x0080127c                memchr
 .text          0x00801360       0xa0 /OPT/altera/12.1/tools/nios2eds/bin/gnu/H-i686-pc-linux-gnu/bin/../lib/gcc/nios2-elf/4.1.2/../../../../nios2-elf/lib/mno-hw-mul/libc.a(lib_a-memcpy.o)
                0x00801360                memcpy
 .text          0x00801400       0xe0 /OPT/altera/12.1/tools/nios2eds/bin/gnu/H-i686-pc-linux-gnu/bin/../lib/gcc/nios2-elf/4.1.2/../../../../nios2-elf/lib/mno-hw-mul/libc.a(lib_a-memmove.o)
                0x00801400                memmove
 .text          0x008014e0      0x5f4 /OPT/altera/12.1/tools/nios2eds/bin/gnu/H-i686-pc-linux-gnu/bin/../lib/gcc/nios2-elf/4.1.2/../../../../nios2-elf/lib/mno-hw-mul/libc.a(lib_a-reallocr.o)
                0x008014e0                _realloc_r
 .text          0x00801ad4       0x70 /OPT/altera/12.1/tools/nios2eds/bin/gnu/H-i686-pc-linux-gnu/bin/../lib/gcc/nios2-elf/4.1.2/../../../../nios2-elf/lib/mno-hw-mul/libc.a(lib_a-sbrkr.o)
                0x00801ad4                _sbrk_r
 .text          0x00801b44      0x13c /OPT/altera/12.1/tools/nios2eds/bin/gnu/H-i686-pc-linux-gnu/bin/../lib/gcc/nios2-elf/4.1.2/../../../../nios2-elf/lib/mno-hw-mul/libc.a(lib_a-wsetup.o)
                0x00801b44                __swsetup_r
 .text          0x00801c80      0x230 /OPT/altera/12.1/tools/nios2eds/bin/gnu/H-i686-pc-linux-gnu/bin/../lib/gcc/nios2-elf/4.1.2/../../../../nios2-elf/lib/mno-hw-mul/libc.a(lib_a-fflush.o)
                0x00801c80                _fflush_r
                0x00801e7c                fflush
 .text          0x00801eb0      0x2f4 /OPT/altera/12.1/tools/nios2eds/bin/gnu/H-i686-pc-linux-gnu/bin/../lib/gcc/nios2-elf/4.1.2/../../../../nios2-elf/lib/mno-hw-mul/libc.a(lib_a-findfp.o)
                0x00801f08                __sfp_lock_acquire
                0x00801f0c                __sfp_lock_release
                0x00801f10                __sinit_lock_acquire
                0x00801f14                __sinit_lock_release
                0x00801f18                __sinit
                0x00801fcc                __fp_unlock_all
                0x00801fe4                __fp_lock_all
                0x00801ffc                _cleanup_r
                0x00802008                _cleanup
                0x00802018                __sfmoreglue
                0x008020b4                __sfp
 .text          0x008021a4      0x440 /OPT/altera/12.1/tools/nios2eds/bin/gnu/H-i686-pc-linux-gnu/bin/../lib/gcc/nios2-elf/4.1.2/../../../../nios2-elf/lib/mno-hw-mul/libc.a(lib_a-freer.o)
                0x008021a4                _malloc_trim_r
                0x008022d0                _free_r
 .text          0x008025e4      0x180 /OPT/altera/12.1/tools/nios2eds/bin/gnu/H-i686-pc-linux-gnu/bin/../lib/gcc/nios2-elf/4.1.2/../../../../nios2-elf/lib/mno-hw-mul/libc.a(lib_a-fwalk.o)
                0x008025e4                _fwalk_reent
                0x008026ac                _fwalk
 .text          0x00802764        0x0 /OPT/altera/12.1/tools/nios2eds/bin/gnu/H-i686-pc-linux-gnu/bin/../lib/gcc/nios2-elf/4.1.2/../../../../nios2-elf/lib/mno-hw-mul/libc.a(lib_a-int_errno.o)
 .text          0x00802764      0x194 /OPT/altera/12.1/tools/nios2eds/bin/gnu/H-i686-pc-linux-gnu/bin/../lib/gcc/nios2-elf/4.1.2/../../../../nios2-elf/lib/mno-hw-mul/libc.a(lib_a-makebuf.o)
                0x00802764                __smakebuf_r
 .text          0x008028f8       0x98 /OPT/altera/12.1/tools/nios2eds/bin/gnu/H-i686-pc-linux-gnu/bin/../lib/gcc/nios2-elf/4.1.2/../../../../nios2-elf/lib/mno-hw-mul/libc.a(lib_a-memset.o)
                0x008028f8                memset
 .text          0x00802990      0x14c /OPT/altera/12.1/tools/nios2eds/bin/gnu/H-i686-pc-linux-gnu/bin/../lib/gcc/nios2-elf/4.1.2/../../../../nios2-elf/lib/mno-hw-mul/libc.a(lib_a-stdio.o)
                0x00802990                __sclose
                0x00802998                __sseek
                0x00802a00                __swrite
                0x00802a7c                __sread
 .text          0x00802adc       0x78 /OPT/altera/12.1/tools/nios2eds/bin/gnu/H-i686-pc-linux-gnu/bin/../lib/gcc/nios2-elf/4.1.2/../../../../nios2-elf/lib/mno-hw-mul/libc.a(lib_a-writer.o)
                0x00802adc                _write_r
 .text          0x00802b54       0x70 /OPT/altera/12.1/tools/nios2eds/bin/gnu/H-i686-pc-linux-gnu/bin/../lib/gcc/nios2-elf/4.1.2/../../../../nios2-elf/lib/mno-hw-mul/libc.a(lib_a-closer.o)
                0x00802b54                _close_r
 .text          0x00802bc4      0x124 /OPT/altera/12.1/tools/nios2eds/bin/gnu/H-i686-pc-linux-gnu/bin/../lib/gcc/nios2-elf/4.1.2/../../../../nios2-elf/lib/mno-hw-mul/libc.a(lib_a-fclose.o)
                0x00802bc4                _fclose_r
                0x00802cd4                fclose
 .text          0x00802ce8       0x74 /OPT/altera/12.1/tools/nios2eds/bin/gnu/H-i686-pc-linux-gnu/bin/../lib/gcc/nios2-elf/4.1.2/../../../../nios2-elf/lib/mno-hw-mul/libc.a(lib_a-fstatr.o)
                0x00802ce8                _fstat_r
 .text          0x00802d5c       0x70 /OPT/altera/12.1/tools/nios2eds/bin/gnu/H-i686-pc-linux-gnu/bin/../lib/gcc/nios2-elf/4.1.2/../../../../nios2-elf/lib/mno-hw-mul/libc.a(lib_a-isattyr.o)
                0x00802d5c                _isatty_r
 .text          0x00802dcc       0x78 /OPT/altera/12.1/tools/nios2eds/bin/gnu/H-i686-pc-linux-gnu/bin/../lib/gcc/nios2-elf/4.1.2/../../../../nios2-elf/lib/mno-hw-mul/libc.a(lib_a-lseekr.o)
                0x00802dcc                _lseek_r
 .text          0x00802e44       0x78 /OPT/altera/12.1/tools/nios2eds/bin/gnu/H-i686-pc-linux-gnu/bin/../lib/gcc/nios2-elf/4.1.2/../../../../nios2-elf/lib/mno-hw-mul/libc.a(lib_a-readr.o)
                0x00802e44                _read_r
 .text          0x00802ebc      0x160 ../Evo_Synth_bsp//libucosii_bsp.a(alt_close.o)
                0x00802ebc                close
 .text          0x0080301c       0x2c ../Evo_Synth_bsp//libucosii_bsp.a(alt_dev.o)
 .text          0x00803048        0x0 ../Evo_Synth_bsp//libucosii_bsp.a(alt_errno.o)
 .text          0x00803048      0x138 ../Evo_Synth_bsp//libucosii_bsp.a(alt_fstat.o)
                0x00803048                fstat
 .text          0x00803180      0x124 ../Evo_Synth_bsp//libucosii_bsp.a(alt_isatty.o)
                0x00803180                isatty
 .text          0x008032a4       0xec ../Evo_Synth_bsp//libucosii_bsp.a(alt_load.o)
                0x008032a4                alt_load
 .text          0x00803390      0x154 ../Evo_Synth_bsp//libucosii_bsp.a(alt_lseek.o)
                0x00803390                lseek
 .text          0x008034e4       0xc8 ../Evo_Synth_bsp//libucosii_bsp.a(alt_main.o)
                0x008034e4                alt_main
 .text          0x008035ac      0x184 ../Evo_Synth_bsp//libucosii_bsp.a(alt_read.o)
                0x008035ac                read
 .text          0x00803730       0x78 ../Evo_Synth_bsp//libucosii_bsp.a(alt_release_fd.o)
                0x00803730                alt_release_fd
 .text          0x008037a8       0xbc ../Evo_Synth_bsp//libucosii_bsp.a(alt_sbrk.o)
                0x008037a8                sbrk
 .text          0x00803864      0x184 ../Evo_Synth_bsp//libucosii_bsp.a(alt_write.o)
                0x00803864                write
 .text          0x008039e8      0x108 ../Evo_Synth_bsp//libucosii_bsp.a(alt_env_lock.o)
                0x008039e8                __env_lock
                0x00803a94                __env_unlock
 .text          0x00803af0      0x1d8 ../Evo_Synth_bsp//libucosii_bsp.a(alt_malloc_lock.o)
                0x00803af0                __malloc_lock
                0x00803bf8                __malloc_unlock
 .text          0x00803cc8     0x2128 ../Evo_Synth_bsp//libucosii_bsp.a(os_core.o)
                0x00803cc8                OSEventNameGet
                0x00803df8                OSEventNameSet
                0x00803f3c                OSEventPendMulti
                0x008045f0                OSInit
                0x00804644                OSIntEnter
                0x008046c0                OSIntExit
                0x008047c0                OSSchedLock
                0x0080484c                OSSchedUnlock
                0x00804930                OSStart
                0x008049a0                OSStatInit
                0x00804a4c                OSTimeTick
                0x00804c8c                OSVersion
                0x00804cac                OS_Dummy
                0x00804cc8                OS_EventTaskRdy
                0x00804e5c                OS_EventTaskWait
                0x00804f6c                OS_EventTaskWaitMulti
                0x008050c0                OS_EventTaskRemove
                0x00805178                OS_EventTaskRemoveMulti
                0x0080527c                OS_EventWaitListInit
                0x00805648                OS_MemClr
                0x0080569c                OS_MemCopy
                0x00805708                OS_Sched
                0x0080584c                OS_StrCopy
                0x008058cc                OS_StrLen
                0x00805924                OS_TaskIdle
                0x00805980                OS_TaskStat
                0x00805a48                OS_TaskStatStkChk
                0x00805b10                OS_TCBInit
 .text          0x00805df0      0x18c ../Evo_Synth_bsp//libucosii_bsp.a(os_dbg.o)
                0x00805df0                OSDebugInit
 .text          0x00805f7c     0x193c ../Evo_Synth_bsp//libucosii_bsp.a(os_flag.o)
                0x00805f7c                OSFlagAccept
                0x008062b0                OSFlagCreate
                0x008063ec                OSFlagDel
                0x00806694                OSFlagNameGet
                0x008067d8                OSFlagNameSet
                0x0080692c                OSFlagPend
                0x00806f70                OSFlagPendGetFlagsRdy
                0x00806fd8                OSFlagPost
                0x00807380                OSFlagQuery
                0x00807618                OS_FlagInit
                0x0080780c                OS_FlagUnlink
 .text          0x008078b8      0x80c ../Evo_Synth_bsp//libucosii_bsp.a(os_mem.o)
                0x008078b8                OSMemCreate
                0x00807ad4                OSMemGet
                0x00807bd8                OSMemNameGet
                0x00807ce4                OSMemNameSet
                0x00807e04                OSMemPut
                0x00807ef4                OSMemQuery
                0x00807ff0                OS_MemInit
 .text          0x008080c4     0x1334 ../Evo_Synth_bsp//libucosii_bsp.a(os_q.o)
                0x008080c4                OSQAccept
                0x00808218                OSQCreate
                0x0080842c                OSQDel
                0x0080872c                OSQFlush
                0x008087f4                OSQPend
                0x00808b14                OSQPendAbort
                0x00808c90                OSQPost
                0x00808e10                OSQPostFront
                0x00808f98                OSQPostOpt
                0x008091cc                OSQQuery
                0x0080934c                OS_QInit
 .text          0x008093f8      0xbc8 ../Evo_Synth_bsp//libucosii_bsp.a(os_sem.o)
                0x008093f8                OSSemAccept
                0x008094b8                OSSemCreate
                0x008095cc                OSSemDel
                0x0080986c                OSSemPend
                0x00809ae8                OSSemPendAbort
                0x00809c64                OSSemPost
                0x00809d8c                OSSemQuery
                0x00809ebc                OSSemSet
 .text          0x00809fc0     0x1a40 ../Evo_Synth_bsp//libucosii_bsp.a(os_task.o)
                0x00809fc0                OSTaskChangePrio
                0x0080a534                OSTaskCreate
                0x0080a708                OSTaskCreateExt
                0x0080a908                OSTaskDel
                0x0080ad14                OSTaskDelReq
                0x0080ae84                OSTaskNameGet
                0x0080b03c                OSTaskNameSet
                0x0080b200                OSTaskResume
                0x0080b418                OSTaskStkChk
                0x0080b614                OSTaskSuspend
                0x0080b840                OSTaskQuery
                0x0080b984                OS_TaskStkClr
 .text          0x0080ba00      0x5a0 ../Evo_Synth_bsp//libucosii_bsp.a(os_time.o)
                0x0080ba00                OSTimeDly
                0x0080bb4c                OSTimeDlyHMSM
                0x0080bcc8                OSTimeDlyResume
                0x0080bed8                OSTimeGet
                0x0080bf3c                OSTimeSet
 .text          0x0080bfa0       0xd4 ../Evo_Synth_bsp//libucosii_bsp.a(alt_sys_init.o)
                0x0080bfa0                alt_irq_init
                0x0080bfd4                alt_sys_init
 .text          0x0080c074      0x148 ../Evo_Synth_bsp//libucosii_bsp.a(altera_avalon_jtag_uart_fd.o)
                0x0080c074                altera_avalon_jtag_uart_read_fd
                0x0080c0cc                altera_avalon_jtag_uart_write_fd
                0x0080c124                altera_avalon_jtag_uart_close_fd
                0x0080c16c                altera_avalon_jtag_uart_ioctl_fd
 .text          0x0080c1bc      0x584 ../Evo_Synth_bsp//libucosii_bsp.a(altera_avalon_jtag_uart_init.o)
                0x0080c1bc                altera_avalon_jtag_uart_init
                0x0080c6cc                altera_avalon_jtag_uart_close
 .text          0x0080c740       0xf4 ../Evo_Synth_bsp//libucosii_bsp.a(altera_avalon_jtag_uart_ioctl.o)
                0x0080c740                altera_avalon_jtag_uart_ioctl
 .text          0x0080c834      0x2c0 ../Evo_Synth_bsp//libucosii_bsp.a(altera_avalon_jtag_uart_read.o)
                0x0080c834                altera_avalon_jtag_uart_read
 .text          0x0080caf4      0x2dc ../Evo_Synth_bsp//libucosii_bsp.a(altera_avalon_jtag_uart_write.o)
                0x0080caf4                altera_avalon_jtag_uart_write
 .text          0x0080cdd0      0x100 ../Evo_Synth_bsp//libucosii_bsp.a(altera_avalon_timer_sc.o)
                0x0080ce40                alt_avalon_timer_sc_init
 .text          0x0080ced0      0x788 ../Evo_Synth_bsp//libucosii_bsp.a(altera_up_avalon_audio_and_video_config.o)
                0x0080ced0                alt_up_av_config_open_dev
                0x0080cf34                alt_up_av_config_write_data
                0x0080cf98                alt_up_av_config_read_data
                0x0080d024                alt_up_av_config_reset
                0x0080d05c                alt_up_av_config_enable_interrupt
                0x0080d094                alt_up_av_config_disable_interrupt
                0x0080d0c4                alt_up_av_config_read_acknowledge
                0x0080d12c                alt_up_av_config_read_ready
                0x0080d164                alt_up_av_config_write_audio_cfg_register
                0x0080d210                alt_up_av_config_read_video_cfg_register
                0x0080d308                alt_up_av_config_write_video_cfg_register
                0x0080d400                alt_up_av_config_read_DC2_cfg_register
                0x0080d464                alt_up_av_config_write_DC2_cfg_register
                0x0080d4c8                alt_up_av_config_read_D5M_cfg_register
                0x0080d52c                alt_up_av_config_write_D5M_cfg_register
                0x0080d590                alt_up_av_config_read_LTM_cfg_register
                0x0080d5f4                alt_up_av_config_write_LTM_cfg_register
 .text          0x0080d658      0x154 ../Evo_Synth_bsp//libucosii_bsp.a(alt_alarm_start.o)
                0x0080d658                alt_alarm_start
 .text          0x0080d7ac       0x1c ../Evo_Synth_bsp//libucosii_bsp.a(alt_dcache_flush_all.o)
                0x0080d7ac                alt_dcache_flush_all
 .text          0x0080d7c8      0x114 ../Evo_Synth_bsp//libucosii_bsp.a(alt_dev_llist_insert.o)
                0x0080d7c8                alt_dev_llist_insert
 .text          0x0080d8dc       0x64 ../Evo_Synth_bsp//libucosii_bsp.a(alt_do_ctors.o)
                0x0080d8dc                _do_ctors
 .text          0x0080d940       0x64 ../Evo_Synth_bsp//libucosii_bsp.a(alt_do_dtors.o)
                0x0080d940                _do_dtors
 .text          0x0080d9a4       0x94 ../Evo_Synth_bsp//libucosii_bsp.a(alt_find_dev.o)
                0x0080d9a4                alt_find_dev
 .text          0x0080da38       0x1c ../Evo_Synth_bsp//libucosii_bsp.a(alt_icache_flush_all.o)
                0x0080da38                alt_icache_flush_all
 .text          0x0080da54      0x1d4 ../Evo_Synth_bsp//libucosii_bsp.a(alt_iic.o)
                0x0080da54                alt_ic_isr_register
                0x0080daa4                alt_ic_irq_enable
                0x0080db40                alt_ic_irq_disable
                0x0080dbe0                alt_ic_irq_enabled
 .text          0x0080dc28       0xf8 ../Evo_Synth_bsp//libucosii_bsp.a(alt_iic_isr_register.o)
                0x0080dc28                alt_iic_isr_register
 .text          0x0080dd20      0x150 ../Evo_Synth_bsp//libucosii_bsp.a(alt_io_redirect.o)
                0x0080ddf8                alt_io_redirect
 .text          0x0080de70        0x0 ../Evo_Synth_bsp//libucosii_bsp.a(alt_irq_entry.o)
 .text          0x0080de70        0x0 ../Evo_Synth_bsp//libucosii_bsp.a(alt_irq_handler.o)
 .text          0x0080de70        0x0 ../Evo_Synth_bsp//libucosii_bsp.a(alt_irq_vars.o)
 .text          0x0080de70      0x2e4 ../Evo_Synth_bsp//libucosii_bsp.a(alt_open.o)
                0x0080df68                open
 .text          0x0080e154      0x1a8 ../Evo_Synth_bsp//libucosii_bsp.a(alt_tick.o)
                0x0080e154                alt_alarm_stop
                0x0080e1ec                alt_tick
 .text          0x0080e2fc       0x20 ../Evo_Synth_bsp//libucosii_bsp.a(altera_nios2_qsys_irq.o)
                0x0080e2fc                altera_nios2_qsys_irq_init
 .text          0x0080e31c       0xd0 ../Evo_Synth_bsp//libucosii_bsp.a(os_cpu_a.o)
                0x0080e31c                OSCtxSw
                0x0080e31c                OSIntCtxSw
                0x0080e3a8                OSStartHighRdy
                0x0080e3c8                OSStartTsk
 .text          0x0080e3ec      0x418 ../Evo_Synth_bsp//libucosii_bsp.a(os_cpu_c.o)
                0x0080e3ec                OSTaskStkInit
                0x0080e6fc                OSTaskCreateHook
                0x0080e71c                OSTaskDelHook
                0x0080e73c                OSTaskSwHook
                0x0080e758                OSTaskStatHook
                0x0080e774                OSTimeTickHook
                0x0080e790                OSInitHookBegin
                0x0080e7ac                OSInitHookEnd
                0x0080e7c8                OSTaskIdleHook
                0x0080e7e4                OSTCBInitHook
 .text          0x0080e804        0x0 ../Evo_Synth_bsp//libucosii_bsp.a(alt_exception_entry.o)
 .text          0x0080e804      0x120 ../Evo_Synth_bsp//libucosii_bsp.a(alt_find_file.o)
                0x0080e804                alt_find_file
 .text          0x0080e924      0x104 ../Evo_Synth_bsp//libucosii_bsp.a(alt_get_fd.o)
                0x0080e924                alt_get_fd
 .text          0x0080ea28       0x14 /OPT/altera/12.1/tools/nios2eds/bin/gnu/H-i686-pc-linux-gnu/bin/../lib/gcc/nios2-elf/4.1.2/../../../../nios2-elf/lib/mno-hw-mul/libc.a(lib_a-atexit.o)
                0x0080ea28                atexit
 .text          0x0080ea3c       0x38 /OPT/altera/12.1/tools/nios2eds/bin/gnu/H-i686-pc-linux-gnu/bin/../lib/gcc/nios2-elf/4.1.2/../../../../nios2-elf/lib/mno-hw-mul/libc.a(lib_a-exit.o)
                0x0080ea3c                exit
 .text          0x0080ea74       0x74 /OPT/altera/12.1/tools/nios2eds/bin/gnu/H-i686-pc-linux-gnu/bin/../lib/gcc/nios2-elf/4.1.2/../../../../nios2-elf/lib/mno-hw-mul/libc.a(lib_a-memcmp.o)
                0x0080ea74                memcmp
 .text          0x0080eae8      0x134 /OPT/altera/12.1/tools/nios2eds/bin/gnu/H-i686-pc-linux-gnu/bin/../lib/gcc/nios2-elf/4.1.2/../../../../nios2-elf/lib/mno-hw-mul/libc.a(lib_a-__atexit.o)
                0x0080eae8                __register_exitproc
 .text          0x0080ec1c      0x1b4 /OPT/altera/12.1/tools/nios2eds/bin/gnu/H-i686-pc-linux-gnu/bin/../lib/gcc/nios2-elf/4.1.2/../../../../nios2-elf/lib/mno-hw-mul/libc.a(lib_a-__call_atexit.o)
                0x0080ec20                __call_exitprocs
 .text          0x0080edd0       0x6c ../Evo_Synth_bsp//libucosii_bsp.a(alt_exit.o)
                0x0080ee10                _exit
 *(.gnu.warning.*)
 *(.fini)
                0x0080ee3c                PROVIDE (__etext, ABSOLUTE (.))
                0x0080ee3c                PROVIDE (_etext, ABSOLUTE (.))
                0x0080ee3c                PROVIDE (etext, ABSOLUTE (.))
 *(.eh_frame_hdr)
                0x0080ee3c                . = ALIGN (0x4)
                0x0080ee3c                PROVIDE (__preinit_array_start, ABSOLUTE (.))
 *(.preinit_array)
                0x0080ee3c                PROVIDE (__preinit_array_end, ABSOLUTE (.))
                0x0080ee3c                PROVIDE (__init_array_start, ABSOLUTE (.))
 *(.init_array)
                0x0080ee3c                PROVIDE (__init_array_end, ABSOLUTE (.))
                0x0080ee3c                PROVIDE (__fini_array_start, ABSOLUTE (.))
 *(.fini_array)
                0x0080ee3c                PROVIDE (__fini_array_end, ABSOLUTE (.))
 *(.eh_frame)
 *(.gcc_except_table)
 *(.dynamic)
                0x0080ee3c                PROVIDE (__CTOR_LIST__, ABSOLUTE (.))
 *(.ctors)
 *(SORT(.ctors.*))
 .ctors.65535   0x0080ee3c        0x4 /OPT/altera/12.1/tools/nios2eds/bin/gnu/H-i686-pc-linux-gnu/bin/../lib/gcc/nios2-elf/4.1.2/../../../../nios2-elf/lib/mno-hw-mul/libc.a(lib_a-__call_atexit.o)
                0x0080ee40                PROVIDE (__CTOR_END__, ABSOLUTE (.))
                0x0080ee40                PROVIDE (__DTOR_LIST__, ABSOLUTE (.))
 *(.dtors)
 *(SORT(.dtors.*))
                0x0080ee40                PROVIDE (__DTOR_END__, ABSOLUTE (.))
 *(.jcr)
                0x0080ee40                . = ALIGN (0x4)

.rodata         0x0080ee40      0x1b8
                0x0080ee40                PROVIDE (__ram_rodata_start, ABSOLUTE (.))
                0x0080ee40                . = ALIGN (0x4)
 *(.rodata .rodata.* .gnu.linkonce.r.*)
 .rodata        0x0080ee40       0x38 obj/default/hello_ucosii.o
 .rodata.str1.4
                0x0080ee78        0x2 /OPT/altera/12.1/tools/nios2eds/bin/gnu/H-i686-pc-linux-gnu/bin/../lib/gcc/nios2-elf/4.1.2/../../../../nios2-elf/lib/mno-hw-mul/libc.a(lib_a-puts.o)
                                  0x4 (size before relaxing)
 *fill*         0x0080ee7a        0x2 00
 .rodata.str1.4
                0x0080ee7c        0x4 /OPT/altera/12.1/tools/nios2eds/bin/gnu/H-i686-pc-linux-gnu/bin/../lib/gcc/nios2-elf/4.1.2/../../../../nios2-elf/lib/mno-hw-mul/libc.a(lib_a-impure.o)
 .rodata        0x0080ee80        0xc ../Evo_Synth_bsp//libucosii_bsp.a(alt_dev.o)
 .rodata        0x0080ee8c       0x14 ../Evo_Synth_bsp//libucosii_bsp.a(alt_main.o)
 .rodata        0x0080eea0      0x120 ../Evo_Synth_bsp//libucosii_bsp.a(os_core.o)
                0x0080eea0                OSUnMapTbl
 .rodata        0x0080efc0       0x34 ../Evo_Synth_bsp//libucosii_bsp.a(alt_sys_init.o)
 .rodata        0x0080eff4        0x4 ../Evo_Synth_bsp//libucosii_bsp.a(os_cpu_c.o)
 *(.rodata1)
                0x0080eff8                . = ALIGN (0x4)
                0x0080eff8                PROVIDE (__ram_rodata_end, ABSOLUTE (.))
                0x0080ee40                PROVIDE (__flash_rodata_start, LOADADDR (.rodata))

.rwdata         0x0080eff8     0x1b00 load address 0x00810af8
                0x0080eff8                PROVIDE (__ram_rwdata_start, ABSOLUTE (.))
                0x0080eff8                . = ALIGN (0x4)
 *(.got.plt)
 *(.got)
 *(.data1)
 *(.data .data.* .gnu.linkonce.d.*)
 .data          0x0080eff8        0x0 ../Evo_Synth_bsp//obj/HAL/src/crt0.o
 .data          0x0080eff8        0x0 obj/default/hello_ucosii.o
 .data          0x0080eff8        0x0 /OPT/altera/12.1/tools/nios2eds/bin/gnu/H-i686-pc-linux-gnu/bin/../lib/gcc/nios2-elf/4.1.2/mno-hw-mul/libgcc.a(lib2-divmod.o)
 .data          0x0080eff8        0x0 /OPT/altera/12.1/tools/nios2eds/bin/gnu/H-i686-pc-linux-gnu/bin/../lib/gcc/nios2-elf/4.1.2/mno-hw-mul/libgcc.a(lib2-mul.o)
 .data          0x0080eff8        0x0 /OPT/altera/12.1/tools/nios2eds/bin/gnu/H-i686-pc-linux-gnu/bin/../lib/gcc/nios2-elf/4.1.2/../../../../nios2-elf/lib/mno-hw-mul/libc.a(lib_a-puts.o)
 .data          0x0080eff8        0x0 /OPT/altera/12.1/tools/nios2eds/bin/gnu/H-i686-pc-linux-gnu/bin/../lib/gcc/nios2-elf/4.1.2/../../../../nios2-elf/lib/mno-hw-mul/libc.a(lib_a-strlen.o)
 .data          0x0080eff8        0x0 /OPT/altera/12.1/tools/nios2eds/bin/gnu/H-i686-pc-linux-gnu/bin/../lib/gcc/nios2-elf/4.1.2/../../../../nios2-elf/lib/mno-hw-mul/libc.a(lib_a-fvwrite.o)
 .data          0x0080eff8      0x400 /OPT/altera/12.1/tools/nios2eds/bin/gnu/H-i686-pc-linux-gnu/bin/../lib/gcc/nios2-elf/4.1.2/../../../../nios2-elf/lib/mno-hw-mul/libc.a(lib_a-impure.o)
 .data          0x0080f3f8      0x408 /OPT/altera/12.1/tools/nios2eds/bin/gnu/H-i686-pc-linux-gnu/bin/../lib/gcc/nios2-elf/4.1.2/../../../../nios2-elf/lib/mno-hw-mul/libc.a(lib_a-mallocr.o)
                0x0080f3f8                __malloc_av_
 .data          0x0080f800        0x0 /OPT/altera/12.1/tools/nios2eds/bin/gnu/H-i686-pc-linux-gnu/bin/../lib/gcc/nios2-elf/4.1.2/../../../../nios2-elf/lib/mno-hw-mul/libc.a(lib_a-memchr.o)
 .data          0x0080f800        0x0 /OPT/altera/12.1/tools/nios2eds/bin/gnu/H-i686-pc-linux-gnu/bin/../lib/gcc/nios2-elf/4.1.2/../../../../nios2-elf/lib/mno-hw-mul/libc.a(lib_a-memcpy.o)
 .data          0x0080f800        0x0 /OPT/altera/12.1/tools/nios2eds/bin/gnu/H-i686-pc-linux-gnu/bin/../lib/gcc/nios2-elf/4.1.2/../../../../nios2-elf/lib/mno-hw-mul/libc.a(lib_a-memmove.o)
 .data          0x0080f800        0x0 /OPT/altera/12.1/tools/nios2eds/bin/gnu/H-i686-pc-linux-gnu/bin/../lib/gcc/nios2-elf/4.1.2/../../../../nios2-elf/lib/mno-hw-mul/libc.a(lib_a-reallocr.o)
 .data          0x0080f800        0x0 /OPT/altera/12.1/tools/nios2eds/bin/gnu/H-i686-pc-linux-gnu/bin/../lib/gcc/nios2-elf/4.1.2/../../../../nios2-elf/lib/mno-hw-mul/libc.a(lib_a-sbrkr.o)
 .data          0x0080f800        0x0 /OPT/altera/12.1/tools/nios2eds/bin/gnu/H-i686-pc-linux-gnu/bin/../lib/gcc/nios2-elf/4.1.2/../../../../nios2-elf/lib/mno-hw-mul/libc.a(lib_a-wsetup.o)
 .data          0x0080f800        0x0 /OPT/altera/12.1/tools/nios2eds/bin/gnu/H-i686-pc-linux-gnu/bin/../lib/gcc/nios2-elf/4.1.2/../../../../nios2-elf/lib/mno-hw-mul/libc.a(lib_a-fflush.o)
 .data          0x0080f800        0x0 /OPT/altera/12.1/tools/nios2eds/bin/gnu/H-i686-pc-linux-gnu/bin/../lib/gcc/nios2-elf/4.1.2/../../../../nios2-elf/lib/mno-hw-mul/libc.a(lib_a-findfp.o)
 .data          0x0080f800        0x0 /OPT/altera/12.1/tools/nios2eds/bin/gnu/H-i686-pc-linux-gnu/bin/../lib/gcc/nios2-elf/4.1.2/../../../../nios2-elf/lib/mno-hw-mul/libc.a(lib_a-freer.o)
 .data          0x0080f800        0x0 /OPT/altera/12.1/tools/nios2eds/bin/gnu/H-i686-pc-linux-gnu/bin/../lib/gcc/nios2-elf/4.1.2/../../../../nios2-elf/lib/mno-hw-mul/libc.a(lib_a-fwalk.o)
 .data          0x0080f800        0x0 /OPT/altera/12.1/tools/nios2eds/bin/gnu/H-i686-pc-linux-gnu/bin/../lib/gcc/nios2-elf/4.1.2/../../../../nios2-elf/lib/mno-hw-mul/libc.a(lib_a-int_errno.o)
 .data          0x0080f800        0x0 /OPT/altera/12.1/tools/nios2eds/bin/gnu/H-i686-pc-linux-gnu/bin/../lib/gcc/nios2-elf/4.1.2/../../../../nios2-elf/lib/mno-hw-mul/libc.a(lib_a-makebuf.o)
 .data          0x0080f800        0x0 /OPT/altera/12.1/tools/nios2eds/bin/gnu/H-i686-pc-linux-gnu/bin/../lib/gcc/nios2-elf/4.1.2/../../../../nios2-elf/lib/mno-hw-mul/libc.a(lib_a-memset.o)
 .data          0x0080f800        0x0 /OPT/altera/12.1/tools/nios2eds/bin/gnu/H-i686-pc-linux-gnu/bin/../lib/gcc/nios2-elf/4.1.2/../../../../nios2-elf/lib/mno-hw-mul/libc.a(lib_a-stdio.o)
 .data          0x0080f800        0x0 /OPT/altera/12.1/tools/nios2eds/bin/gnu/H-i686-pc-linux-gnu/bin/../lib/gcc/nios2-elf/4.1.2/../../../../nios2-elf/lib/mno-hw-mul/libc.a(lib_a-writer.o)
 .data          0x0080f800        0x0 /OPT/altera/12.1/tools/nios2eds/bin/gnu/H-i686-pc-linux-gnu/bin/../lib/gcc/nios2-elf/4.1.2/../../../../nios2-elf/lib/mno-hw-mul/libc.a(lib_a-closer.o)
 .data          0x0080f800        0x0 /OPT/altera/12.1/tools/nios2eds/bin/gnu/H-i686-pc-linux-gnu/bin/../lib/gcc/nios2-elf/4.1.2/../../../../nios2-elf/lib/mno-hw-mul/libc.a(lib_a-fclose.o)
 .data          0x0080f800        0x0 /OPT/altera/12.1/tools/nios2eds/bin/gnu/H-i686-pc-linux-gnu/bin/../lib/gcc/nios2-elf/4.1.2/../../../../nios2-elf/lib/mno-hw-mul/libc.a(lib_a-fstatr.o)
 .data          0x0080f800        0x0 /OPT/altera/12.1/tools/nios2eds/bin/gnu/H-i686-pc-linux-gnu/bin/../lib/gcc/nios2-elf/4.1.2/../../../../nios2-elf/lib/mno-hw-mul/libc.a(lib_a-isattyr.o)
 .data          0x0080f800        0x0 /OPT/altera/12.1/tools/nios2eds/bin/gnu/H-i686-pc-linux-gnu/bin/../lib/gcc/nios2-elf/4.1.2/../../../../nios2-elf/lib/mno-hw-mul/libc.a(lib_a-lseekr.o)
 .data          0x0080f800        0x0 /OPT/altera/12.1/tools/nios2eds/bin/gnu/H-i686-pc-linux-gnu/bin/../lib/gcc/nios2-elf/4.1.2/../../../../nios2-elf/lib/mno-hw-mul/libc.a(lib_a-readr.o)
 .data          0x0080f800        0x0 ../Evo_Synth_bsp//libucosii_bsp.a(alt_close.o)
 .data          0x0080f800      0x1a8 ../Evo_Synth_bsp//libucosii_bsp.a(alt_dev.o)
                0x0080f800                alt_dev_null
                0x0080f828                alt_fd_list
 .data          0x0080f9a8        0x0 ../Evo_Synth_bsp//libucosii_bsp.a(alt_errno.o)
 .data          0x0080f9a8        0x0 ../Evo_Synth_bsp//libucosii_bsp.a(alt_fstat.o)
 .data          0x0080f9a8        0x0 ../Evo_Synth_bsp//libucosii_bsp.a(alt_isatty.o)
 .data          0x0080f9a8        0x0 ../Evo_Synth_bsp//libucosii_bsp.a(alt_load.o)
 .data          0x0080f9a8        0x0 ../Evo_Synth_bsp//libucosii_bsp.a(alt_lseek.o)
 .data          0x0080f9a8        0x0 ../Evo_Synth_bsp//libucosii_bsp.a(alt_main.o)
 .data          0x0080f9a8        0x0 ../Evo_Synth_bsp//libucosii_bsp.a(alt_read.o)
 .data          0x0080f9a8        0x0 ../Evo_Synth_bsp//libucosii_bsp.a(alt_release_fd.o)
 .data          0x0080f9a8        0x0 ../Evo_Synth_bsp//libucosii_bsp.a(alt_sbrk.o)
 .data          0x0080f9a8        0x0 ../Evo_Synth_bsp//libucosii_bsp.a(alt_write.o)
 .data          0x0080f9a8        0x0 ../Evo_Synth_bsp//libucosii_bsp.a(alt_env_lock.o)
 .data          0x0080f9a8        0x0 ../Evo_Synth_bsp//libucosii_bsp.a(alt_malloc_lock.o)
 .data          0x0080f9a8        0x0 ../Evo_Synth_bsp//libucosii_bsp.a(os_core.o)
 .data          0x0080f9a8        0x0 ../Evo_Synth_bsp//libucosii_bsp.a(os_dbg.o)
 .data          0x0080f9a8        0x0 ../Evo_Synth_bsp//libucosii_bsp.a(os_flag.o)
 .data          0x0080f9a8        0x0 ../Evo_Synth_bsp//libucosii_bsp.a(os_mem.o)
 .data          0x0080f9a8        0x0 ../Evo_Synth_bsp//libucosii_bsp.a(os_q.o)
 .data          0x0080f9a8        0x0 ../Evo_Synth_bsp//libucosii_bsp.a(os_sem.o)
 .data          0x0080f9a8        0x0 ../Evo_Synth_bsp//libucosii_bsp.a(os_task.o)
 .data          0x0080f9a8        0x0 ../Evo_Synth_bsp//libucosii_bsp.a(os_time.o)
 .data          0x0080f9a8     0x109c ../Evo_Synth_bsp//libucosii_bsp.a(alt_sys_init.o)
 .data          0x00810a44        0x0 ../Evo_Synth_bsp//libucosii_bsp.a(altera_avalon_jtag_uart_fd.o)
 .data          0x00810a44        0x0 ../Evo_Synth_bsp//libucosii_bsp.a(altera_avalon_jtag_uart_init.o)
 .data          0x00810a44        0x0 ../Evo_Synth_bsp//libucosii_bsp.a(altera_avalon_jtag_uart_ioctl.o)
 .data          0x00810a44        0x0 ../Evo_Synth_bsp//libucosii_bsp.a(altera_avalon_jtag_uart_read.o)
 .data          0x00810a44        0x0 ../Evo_Synth_bsp//libucosii_bsp.a(altera_avalon_jtag_uart_write.o)
 .data          0x00810a44        0x0 ../Evo_Synth_bsp//libucosii_bsp.a(altera_avalon_timer_sc.o)
 .data          0x00810a44        0x0 ../Evo_Synth_bsp//libucosii_bsp.a(altera_up_avalon_audio_and_video_config.o)
 .data          0x00810a44        0x0 ../Evo_Synth_bsp//libucosii_bsp.a(alt_alarm_start.o)
 .data          0x00810a44        0x0 ../Evo_Synth_bsp//libucosii_bsp.a(alt_dcache_flush_all.o)
 .data          0x00810a44        0x0 ../Evo_Synth_bsp//libucosii_bsp.a(alt_dev_llist_insert.o)
 .data          0x00810a44        0x0 ../Evo_Synth_bsp//libucosii_bsp.a(alt_do_ctors.o)
 .data          0x00810a44        0x0 ../Evo_Synth_bsp//libucosii_bsp.a(alt_do_dtors.o)
 .data          0x00810a44        0x0 ../Evo_Synth_bsp//libucosii_bsp.a(alt_find_dev.o)
 .data          0x00810a44        0x0 ../Evo_Synth_bsp//libucosii_bsp.a(alt_icache_flush_all.o)
 .data          0x00810a44        0x0 ../Evo_Synth_bsp//libucosii_bsp.a(alt_iic.o)
 .data          0x00810a44        0x0 ../Evo_Synth_bsp//libucosii_bsp.a(alt_iic_isr_register.o)
 .data          0x00810a44        0x0 ../Evo_Synth_bsp//libucosii_bsp.a(alt_io_redirect.o)
 .data          0x00810a44        0x0 ../Evo_Synth_bsp//libucosii_bsp.a(alt_irq_entry.o)
 .data          0x00810a44        0x0 ../Evo_Synth_bsp//libucosii_bsp.a(alt_irq_handler.o)
 .data          0x00810a44        0x0 ../Evo_Synth_bsp//libucosii_bsp.a(alt_irq_vars.o)
 .data          0x00810a44        0x0 ../Evo_Synth_bsp//libucosii_bsp.a(alt_open.o)
 .data          0x00810a44        0x0 ../Evo_Synth_bsp//libucosii_bsp.a(alt_tick.o)
 .data          0x00810a44        0x0 ../Evo_Synth_bsp//libucosii_bsp.a(altera_nios2_qsys_irq.o)
 .data          0x00810a44        0x0 ../Evo_Synth_bsp//libucosii_bsp.a(os_cpu_a.o)
 .data          0x00810a44        0x0 ../Evo_Synth_bsp//libucosii_bsp.a(os_cpu_c.o)
 .data          0x00810a44        0x0 ../Evo_Synth_bsp//libucosii_bsp.a(alt_exception_entry.o)
 .data          0x00810a44        0x0 ../Evo_Synth_bsp//libucosii_bsp.a(alt_find_file.o)
 .data          0x00810a44        0x0 ../Evo_Synth_bsp//libucosii_bsp.a(alt_get_fd.o)
 .data          0x00810a44        0x0 /OPT/altera/12.1/tools/nios2eds/bin/gnu/H-i686-pc-linux-gnu/bin/../lib/gcc/nios2-elf/4.1.2/../../../../nios2-elf/lib/mno-hw-mul/libc.a(lib_a-atexit.o)
 .data          0x00810a44        0x0 /OPT/altera/12.1/tools/nios2eds/bin/gnu/H-i686-pc-linux-gnu/bin/../lib/gcc/nios2-elf/4.1.2/../../../../nios2-elf/lib/mno-hw-mul/libc.a(lib_a-exit.o)
 .data          0x00810a44        0x0 /OPT/altera/12.1/tools/nios2eds/bin/gnu/H-i686-pc-linux-gnu/bin/../lib/gcc/nios2-elf/4.1.2/../../../../nios2-elf/lib/mno-hw-mul/libc.a(lib_a-memcmp.o)
 .data          0x00810a44        0x0 /OPT/altera/12.1/tools/nios2eds/bin/gnu/H-i686-pc-linux-gnu/bin/../lib/gcc/nios2-elf/4.1.2/../../../../nios2-elf/lib/mno-hw-mul/libc.a(lib_a-__atexit.o)
 .data          0x00810a44        0x0 /OPT/altera/12.1/tools/nios2eds/bin/gnu/H-i686-pc-linux-gnu/bin/../lib/gcc/nios2-elf/4.1.2/../../../../nios2-elf/lib/mno-hw-mul/libc.a(lib_a-__call_atexit.o)
 .data          0x00810a44        0x0 ../Evo_Synth_bsp//libucosii_bsp.a(alt_exit.o)
                0x00818a44                _gp = ABSOLUTE ((. + 0x8000))
                0x00818a44                PROVIDE (gp, _gp)
 *(.rwdata .rwdata.*)
 *(.sdata .sdata.* .gnu.linkonce.s.*)
 .sdata         0x00810a44        0x8 /OPT/altera/12.1/tools/nios2eds/bin/gnu/H-i686-pc-linux-gnu/bin/../lib/gcc/nios2-elf/4.1.2/../../../../nios2-elf/lib/mno-hw-mul/libc.a(lib_a-impure.o)
                0x00810a44                _impure_ptr
                0x00810a48                _global_impure_ptr
 .sdata         0x00810a4c        0x8 /OPT/altera/12.1/tools/nios2eds/bin/gnu/H-i686-pc-linux-gnu/bin/../lib/gcc/nios2-elf/4.1.2/../../../../nios2-elf/lib/mno-hw-mul/libc.a(lib_a-mallocr.o)
                0x00810a4c                __malloc_trim_threshold
                0x00810a50                __malloc_sbrk_base
 .sdata         0x00810a54       0x14 ../Evo_Synth_bsp//libucosii_bsp.a(alt_dev.o)
                0x00810a54                alt_fs_list
                0x00810a5c                alt_dev_list
                0x00810a64                alt_max_fd
 .sdata         0x00810a68        0x4 ../Evo_Synth_bsp//libucosii_bsp.a(alt_errno.o)
                0x00810a68                alt_errno
 .sdata         0x00810a6c        0x4 ../Evo_Synth_bsp//libucosii_bsp.a(alt_sbrk.o)
 .sdata         0x00810a70        0x4 ../Evo_Synth_bsp//libucosii_bsp.a(alt_env_lock.o)
 .sdata         0x00810a74        0x4 ../Evo_Synth_bsp//libucosii_bsp.a(alt_malloc_lock.o)
 .sdata         0x00810a78       0x74 ../Evo_Synth_bsp//libucosii_bsp.a(os_dbg.o)
                0x00810a78                OSDebugEn
                0x00810a7c                OSEndiannessTest
                0x00810a80                OSEventEn
                0x00810a82                OSEventMax
                0x00810a84                OSEventNameSize
                0x00810a86                OSEventSize
                0x00810a88                OSEventTblSize
                0x00810a8a                OSEventMultiEn
                0x00810a8c                OSFlagEn
                0x00810a8e                OSFlagGrpSize
                0x00810a90                OSFlagNodeSize
                0x00810a92                OSFlagWidth
                0x00810a94                OSFlagMax
                0x00810a96                OSFlagNameSize
                0x00810a98                OSLowestPrio
                0x00810a9a                OSMboxEn
                0x00810a9c                OSMemEn
                0x00810a9e                OSMemMax
                0x00810aa0                OSMemNameSize
                0x00810aa2                OSMemSize
                0x00810aa4                OSMemTblSize
                0x00810aa6                OSMutexEn
                0x00810aa8                OSPtrSize
                0x00810aaa                OSQEn
                0x00810aac                OSQMax
                0x00810aae                OSQSize
                0x00810ab0                OSRdyTblSize
                0x00810ab2                OSSemEn
                0x00810ab4                OSStkWidth
                0x00810ab6                OSTaskCreateEn
                0x00810ab8                OSTaskCreateExtEn
                0x00810aba                OSTaskDelEn
                0x00810abc                OSTaskIdleStkSize
                0x00810abe                OSTaskProfileEn
                0x00810ac0                OSTaskMax
                0x00810ac2                OSTaskNameSize
                0x00810ac4                OSTaskStatEn
                0x00810ac6                OSTaskStatStkSize
                0x00810ac8                OSTaskStatStkChkEn
                0x00810aca                OSTaskSwHookEn
                0x00810acc                OSTCBPrioTblMax
                0x00810ace                OSTCBSize
                0x00810ad0                OSTicksPerSec
                0x00810ad2                OSTimeTickHookEn
                0x00810ad4                OSVersionNbr
                0x00810ad6                OSTmrEn
                0x00810ad8                OSTmrCfgMax
                0x00810ada                OSTmrCfgNameSize
                0x00810adc                OSTmrCfgWheelSize
                0x00810ade                OSTmrCfgTicksPerSec
                0x00810ae0                OSTmrSize
                0x00810ae2                OSTmrTblSize
                0x00810ae4                OSTmrWheelSize
                0x00810ae6                OSTmrWheelTblSize
                0x00810ae8                OSDataSize
 .sdata         0x00810aec        0x4 ../Evo_Synth_bsp//libucosii_bsp.a(alt_irq_vars.o)
                0x00810aec                alt_priority_mask
 .sdata         0x00810af0        0x8 ../Evo_Synth_bsp//libucosii_bsp.a(alt_tick.o)
                0x00810af0                alt_alarm_list
 *(.sdata2 .sdata2.* .gnu.linkonce.s2.*)
                0x00810af8                . = ALIGN (0x4)
                0x00810af8                _edata = ABSOLUTE (.)
                0x00810af8                PROVIDE (edata, ABSOLUTE (.))
                0x00810af8                PROVIDE (__ram_rwdata_end, ABSOLUTE (.))
                0x00810af8                PROVIDE (__flash_rwdata_start, LOADADDR (.rwdata))

.bss            0x008125f8     0x5568
                0x008125f8                __bss_start = ABSOLUTE (.)
                0x008125f8                PROVIDE (__sbss_start, ABSOLUTE (.))
                0x008125f8                PROVIDE (___sbss_start, ABSOLUTE (.))
 *(.dynsbss)
 *(.sbss .sbss.* .gnu.linkonce.sb.*)
 .sbss          0x008125f8        0xc /OPT/altera/12.1/tools/nios2eds/bin/gnu/H-i686-pc-linux-gnu/bin/../lib/gcc/nios2-elf/4.1.2/../../../../nios2-elf/lib/mno-hw-mul/libc.a(lib_a-mallocr.o)
                0x008125f8                __malloc_top_pad
                0x008125fc                __malloc_max_sbrked_mem
                0x00812600                __malloc_max_total_mem
 .sbss          0x00812604        0x4 /OPT/altera/12.1/tools/nios2eds/bin/gnu/H-i686-pc-linux-gnu/bin/../lib/gcc/nios2-elf/4.1.2/../../../../nios2-elf/lib/mno-hw-mul/libc.a(lib_a-int_errno.o)
                0x00812604                errno
 .sbss          0x00812608        0x4 ../Evo_Synth_bsp//libucosii_bsp.a(alt_dev.o)
                0x00812608                alt_fd_list_lock
 .sbss          0x0081260c        0xc ../Evo_Synth_bsp//libucosii_bsp.a(alt_main.o)
                0x0081260c                alt_argc
                0x00812610                alt_argv
                0x00812614                alt_envp
 .sbss          0x00812618        0x8 ../Evo_Synth_bsp//libucosii_bsp.a(alt_env_lock.o)
                0x0081261c                alt_envsem
 .sbss          0x00812620        0x8 ../Evo_Synth_bsp//libucosii_bsp.a(alt_malloc_lock.o)
                0x00812624                alt_heapsem
 .sbss          0x00812628       0x50 ../Evo_Synth_bsp//libucosii_bsp.a(os_core.o)
                0x00812628                OSLockNesting
                0x00812629                OSRunning
                0x0081262c                OSIdleCtr
                0x00812630                OSPrioHighRdy
                0x00812631                OSPrioCur
                0x00812634                OSTCBList
                0x00812638                OSTickStepState
                0x0081263c                OSCtxSwCtr
                0x00812640                OSIdleCtrMax
                0x00812644                OSTCBFreeList
                0x00812648                OSCPUUsage
                0x00812649                OSTaskCtr
                0x0081264c                OSMemFreeList
                0x00812650                OSTCBHighRdy
                0x00812654                OSQFreeList
                0x00812658                OSRdyGrp
                0x00812659                OSRdyTbl
                0x0081265c                OSEventFreeList
                0x00812660                OSIntNesting
                0x00812664                OSTCBCur
                0x00812668                OSTime
                0x0081266c                OSFlagFreeList
                0x00812670                OSStatRdy
                0x00812674                OSIdleCtrRun
 .sbss          0x00812678        0x4 ../Evo_Synth_bsp//libucosii_bsp.a(alt_irq_vars.o)
                0x00812678                alt_irq_active
 .sbss          0x0081267c        0x8 ../Evo_Synth_bsp//libucosii_bsp.a(alt_tick.o)
                0x0081267c                _alt_tick_rate
                0x00812680                _alt_nticks
 *(.sbss2 .sbss2.* .gnu.linkonce.sb2.*)
 *(.scommon)
                0x00812684                PROVIDE (__sbss_end, ABSOLUTE (.))
                0x00812684                PROVIDE (___sbss_end, ABSOLUTE (.))
 *(.dynbss)
 *(.bss .bss.* .gnu.linkonce.b.*)
 .bss           0x00812684        0x0 ../Evo_Synth_bsp//obj/HAL/src/crt0.o
 .bss           0x00812684        0x0 obj/default/hello_ucosii.o
 .bss           0x00812684        0x0 /OPT/altera/12.1/tools/nios2eds/bin/gnu/H-i686-pc-linux-gnu/bin/../lib/gcc/nios2-elf/4.1.2/mno-hw-mul/libgcc.a(lib2-divmod.o)
 .bss           0x00812684        0x0 /OPT/altera/12.1/tools/nios2eds/bin/gnu/H-i686-pc-linux-gnu/bin/../lib/gcc/nios2-elf/4.1.2/mno-hw-mul/libgcc.a(lib2-mul.o)
 .bss           0x00812684        0x0 /OPT/altera/12.1/tools/nios2eds/bin/gnu/H-i686-pc-linux-gnu/bin/../lib/gcc/nios2-elf/4.1.2/../../../../nios2-elf/lib/mno-hw-mul/libc.a(lib_a-puts.o)
 .bss           0x00812684        0x0 /OPT/altera/12.1/tools/nios2eds/bin/gnu/H-i686-pc-linux-gnu/bin/../lib/gcc/nios2-elf/4.1.2/../../../../nios2-elf/lib/mno-hw-mul/libc.a(lib_a-strlen.o)
 .bss           0x00812684        0x0 /OPT/altera/12.1/tools/nios2eds/bin/gnu/H-i686-pc-linux-gnu/bin/../lib/gcc/nios2-elf/4.1.2/../../../../nios2-elf/lib/mno-hw-mul/libc.a(lib_a-fvwrite.o)
 .bss           0x00812684        0x0 /OPT/altera/12.1/tools/nios2eds/bin/gnu/H-i686-pc-linux-gnu/bin/../lib/gcc/nios2-elf/4.1.2/../../../../nios2-elf/lib/mno-hw-mul/libc.a(lib_a-impure.o)
 .bss           0x00812684       0x28 /OPT/altera/12.1/tools/nios2eds/bin/gnu/H-i686-pc-linux-gnu/bin/../lib/gcc/nios2-elf/4.1.2/../../../../nios2-elf/lib/mno-hw-mul/libc.a(lib_a-mallocr.o)
                0x00812684                __malloc_current_mallinfo
 .bss           0x008126ac        0x0 /OPT/altera/12.1/tools/nios2eds/bin/gnu/H-i686-pc-linux-gnu/bin/../lib/gcc/nios2-elf/4.1.2/../../../../nios2-elf/lib/mno-hw-mul/libc.a(lib_a-memchr.o)
 .bss           0x008126ac        0x0 /OPT/altera/12.1/tools/nios2eds/bin/gnu/H-i686-pc-linux-gnu/bin/../lib/gcc/nios2-elf/4.1.2/../../../../nios2-elf/lib/mno-hw-mul/libc.a(lib_a-memcpy.o)
 .bss           0x008126ac        0x0 /OPT/altera/12.1/tools/nios2eds/bin/gnu/H-i686-pc-linux-gnu/bin/../lib/gcc/nios2-elf/4.1.2/../../../../nios2-elf/lib/mno-hw-mul/libc.a(lib_a-memmove.o)
 .bss           0x008126ac        0x0 /OPT/altera/12.1/tools/nios2eds/bin/gnu/H-i686-pc-linux-gnu/bin/../lib/gcc/nios2-elf/4.1.2/../../../../nios2-elf/lib/mno-hw-mul/libc.a(lib_a-reallocr.o)
 .bss           0x008126ac        0x0 /OPT/altera/12.1/tools/nios2eds/bin/gnu/H-i686-pc-linux-gnu/bin/../lib/gcc/nios2-elf/4.1.2/../../../../nios2-elf/lib/mno-hw-mul/libc.a(lib_a-sbrkr.o)
 .bss           0x008126ac        0x0 /OPT/altera/12.1/tools/nios2eds/bin/gnu/H-i686-pc-linux-gnu/bin/../lib/gcc/nios2-elf/4.1.2/../../../../nios2-elf/lib/mno-hw-mul/libc.a(lib_a-wsetup.o)
 .bss           0x008126ac        0x0 /OPT/altera/12.1/tools/nios2eds/bin/gnu/H-i686-pc-linux-gnu/bin/../lib/gcc/nios2-elf/4.1.2/../../../../nios2-elf/lib/mno-hw-mul/libc.a(lib_a-fflush.o)
 .bss           0x008126ac        0x0 /OPT/altera/12.1/tools/nios2eds/bin/gnu/H-i686-pc-linux-gnu/bin/../lib/gcc/nios2-elf/4.1.2/../../../../nios2-elf/lib/mno-hw-mul/libc.a(lib_a-findfp.o)
 .bss           0x008126ac        0x0 /OPT/altera/12.1/tools/nios2eds/bin/gnu/H-i686-pc-linux-gnu/bin/../lib/gcc/nios2-elf/4.1.2/../../../../nios2-elf/lib/mno-hw-mul/libc.a(lib_a-freer.o)
 .bss           0x008126ac        0x0 /OPT/altera/12.1/tools/nios2eds/bin/gnu/H-i686-pc-linux-gnu/bin/../lib/gcc/nios2-elf/4.1.2/../../../../nios2-elf/lib/mno-hw-mul/libc.a(lib_a-fwalk.o)
 .bss           0x008126ac        0x0 /OPT/altera/12.1/tools/nios2eds/bin/gnu/H-i686-pc-linux-gnu/bin/../lib/gcc/nios2-elf/4.1.2/../../../../nios2-elf/lib/mno-hw-mul/libc.a(lib_a-int_errno.o)
 .bss           0x008126ac        0x0 /OPT/altera/12.1/tools/nios2eds/bin/gnu/H-i686-pc-linux-gnu/bin/../lib/gcc/nios2-elf/4.1.2/../../../../nios2-elf/lib/mno-hw-mul/libc.a(lib_a-makebuf.o)
 .bss           0x008126ac        0x0 /OPT/altera/12.1/tools/nios2eds/bin/gnu/H-i686-pc-linux-gnu/bin/../lib/gcc/nios2-elf/4.1.2/../../../../nios2-elf/lib/mno-hw-mul/libc.a(lib_a-memset.o)
 .bss           0x008126ac        0x0 /OPT/altera/12.1/tools/nios2eds/bin/gnu/H-i686-pc-linux-gnu/bin/../lib/gcc/nios2-elf/4.1.2/../../../../nios2-elf/lib/mno-hw-mul/libc.a(lib_a-stdio.o)
 .bss           0x008126ac        0x0 /OPT/altera/12.1/tools/nios2eds/bin/gnu/H-i686-pc-linux-gnu/bin/../lib/gcc/nios2-elf/4.1.2/../../../../nios2-elf/lib/mno-hw-mul/libc.a(lib_a-writer.o)
 .bss           0x008126ac        0x0 /OPT/altera/12.1/tools/nios2eds/bin/gnu/H-i686-pc-linux-gnu/bin/../lib/gcc/nios2-elf/4.1.2/../../../../nios2-elf/lib/mno-hw-mul/libc.a(lib_a-closer.o)
 .bss           0x008126ac        0x0 /OPT/altera/12.1/tools/nios2eds/bin/gnu/H-i686-pc-linux-gnu/bin/../lib/gcc/nios2-elf/4.1.2/../../../../nios2-elf/lib/mno-hw-mul/libc.a(lib_a-fclose.o)
 .bss           0x008126ac        0x0 /OPT/altera/12.1/tools/nios2eds/bin/gnu/H-i686-pc-linux-gnu/bin/../lib/gcc/nios2-elf/4.1.2/../../../../nios2-elf/lib/mno-hw-mul/libc.a(lib_a-fstatr.o)
 .bss           0x008126ac        0x0 /OPT/altera/12.1/tools/nios2eds/bin/gnu/H-i686-pc-linux-gnu/bin/../lib/gcc/nios2-elf/4.1.2/../../../../nios2-elf/lib/mno-hw-mul/libc.a(lib_a-isattyr.o)
 .bss           0x008126ac        0x0 /OPT/altera/12.1/tools/nios2eds/bin/gnu/H-i686-pc-linux-gnu/bin/../lib/gcc/nios2-elf/4.1.2/../../../../nios2-elf/lib/mno-hw-mul/libc.a(lib_a-lseekr.o)
 .bss           0x008126ac        0x0 /OPT/altera/12.1/tools/nios2eds/bin/gnu/H-i686-pc-linux-gnu/bin/../lib/gcc/nios2-elf/4.1.2/../../../../nios2-elf/lib/mno-hw-mul/libc.a(lib_a-readr.o)
 .bss           0x008126ac        0x0 ../Evo_Synth_bsp//libucosii_bsp.a(alt_close.o)
 .bss           0x008126ac        0x0 ../Evo_Synth_bsp//libucosii_bsp.a(alt_dev.o)
 .bss           0x008126ac        0x0 ../Evo_Synth_bsp//libucosii_bsp.a(alt_errno.o)
 .bss           0x008126ac        0x0 ../Evo_Synth_bsp//libucosii_bsp.a(alt_fstat.o)
 .bss           0x008126ac        0x0 ../Evo_Synth_bsp//libucosii_bsp.a(alt_isatty.o)
 .bss           0x008126ac        0x0 ../Evo_Synth_bsp//libucosii_bsp.a(alt_load.o)
 .bss           0x008126ac        0x0 ../Evo_Synth_bsp//libucosii_bsp.a(alt_lseek.o)
 .bss           0x008126ac        0x0 ../Evo_Synth_bsp//libucosii_bsp.a(alt_main.o)
 .bss           0x008126ac        0x0 ../Evo_Synth_bsp//libucosii_bsp.a(alt_read.o)
 .bss           0x008126ac        0x0 ../Evo_Synth_bsp//libucosii_bsp.a(alt_release_fd.o)
 .bss           0x008126ac        0x0 ../Evo_Synth_bsp//libucosii_bsp.a(alt_sbrk.o)
 .bss           0x008126ac        0x0 ../Evo_Synth_bsp//libucosii_bsp.a(alt_write.o)
 .bss           0x008126ac        0x0 ../Evo_Synth_bsp//libucosii_bsp.a(alt_env_lock.o)
 .bss           0x008126ac        0x0 ../Evo_Synth_bsp//libucosii_bsp.a(alt_malloc_lock.o)
 .bss           0x008126ac        0x0 ../Evo_Synth_bsp//libucosii_bsp.a(os_core.o)
 .bss           0x008126ac        0x0 ../Evo_Synth_bsp//libucosii_bsp.a(os_dbg.o)
 .bss           0x008126ac        0x0 ../Evo_Synth_bsp//libucosii_bsp.a(os_flag.o)
 .bss           0x008126ac        0x0 ../Evo_Synth_bsp//libucosii_bsp.a(os_mem.o)
 .bss           0x008126ac        0x0 ../Evo_Synth_bsp//libucosii_bsp.a(os_q.o)
 .bss           0x008126ac        0x0 ../Evo_Synth_bsp//libucosii_bsp.a(os_sem.o)
 .bss           0x008126ac        0x0 ../Evo_Synth_bsp//libucosii_bsp.a(os_task.o)
 .bss           0x008126ac        0x0 ../Evo_Synth_bsp//libucosii_bsp.a(os_time.o)
 .bss           0x008126ac        0x0 ../Evo_Synth_bsp//libucosii_bsp.a(alt_sys_init.o)
 .bss           0x008126ac        0x0 ../Evo_Synth_bsp//libucosii_bsp.a(altera_avalon_jtag_uart_fd.o)
 .bss           0x008126ac        0x0 ../Evo_Synth_bsp//libucosii_bsp.a(altera_avalon_jtag_uart_init.o)
 .bss           0x008126ac        0x0 ../Evo_Synth_bsp//libucosii_bsp.a(altera_avalon_jtag_uart_ioctl.o)
 .bss           0x008126ac        0x0 ../Evo_Synth_bsp//libucosii_bsp.a(altera_avalon_jtag_uart_read.o)
 .bss           0x008126ac        0x0 ../Evo_Synth_bsp//libucosii_bsp.a(altera_avalon_jtag_uart_write.o)
 .bss           0x008126ac        0x0 ../Evo_Synth_bsp//libucosii_bsp.a(altera_avalon_timer_sc.o)
 .bss           0x008126ac        0x0 ../Evo_Synth_bsp//libucosii_bsp.a(altera_up_avalon_audio_and_video_config.o)
 .bss           0x008126ac        0x0 ../Evo_Synth_bsp//libucosii_bsp.a(alt_alarm_start.o)
 .bss           0x008126ac        0x0 ../Evo_Synth_bsp//libucosii_bsp.a(alt_dcache_flush_all.o)
 .bss           0x008126ac        0x0 ../Evo_Synth_bsp//libucosii_bsp.a(alt_dev_llist_insert.o)
 .bss           0x008126ac        0x0 ../Evo_Synth_bsp//libucosii_bsp.a(alt_do_ctors.o)
 .bss           0x008126ac        0x0 ../Evo_Synth_bsp//libucosii_bsp.a(alt_do_dtors.o)
 .bss           0x008126ac        0x0 ../Evo_Synth_bsp//libucosii_bsp.a(alt_find_dev.o)
 .bss           0x008126ac        0x0 ../Evo_Synth_bsp//libucosii_bsp.a(alt_icache_flush_all.o)
 .bss           0x008126ac        0x0 ../Evo_Synth_bsp//libucosii_bsp.a(alt_iic.o)
 .bss           0x008126ac        0x0 ../Evo_Synth_bsp//libucosii_bsp.a(alt_iic_isr_register.o)
 .bss           0x008126ac        0x0 ../Evo_Synth_bsp//libucosii_bsp.a(alt_io_redirect.o)
 .bss           0x008126ac        0x0 ../Evo_Synth_bsp//libucosii_bsp.a(alt_irq_entry.o)
 .bss           0x008126ac        0x0 ../Evo_Synth_bsp//libucosii_bsp.a(alt_irq_handler.o)
 .bss           0x008126ac        0x0 ../Evo_Synth_bsp//libucosii_bsp.a(alt_irq_vars.o)
 .bss           0x008126ac        0x0 ../Evo_Synth_bsp//libucosii_bsp.a(alt_open.o)
 .bss           0x008126ac        0x0 ../Evo_Synth_bsp//libucosii_bsp.a(alt_tick.o)
 .bss           0x008126ac        0x0 ../Evo_Synth_bsp//libucosii_bsp.a(altera_nios2_qsys_irq.o)
 .bss           0x008126ac        0x0 ../Evo_Synth_bsp//libucosii_bsp.a(os_cpu_a.o)
 .bss           0x008126ac        0x0 ../Evo_Synth_bsp//libucosii_bsp.a(os_cpu_c.o)
 .bss           0x008126ac        0x0 ../Evo_Synth_bsp//libucosii_bsp.a(alt_exception_entry.o)
 .bss           0x008126ac        0x0 ../Evo_Synth_bsp//libucosii_bsp.a(alt_find_file.o)
 .bss           0x008126ac        0x0 ../Evo_Synth_bsp//libucosii_bsp.a(alt_get_fd.o)
 .bss           0x008126ac        0x0 /OPT/altera/12.1/tools/nios2eds/bin/gnu/H-i686-pc-linux-gnu/bin/../lib/gcc/nios2-elf/4.1.2/../../../../nios2-elf/lib/mno-hw-mul/libc.a(lib_a-atexit.o)
 .bss           0x008126ac        0x0 /OPT/altera/12.1/tools/nios2eds/bin/gnu/H-i686-pc-linux-gnu/bin/../lib/gcc/nios2-elf/4.1.2/../../../../nios2-elf/lib/mno-hw-mul/libc.a(lib_a-exit.o)
 .bss           0x008126ac        0x0 /OPT/altera/12.1/tools/nios2eds/bin/gnu/H-i686-pc-linux-gnu/bin/../lib/gcc/nios2-elf/4.1.2/../../../../nios2-elf/lib/mno-hw-mul/libc.a(lib_a-memcmp.o)
 .bss           0x008126ac        0x0 /OPT/altera/12.1/tools/nios2eds/bin/gnu/H-i686-pc-linux-gnu/bin/../lib/gcc/nios2-elf/4.1.2/../../../../nios2-elf/lib/mno-hw-mul/libc.a(lib_a-__atexit.o)
 .bss           0x008126ac        0x0 /OPT/altera/12.1/tools/nios2eds/bin/gnu/H-i686-pc-linux-gnu/bin/../lib/gcc/nios2-elf/4.1.2/../../../../nios2-elf/lib/mno-hw-mul/libc.a(lib_a-__call_atexit.o)
 .bss           0x008126ac        0x0 ../Evo_Synth_bsp//libucosii_bsp.a(alt_exit.o)
 *(COMMON)
 COMMON         0x008126ac     0x2000 obj/default/hello_ucosii.o
                0x008126ac                audio_data_task_stk
 COMMON         0x008146ac     0x3224 ../Evo_Synth_bsp//libucosii_bsp.a(os_core.o)
                0x008146ac                OSFlagTbl
                0x00814a1c                OSMemTbl
                0x0081564c                OSTaskStatStk
                0x00815e4c                OSQTbl
                0x0081602c                OSTaskIdleStk
                0x0081682c                OSEventTbl
                0x0081736c                OSTCBTbl
                0x0081787c                OSTCBPrioTbl
 COMMON         0x008178d0      0x100 ../Evo_Synth_bsp//libucosii_bsp.a(alt_irq_handler.o)
                0x008178d0                alt_irq
 COMMON         0x008179d0      0x190 /OPT/altera/12.1/tools/nios2eds/bin/gnu/H-i686-pc-linux-gnu/bin/../lib/gcc/nios2-elf/4.1.2/../../../../nios2-elf/lib/mno-hw-mul/libc.a(lib_a-atexit.o)
                0x008179d0                _atexit0
                0x00817b60                . = ALIGN (0x4)
                0x00817b60                __bss_end = ABSOLUTE (.)

.sdram_0        0x00817b60        0x0
                0x00817b60                PROVIDE (_alt_partition_sdram_0_start, ABSOLUTE (.))
 *(.sdram_0. sdram_0.*)
                0x00817b60                . = ALIGN (0x4)
                0x00817b60                PROVIDE (_alt_partition_sdram_0_end, ABSOLUTE (.))
                0x00817b60                _end = ABSOLUTE (.)
                0x00817b60                end = ABSOLUTE (.)
                0x00817b60                __alt_stack_base = ABSOLUTE (.)
                0x00817b60                PROVIDE (_alt_partition_sdram_0_load_addr, LOADADDR (.sdram_0))

.sram_0         0x01080000        0x0 load address 0x00817b60
                0x01080000                PROVIDE (_alt_partition_sram_0_start, ABSOLUTE (.))
 *(.sram_0. sram_0.*)
                0x01080000                . = ALIGN (0x4)
                0x01080000                PROVIDE (_alt_partition_sram_0_end, ABSOLUTE (.))
                0x00817b60                PROVIDE (_alt_partition_sram_0_load_addr, LOADADDR (.sram_0))

.onchip_memory2_0
                0x011041bc        0x0 load address 0x00817b60
                0x011041bc                PROVIDE (_alt_partition_onchip_memory2_0_start, ABSOLUTE (.))
 *(.onchip_memory2_0. onchip_memory2_0.*)
                0x011041bc                . = ALIGN (0x4)
                0x011041bc                PROVIDE (_alt_partition_onchip_memory2_0_end, ABSOLUTE (.))
                0x00817b60                PROVIDE (_alt_partition_onchip_memory2_0_load_addr, LOADADDR (.onchip_memory2_0))

.stab
 *(.stab)

.stabstr
 *(.stabstr)

.stab.excl
 *(.stab.excl)

.stab.exclstr
 *(.stab.exclstr)

.stab.index
 *(.stab.index)

.stab.indexstr
 *(.stab.indexstr)

.comment        0x00000000       0x26
 *(.comment)
 .comment       0x00000000       0x26 obj/default/hello_ucosii.o
                                 0x27 (size before relaxing)
 .comment       0x00000000       0x27 /OPT/altera/12.1/tools/nios2eds/bin/gnu/H-i686-pc-linux-gnu/bin/../lib/gcc/nios2-elf/4.1.2/mno-hw-mul/libgcc.a(lib2-divmod.o)
 .comment       0x00000000       0x27 /OPT/altera/12.1/tools/nios2eds/bin/gnu/H-i686-pc-linux-gnu/bin/../lib/gcc/nios2-elf/4.1.2/mno-hw-mul/libgcc.a(lib2-mul.o)
 .comment       0x00000000       0x27 /OPT/altera/12.1/tools/nios2eds/bin/gnu/H-i686-pc-linux-gnu/bin/../lib/gcc/nios2-elf/4.1.2/../../../../nios2-elf/lib/mno-hw-mul/libc.a(lib_a-puts.o)
 .comment       0x00000000       0x27 /OPT/altera/12.1/tools/nios2eds/bin/gnu/H-i686-pc-linux-gnu/bin/../lib/gcc/nios2-elf/4.1.2/../../../../nios2-elf/lib/mno-hw-mul/libc.a(lib_a-strlen.o)
 .comment       0x00000000       0x27 /OPT/altera/12.1/tools/nios2eds/bin/gnu/H-i686-pc-linux-gnu/bin/../lib/gcc/nios2-elf/4.1.2/../../../../nios2-elf/lib/mno-hw-mul/libc.a(lib_a-fvwrite.o)
 .comment       0x00000000       0x27 /OPT/altera/12.1/tools/nios2eds/bin/gnu/H-i686-pc-linux-gnu/bin/../lib/gcc/nios2-elf/4.1.2/../../../../nios2-elf/lib/mno-hw-mul/libc.a(lib_a-impure.o)
 .comment       0x00000000       0x27 /OPT/altera/12.1/tools/nios2eds/bin/gnu/H-i686-pc-linux-gnu/bin/../lib/gcc/nios2-elf/4.1.2/../../../../nios2-elf/lib/mno-hw-mul/libc.a(lib_a-mallocr.o)
 .comment       0x00000000       0x27 /OPT/altera/12.1/tools/nios2eds/bin/gnu/H-i686-pc-linux-gnu/bin/../lib/gcc/nios2-elf/4.1.2/../../../../nios2-elf/lib/mno-hw-mul/libc.a(lib_a-memchr.o)
 .comment       0x00000000       0x27 /OPT/altera/12.1/tools/nios2eds/bin/gnu/H-i686-pc-linux-gnu/bin/../lib/gcc/nios2-elf/4.1.2/../../../../nios2-elf/lib/mno-hw-mul/libc.a(lib_a-memcpy.o)
 .comment       0x00000000       0x27 /OPT/altera/12.1/tools/nios2eds/bin/gnu/H-i686-pc-linux-gnu/bin/../lib/gcc/nios2-elf/4.1.2/../../../../nios2-elf/lib/mno-hw-mul/libc.a(lib_a-memmove.o)
 .comment       0x00000000       0x27 /OPT/altera/12.1/tools/nios2eds/bin/gnu/H-i686-pc-linux-gnu/bin/../lib/gcc/nios2-elf/4.1.2/../../../../nios2-elf/lib/mno-hw-mul/libc.a(lib_a-reallocr.o)
 .comment       0x00000000       0x27 /OPT/altera/12.1/tools/nios2eds/bin/gnu/H-i686-pc-linux-gnu/bin/../lib/gcc/nios2-elf/4.1.2/../../../../nios2-elf/lib/mno-hw-mul/libc.a(lib_a-sbrkr.o)
 .comment       0x00000000       0x27 /OPT/altera/12.1/tools/nios2eds/bin/gnu/H-i686-pc-linux-gnu/bin/../lib/gcc/nios2-elf/4.1.2/../../../../nios2-elf/lib/mno-hw-mul/libc.a(lib_a-wsetup.o)
 .comment       0x00000000       0x27 /OPT/altera/12.1/tools/nios2eds/bin/gnu/H-i686-pc-linux-gnu/bin/../lib/gcc/nios2-elf/4.1.2/../../../../nios2-elf/lib/mno-hw-mul/libc.a(lib_a-fflush.o)
 .comment       0x00000000       0x27 /OPT/altera/12.1/tools/nios2eds/bin/gnu/H-i686-pc-linux-gnu/bin/../lib/gcc/nios2-elf/4.1.2/../../../../nios2-elf/lib/mno-hw-mul/libc.a(lib_a-findfp.o)
 .comment       0x00000000       0x27 /OPT/altera/12.1/tools/nios2eds/bin/gnu/H-i686-pc-linux-gnu/bin/../lib/gcc/nios2-elf/4.1.2/../../../../nios2-elf/lib/mno-hw-mul/libc.a(lib_a-freer.o)
 .comment       0x00000000       0x27 /OPT/altera/12.1/tools/nios2eds/bin/gnu/H-i686-pc-linux-gnu/bin/../lib/gcc/nios2-elf/4.1.2/../../../../nios2-elf/lib/mno-hw-mul/libc.a(lib_a-fwalk.o)
 .comment       0x00000000       0x27 /OPT/altera/12.1/tools/nios2eds/bin/gnu/H-i686-pc-linux-gnu/bin/../lib/gcc/nios2-elf/4.1.2/../../../../nios2-elf/lib/mno-hw-mul/libc.a(lib_a-int_errno.o)
 .comment       0x00000000       0x27 /OPT/altera/12.1/tools/nios2eds/bin/gnu/H-i686-pc-linux-gnu/bin/../lib/gcc/nios2-elf/4.1.2/../../../../nios2-elf/lib/mno-hw-mul/libc.a(lib_a-makebuf.o)
 .comment       0x00000000       0x27 /OPT/altera/12.1/tools/nios2eds/bin/gnu/H-i686-pc-linux-gnu/bin/../lib/gcc/nios2-elf/4.1.2/../../../../nios2-elf/lib/mno-hw-mul/libc.a(lib_a-memset.o)
 .comment       0x00000000       0x27 /OPT/altera/12.1/tools/nios2eds/bin/gnu/H-i686-pc-linux-gnu/bin/../lib/gcc/nios2-elf/4.1.2/../../../../nios2-elf/lib/mno-hw-mul/libc.a(lib_a-stdio.o)
 .comment       0x00000000       0x27 /OPT/altera/12.1/tools/nios2eds/bin/gnu/H-i686-pc-linux-gnu/bin/../lib/gcc/nios2-elf/4.1.2/../../../../nios2-elf/lib/mno-hw-mul/libc.a(lib_a-writer.o)
 .comment       0x00000000       0x27 /OPT/altera/12.1/tools/nios2eds/bin/gnu/H-i686-pc-linux-gnu/bin/../lib/gcc/nios2-elf/4.1.2/../../../../nios2-elf/lib/mno-hw-mul/libc.a(lib_a-closer.o)
 .comment       0x00000000       0x27 /OPT/altera/12.1/tools/nios2eds/bin/gnu/H-i686-pc-linux-gnu/bin/../lib/gcc/nios2-elf/4.1.2/../../../../nios2-elf/lib/mno-hw-mul/libc.a(lib_a-fclose.o)
 .comment       0x00000000       0x27 /OPT/altera/12.1/tools/nios2eds/bin/gnu/H-i686-pc-linux-gnu/bin/../lib/gcc/nios2-elf/4.1.2/../../../../nios2-elf/lib/mno-hw-mul/libc.a(lib_a-fstatr.o)
 .comment       0x00000000       0x27 /OPT/altera/12.1/tools/nios2eds/bin/gnu/H-i686-pc-linux-gnu/bin/../lib/gcc/nios2-elf/4.1.2/../../../../nios2-elf/lib/mno-hw-mul/libc.a(lib_a-isattyr.o)
 .comment       0x00000000       0x27 /OPT/altera/12.1/tools/nios2eds/bin/gnu/H-i686-pc-linux-gnu/bin/../lib/gcc/nios2-elf/4.1.2/../../../../nios2-elf/lib/mno-hw-mul/libc.a(lib_a-lseekr.o)
 .comment       0x00000000       0x27 /OPT/altera/12.1/tools/nios2eds/bin/gnu/H-i686-pc-linux-gnu/bin/../lib/gcc/nios2-elf/4.1.2/../../../../nios2-elf/lib/mno-hw-mul/libc.a(lib_a-readr.o)
 .comment       0x00000000       0x27 ../Evo_Synth_bsp//libucosii_bsp.a(alt_close.o)
 .comment       0x00000000       0x27 ../Evo_Synth_bsp//libucosii_bsp.a(alt_dev.o)
 .comment       0x00000000       0x27 ../Evo_Synth_bsp//libucosii_bsp.a(alt_errno.o)
 .comment       0x00000000       0x27 ../Evo_Synth_bsp//libucosii_bsp.a(alt_fstat.o)
 .comment       0x00000000       0x27 ../Evo_Synth_bsp//libucosii_bsp.a(alt_isatty.o)
 .comment       0x00000000       0x27 ../Evo_Synth_bsp//libucosii_bsp.a(alt_load.o)
 .comment       0x00000000       0x27 ../Evo_Synth_bsp//libucosii_bsp.a(alt_lseek.o)
 .comment       0x00000000       0x27 ../Evo_Synth_bsp//libucosii_bsp.a(alt_main.o)
 .comment       0x00000000       0x27 ../Evo_Synth_bsp//libucosii_bsp.a(alt_read.o)
 .comment       0x00000000       0x27 ../Evo_Synth_bsp//libucosii_bsp.a(alt_release_fd.o)
 .comment       0x00000000       0x27 ../Evo_Synth_bsp//libucosii_bsp.a(alt_sbrk.o)
 .comment       0x00000000       0x27 ../Evo_Synth_bsp//libucosii_bsp.a(alt_write.o)
 .comment       0x00000000       0x27 ../Evo_Synth_bsp//libucosii_bsp.a(alt_env_lock.o)
 .comment       0x00000000       0x27 ../Evo_Synth_bsp//libucosii_bsp.a(alt_malloc_lock.o)
 .comment       0x00000000       0x27 ../Evo_Synth_bsp//libucosii_bsp.a(os_core.o)
 .comment       0x00000000       0x27 ../Evo_Synth_bsp//libucosii_bsp.a(os_dbg.o)
 .comment       0x00000000       0x27 ../Evo_Synth_bsp//libucosii_bsp.a(os_flag.o)
 .comment       0x00000000       0x27 ../Evo_Synth_bsp//libucosii_bsp.a(os_mem.o)
 .comment       0x00000000       0x27 ../Evo_Synth_bsp//libucosii_bsp.a(os_q.o)
 .comment       0x00000000       0x27 ../Evo_Synth_bsp//libucosii_bsp.a(os_sem.o)
 .comment       0x00000000       0x27 ../Evo_Synth_bsp//libucosii_bsp.a(os_task.o)
 .comment       0x00000000       0x27 ../Evo_Synth_bsp//libucosii_bsp.a(os_time.o)
 .comment       0x00000000       0x27 ../Evo_Synth_bsp//libucosii_bsp.a(alt_sys_init.o)
 .comment       0x00000000       0x27 ../Evo_Synth_bsp//libucosii_bsp.a(altera_avalon_jtag_uart_fd.o)
 .comment       0x00000000       0x27 ../Evo_Synth_bsp//libucosii_bsp.a(altera_avalon_jtag_uart_init.o)
 .comment       0x00000000       0x27 ../Evo_Synth_bsp//libucosii_bsp.a(altera_avalon_jtag_uart_ioctl.o)
 .comment       0x00000000       0x27 ../Evo_Synth_bsp//libucosii_bsp.a(altera_avalon_jtag_uart_read.o)
 .comment       0x00000000       0x27 ../Evo_Synth_bsp//libucosii_bsp.a(altera_avalon_jtag_uart_write.o)
 .comment       0x00000000       0x27 ../Evo_Synth_bsp//libucosii_bsp.a(altera_avalon_timer_sc.o)
 .comment       0x00000000       0x27 ../Evo_Synth_bsp//libucosii_bsp.a(altera_up_avalon_audio_and_video_config.o)
 .comment       0x00000000       0x27 ../Evo_Synth_bsp//libucosii_bsp.a(alt_alarm_start.o)
 .comment       0x00000000       0x27 ../Evo_Synth_bsp//libucosii_bsp.a(alt_dcache_flush_all.o)
 .comment       0x00000000       0x27 ../Evo_Synth_bsp//libucosii_bsp.a(alt_dev_llist_insert.o)
 .comment       0x00000000       0x27 ../Evo_Synth_bsp//libucosii_bsp.a(alt_do_ctors.o)
 .comment       0x00000000       0x27 ../Evo_Synth_bsp//libucosii_bsp.a(alt_do_dtors.o)
 .comment       0x00000000       0x27 ../Evo_Synth_bsp//libucosii_bsp.a(alt_find_dev.o)
 .comment       0x00000000       0x27 ../Evo_Synth_bsp//libucosii_bsp.a(alt_icache_flush_all.o)
 .comment       0x00000000       0x27 ../Evo_Synth_bsp//libucosii_bsp.a(alt_iic.o)
 .comment       0x00000000       0x27 ../Evo_Synth_bsp//libucosii_bsp.a(alt_iic_isr_register.o)
 .comment       0x00000000       0x27 ../Evo_Synth_bsp//libucosii_bsp.a(alt_io_redirect.o)
 .comment       0x00000000       0x27 ../Evo_Synth_bsp//libucosii_bsp.a(alt_irq_handler.o)
 .comment       0x00000000       0x27 ../Evo_Synth_bsp//libucosii_bsp.a(alt_irq_vars.o)
 .comment       0x00000000       0x27 ../Evo_Synth_bsp//libucosii_bsp.a(alt_open.o)
 .comment       0x00000000       0x27 ../Evo_Synth_bsp//libucosii_bsp.a(alt_tick.o)
 .comment       0x00000000       0x27 ../Evo_Synth_bsp//libucosii_bsp.a(altera_nios2_qsys_irq.o)
 .comment       0x00000000       0x27 ../Evo_Synth_bsp//libucosii_bsp.a(os_cpu_c.o)
 .comment       0x00000000       0x27 ../Evo_Synth_bsp//libucosii_bsp.a(alt_find_file.o)
 .comment       0x00000000       0x27 ../Evo_Synth_bsp//libucosii_bsp.a(alt_get_fd.o)
 .comment       0x00000000       0x27 /OPT/altera/12.1/tools/nios2eds/bin/gnu/H-i686-pc-linux-gnu/bin/../lib/gcc/nios2-elf/4.1.2/../../../../nios2-elf/lib/mno-hw-mul/libc.a(lib_a-atexit.o)
 .comment       0x00000000       0x27 /OPT/altera/12.1/tools/nios2eds/bin/gnu/H-i686-pc-linux-gnu/bin/../lib/gcc/nios2-elf/4.1.2/../../../../nios2-elf/lib/mno-hw-mul/libc.a(lib_a-exit.o)
 .comment       0x00000000       0x27 /OPT/altera/12.1/tools/nios2eds/bin/gnu/H-i686-pc-linux-gnu/bin/../lib/gcc/nios2-elf/4.1.2/../../../../nios2-elf/lib/mno-hw-mul/libc.a(lib_a-memcmp.o)
 .comment       0x00000000       0x27 /OPT/altera/12.1/tools/nios2eds/bin/gnu/H-i686-pc-linux-gnu/bin/../lib/gcc/nios2-elf/4.1.2/../../../../nios2-elf/lib/mno-hw-mul/libc.a(lib_a-__atexit.o)
 .comment       0x00000000       0x27 /OPT/altera/12.1/tools/nios2eds/bin/gnu/H-i686-pc-linux-gnu/bin/../lib/gcc/nios2-elf/4.1.2/../../../../nios2-elf/lib/mno-hw-mul/libc.a(lib_a-__call_atexit.o)
 .comment       0x00000000       0x27 ../Evo_Synth_bsp//libucosii_bsp.a(alt_exit.o)

.debug
 *(.debug)

.line
 *(.line)

.debug_srcinfo
 *(.debug_srcinfo)

.debug_sfnames
 *(.debug_sfnames)

.debug_aranges  0x00000000      0xa98
 *(.debug_aranges)
 .debug_aranges
                0x00000000       0x28 ../Evo_Synth_bsp//obj/HAL/src/crt0.o
 .debug_aranges
                0x00000028       0x20 obj/default/hello_ucosii.o
 .debug_aranges
                0x00000048       0x20 /OPT/altera/12.1/tools/nios2eds/bin/gnu/H-i686-pc-linux-gnu/bin/../lib/gcc/nios2-elf/4.1.2/mno-hw-mul/libgcc.a(lib2-divmod.o)
 .debug_aranges
                0x00000068       0x20 /OPT/altera/12.1/tools/nios2eds/bin/gnu/H-i686-pc-linux-gnu/bin/../lib/gcc/nios2-elf/4.1.2/mno-hw-mul/libgcc.a(lib2-mul.o)
 .debug_aranges
                0x00000088       0x20 /OPT/altera/12.1/tools/nios2eds/bin/gnu/H-i686-pc-linux-gnu/bin/../lib/gcc/nios2-elf/4.1.2/../../../../nios2-elf/lib/mno-hw-mul/libc.a(lib_a-puts.o)
 .debug_aranges
                0x000000a8       0x20 /OPT/altera/12.1/tools/nios2eds/bin/gnu/H-i686-pc-linux-gnu/bin/../lib/gcc/nios2-elf/4.1.2/../../../../nios2-elf/lib/mno-hw-mul/libc.a(lib_a-strlen.o)
 .debug_aranges
                0x000000c8       0x20 /OPT/altera/12.1/tools/nios2eds/bin/gnu/H-i686-pc-linux-gnu/bin/../lib/gcc/nios2-elf/4.1.2/../../../../nios2-elf/lib/mno-hw-mul/libc.a(lib_a-fvwrite.o)
 .debug_aranges
                0x000000e8       0x20 /OPT/altera/12.1/tools/nios2eds/bin/gnu/H-i686-pc-linux-gnu/bin/../lib/gcc/nios2-elf/4.1.2/../../../../nios2-elf/lib/mno-hw-mul/libc.a(lib_a-mallocr.o)
 .debug_aranges
                0x00000108       0x20 /OPT/altera/12.1/tools/nios2eds/bin/gnu/H-i686-pc-linux-gnu/bin/../lib/gcc/nios2-elf/4.1.2/../../../../nios2-elf/lib/mno-hw-mul/libc.a(lib_a-memchr.o)
 .debug_aranges
                0x00000128       0x20 /OPT/altera/12.1/tools/nios2eds/bin/gnu/H-i686-pc-linux-gnu/bin/../lib/gcc/nios2-elf/4.1.2/../../../../nios2-elf/lib/mno-hw-mul/libc.a(lib_a-memcpy.o)
 .debug_aranges
                0x00000148       0x20 /OPT/altera/12.1/tools/nios2eds/bin/gnu/H-i686-pc-linux-gnu/bin/../lib/gcc/nios2-elf/4.1.2/../../../../nios2-elf/lib/mno-hw-mul/libc.a(lib_a-memmove.o)
 .debug_aranges
                0x00000168       0x20 /OPT/altera/12.1/tools/nios2eds/bin/gnu/H-i686-pc-linux-gnu/bin/../lib/gcc/nios2-elf/4.1.2/../../../../nios2-elf/lib/mno-hw-mul/libc.a(lib_a-reallocr.o)
 .debug_aranges
                0x00000188       0x20 /OPT/altera/12.1/tools/nios2eds/bin/gnu/H-i686-pc-linux-gnu/bin/../lib/gcc/nios2-elf/4.1.2/../../../../nios2-elf/lib/mno-hw-mul/libc.a(lib_a-sbrkr.o)
 .debug_aranges
                0x000001a8       0x20 /OPT/altera/12.1/tools/nios2eds/bin/gnu/H-i686-pc-linux-gnu/bin/../lib/gcc/nios2-elf/4.1.2/../../../../nios2-elf/lib/mno-hw-mul/libc.a(lib_a-wsetup.o)
 .debug_aranges
                0x000001c8       0x20 /OPT/altera/12.1/tools/nios2eds/bin/gnu/H-i686-pc-linux-gnu/bin/../lib/gcc/nios2-elf/4.1.2/../../../../nios2-elf/lib/mno-hw-mul/libc.a(lib_a-fflush.o)
 .debug_aranges
                0x000001e8       0x20 /OPT/altera/12.1/tools/nios2eds/bin/gnu/H-i686-pc-linux-gnu/bin/../lib/gcc/nios2-elf/4.1.2/../../../../nios2-elf/lib/mno-hw-mul/libc.a(lib_a-findfp.o)
 .debug_aranges
                0x00000208       0x20 /OPT/altera/12.1/tools/nios2eds/bin/gnu/H-i686-pc-linux-gnu/bin/../lib/gcc/nios2-elf/4.1.2/../../../../nios2-elf/lib/mno-hw-mul/libc.a(lib_a-freer.o)
 .debug_aranges
                0x00000228       0x20 /OPT/altera/12.1/tools/nios2eds/bin/gnu/H-i686-pc-linux-gnu/bin/../lib/gcc/nios2-elf/4.1.2/../../../../nios2-elf/lib/mno-hw-mul/libc.a(lib_a-fwalk.o)
 .debug_aranges
                0x00000248       0x20 /OPT/altera/12.1/tools/nios2eds/bin/gnu/H-i686-pc-linux-gnu/bin/../lib/gcc/nios2-elf/4.1.2/../../../../nios2-elf/lib/mno-hw-mul/libc.a(lib_a-makebuf.o)
 .debug_aranges
                0x00000268       0x20 /OPT/altera/12.1/tools/nios2eds/bin/gnu/H-i686-pc-linux-gnu/bin/../lib/gcc/nios2-elf/4.1.2/../../../../nios2-elf/lib/mno-hw-mul/libc.a(lib_a-memset.o)
 .debug_aranges
                0x00000288       0x20 /OPT/altera/12.1/tools/nios2eds/bin/gnu/H-i686-pc-linux-gnu/bin/../lib/gcc/nios2-elf/4.1.2/../../../../nios2-elf/lib/mno-hw-mul/libc.a(lib_a-stdio.o)
 .debug_aranges
                0x000002a8       0x20 /OPT/altera/12.1/tools/nios2eds/bin/gnu/H-i686-pc-linux-gnu/bin/../lib/gcc/nios2-elf/4.1.2/../../../../nios2-elf/lib/mno-hw-mul/libc.a(lib_a-writer.o)
 .debug_aranges
                0x000002c8       0x20 /OPT/altera/12.1/tools/nios2eds/bin/gnu/H-i686-pc-linux-gnu/bin/../lib/gcc/nios2-elf/4.1.2/../../../../nios2-elf/lib/mno-hw-mul/libc.a(lib_a-closer.o)
 .debug_aranges
                0x000002e8       0x20 /OPT/altera/12.1/tools/nios2eds/bin/gnu/H-i686-pc-linux-gnu/bin/../lib/gcc/nios2-elf/4.1.2/../../../../nios2-elf/lib/mno-hw-mul/libc.a(lib_a-fclose.o)
 .debug_aranges
                0x00000308       0x20 /OPT/altera/12.1/tools/nios2eds/bin/gnu/H-i686-pc-linux-gnu/bin/../lib/gcc/nios2-elf/4.1.2/../../../../nios2-elf/lib/mno-hw-mul/libc.a(lib_a-fstatr.o)
 .debug_aranges
                0x00000328       0x20 /OPT/altera/12.1/tools/nios2eds/bin/gnu/H-i686-pc-linux-gnu/bin/../lib/gcc/nios2-elf/4.1.2/../../../../nios2-elf/lib/mno-hw-mul/libc.a(lib_a-isattyr.o)
 .debug_aranges
                0x00000348       0x20 /OPT/altera/12.1/tools/nios2eds/bin/gnu/H-i686-pc-linux-gnu/bin/../lib/gcc/nios2-elf/4.1.2/../../../../nios2-elf/lib/mno-hw-mul/libc.a(lib_a-lseekr.o)
 .debug_aranges
                0x00000368       0x20 /OPT/altera/12.1/tools/nios2eds/bin/gnu/H-i686-pc-linux-gnu/bin/../lib/gcc/nios2-elf/4.1.2/../../../../nios2-elf/lib/mno-hw-mul/libc.a(lib_a-readr.o)
 .debug_aranges
                0x00000388       0x20 ../Evo_Synth_bsp//libucosii_bsp.a(alt_close.o)
 .debug_aranges
                0x000003a8       0x20 ../Evo_Synth_bsp//libucosii_bsp.a(alt_dev.o)
 .debug_aranges
                0x000003c8       0x20 ../Evo_Synth_bsp//libucosii_bsp.a(alt_fstat.o)
 .debug_aranges
                0x000003e8       0x20 ../Evo_Synth_bsp//libucosii_bsp.a(alt_isatty.o)
 .debug_aranges
                0x00000408       0x20 ../Evo_Synth_bsp//libucosii_bsp.a(alt_load.o)
 .debug_aranges
                0x00000428       0x20 ../Evo_Synth_bsp//libucosii_bsp.a(alt_lseek.o)
 .debug_aranges
                0x00000448       0x20 ../Evo_Synth_bsp//libucosii_bsp.a(alt_main.o)
 .debug_aranges
                0x00000468       0x20 ../Evo_Synth_bsp//libucosii_bsp.a(alt_read.o)
 .debug_aranges
                0x00000488       0x20 ../Evo_Synth_bsp//libucosii_bsp.a(alt_release_fd.o)
 .debug_aranges
                0x000004a8       0x20 ../Evo_Synth_bsp//libucosii_bsp.a(alt_sbrk.o)
 .debug_aranges
                0x000004c8       0x20 ../Evo_Synth_bsp//libucosii_bsp.a(alt_write.o)
 .debug_aranges
                0x000004e8       0x20 ../Evo_Synth_bsp//libucosii_bsp.a(alt_env_lock.o)
 .debug_aranges
                0x00000508       0x20 ../Evo_Synth_bsp//libucosii_bsp.a(alt_malloc_lock.o)
 .debug_aranges
                0x00000528       0x20 ../Evo_Synth_bsp//libucosii_bsp.a(os_core.o)
 .debug_aranges
                0x00000548       0x20 ../Evo_Synth_bsp//libucosii_bsp.a(os_dbg.o)
 .debug_aranges
                0x00000568       0x20 ../Evo_Synth_bsp//libucosii_bsp.a(os_flag.o)
 .debug_aranges
                0x00000588       0x20 ../Evo_Synth_bsp//libucosii_bsp.a(os_mem.o)
 .debug_aranges
                0x000005a8       0x20 ../Evo_Synth_bsp//libucosii_bsp.a(os_q.o)
 .debug_aranges
                0x000005c8       0x20 ../Evo_Synth_bsp//libucosii_bsp.a(os_sem.o)
 .debug_aranges
                0x000005e8       0x20 ../Evo_Synth_bsp//libucosii_bsp.a(os_task.o)
 .debug_aranges
                0x00000608       0x20 ../Evo_Synth_bsp//libucosii_bsp.a(os_time.o)
 .debug_aranges
                0x00000628       0x20 ../Evo_Synth_bsp//libucosii_bsp.a(alt_sys_init.o)
 .debug_aranges
                0x00000648       0x20 ../Evo_Synth_bsp//libucosii_bsp.a(altera_avalon_jtag_uart_fd.o)
 .debug_aranges
                0x00000668       0x20 ../Evo_Synth_bsp//libucosii_bsp.a(altera_avalon_jtag_uart_init.o)
 .debug_aranges
                0x00000688       0x20 ../Evo_Synth_bsp//libucosii_bsp.a(altera_avalon_jtag_uart_ioctl.o)
 .debug_aranges
                0x000006a8       0x20 ../Evo_Synth_bsp//libucosii_bsp.a(altera_avalon_jtag_uart_read.o)
 .debug_aranges
                0x000006c8       0x20 ../Evo_Synth_bsp//libucosii_bsp.a(altera_avalon_jtag_uart_write.o)
 .debug_aranges
                0x000006e8       0x20 ../Evo_Synth_bsp//libucosii_bsp.a(altera_avalon_timer_sc.o)
 .debug_aranges
                0x00000708       0x20 ../Evo_Synth_bsp//libucosii_bsp.a(altera_up_avalon_audio_and_video_config.o)
 .debug_aranges
                0x00000728       0x20 ../Evo_Synth_bsp//libucosii_bsp.a(alt_alarm_start.o)
 .debug_aranges
                0x00000748       0x20 ../Evo_Synth_bsp//libucosii_bsp.a(alt_dcache_flush_all.o)
 .debug_aranges
                0x00000768       0x20 ../Evo_Synth_bsp//libucosii_bsp.a(alt_dev_llist_insert.o)
 .debug_aranges
                0x00000788       0x20 ../Evo_Synth_bsp//libucosii_bsp.a(alt_do_ctors.o)
 .debug_aranges
                0x000007a8       0x20 ../Evo_Synth_bsp//libucosii_bsp.a(alt_do_dtors.o)
 .debug_aranges
                0x000007c8       0x20 ../Evo_Synth_bsp//libucosii_bsp.a(alt_find_dev.o)
 .debug_aranges
                0x000007e8       0x20 ../Evo_Synth_bsp//libucosii_bsp.a(alt_icache_flush_all.o)
 .debug_aranges
                0x00000808       0x20 ../Evo_Synth_bsp//libucosii_bsp.a(alt_iic.o)
 .debug_aranges
                0x00000828       0x20 ../Evo_Synth_bsp//libucosii_bsp.a(alt_iic_isr_register.o)
 .debug_aranges
                0x00000848       0x20 ../Evo_Synth_bsp//libucosii_bsp.a(alt_io_redirect.o)
 .debug_aranges
                0x00000868       0x30 ../Evo_Synth_bsp//libucosii_bsp.a(alt_irq_entry.o)
 .debug_aranges
                0x00000898       0x28 ../Evo_Synth_bsp//libucosii_bsp.a(alt_irq_handler.o)
 .debug_aranges
                0x000008c0       0x20 ../Evo_Synth_bsp//libucosii_bsp.a(alt_open.o)
 .debug_aranges
                0x000008e0       0x20 ../Evo_Synth_bsp//libucosii_bsp.a(alt_tick.o)
 .debug_aranges
                0x00000900       0x20 ../Evo_Synth_bsp//libucosii_bsp.a(altera_nios2_qsys_irq.o)
 .debug_aranges
                0x00000920       0x20 ../Evo_Synth_bsp//libucosii_bsp.a(os_cpu_a.o)
 .debug_aranges
                0x00000940       0x20 ../Evo_Synth_bsp//libucosii_bsp.a(os_cpu_c.o)
 .debug_aranges
                0x00000960       0x38 ../Evo_Synth_bsp//libucosii_bsp.a(alt_exception_entry.o)
 .debug_aranges
                0x00000998       0x20 ../Evo_Synth_bsp//libucosii_bsp.a(alt_find_file.o)
 .debug_aranges
                0x000009b8       0x20 ../Evo_Synth_bsp//libucosii_bsp.a(alt_get_fd.o)
 .debug_aranges
                0x000009d8       0x20 /OPT/altera/12.1/tools/nios2eds/bin/gnu/H-i686-pc-linux-gnu/bin/../lib/gcc/nios2-elf/4.1.2/../../../../nios2-elf/lib/mno-hw-mul/libc.a(lib_a-atexit.o)
 .debug_aranges
                0x000009f8       0x20 /OPT/altera/12.1/tools/nios2eds/bin/gnu/H-i686-pc-linux-gnu/bin/../lib/gcc/nios2-elf/4.1.2/../../../../nios2-elf/lib/mno-hw-mul/libc.a(lib_a-exit.o)
 .debug_aranges
                0x00000a18       0x20 /OPT/altera/12.1/tools/nios2eds/bin/gnu/H-i686-pc-linux-gnu/bin/../lib/gcc/nios2-elf/4.1.2/../../../../nios2-elf/lib/mno-hw-mul/libc.a(lib_a-memcmp.o)
 .debug_aranges
                0x00000a38       0x20 /OPT/altera/12.1/tools/nios2eds/bin/gnu/H-i686-pc-linux-gnu/bin/../lib/gcc/nios2-elf/4.1.2/../../../../nios2-elf/lib/mno-hw-mul/libc.a(lib_a-__atexit.o)
 .debug_aranges
                0x00000a58       0x20 /OPT/altera/12.1/tools/nios2eds/bin/gnu/H-i686-pc-linux-gnu/bin/../lib/gcc/nios2-elf/4.1.2/../../../../nios2-elf/lib/mno-hw-mul/libc.a(lib_a-__call_atexit.o)
 .debug_aranges
                0x00000a78       0x20 ../Evo_Synth_bsp//libucosii_bsp.a(alt_exit.o)

.debug_pubnames
                0x00000000     0x1d1e
 *(.debug_pubnames)
 .debug_pubnames
                0x00000000       0x47 obj/default/hello_ucosii.o
 .debug_pubnames
                0x00000047       0x48 /OPT/altera/12.1/tools/nios2eds/bin/gnu/H-i686-pc-linux-gnu/bin/../lib/gcc/nios2-elf/4.1.2/mno-hw-mul/libgcc.a(lib2-divmod.o)
 .debug_pubnames
                0x0000008f       0x1f /OPT/altera/12.1/tools/nios2eds/bin/gnu/H-i686-pc-linux-gnu/bin/../lib/gcc/nios2-elf/4.1.2/mno-hw-mul/libgcc.a(lib2-mul.o)
 .debug_pubnames
                0x000000ae       0x27 /OPT/altera/12.1/tools/nios2eds/bin/gnu/H-i686-pc-linux-gnu/bin/../lib/gcc/nios2-elf/4.1.2/../../../../nios2-elf/lib/mno-hw-mul/libc.a(lib_a-puts.o)
 .debug_pubnames
                0x000000d5       0x1d /OPT/altera/12.1/tools/nios2eds/bin/gnu/H-i686-pc-linux-gnu/bin/../lib/gcc/nios2-elf/4.1.2/../../../../nios2-elf/lib/mno-hw-mul/libc.a(lib_a-strlen.o)
 .debug_pubnames
                0x000000f2       0x23 /OPT/altera/12.1/tools/nios2eds/bin/gnu/H-i686-pc-linux-gnu/bin/../lib/gcc/nios2-elf/4.1.2/../../../../nios2-elf/lib/mno-hw-mul/libc.a(lib_a-fvwrite.o)
 .debug_pubnames
                0x00000115       0x39 /OPT/altera/12.1/tools/nios2eds/bin/gnu/H-i686-pc-linux-gnu/bin/../lib/gcc/nios2-elf/4.1.2/../../../../nios2-elf/lib/mno-hw-mul/libc.a(lib_a-impure.o)
 .debug_pubnames
                0x0000014e       0xce /OPT/altera/12.1/tools/nios2eds/bin/gnu/H-i686-pc-linux-gnu/bin/../lib/gcc/nios2-elf/4.1.2/../../../../nios2-elf/lib/mno-hw-mul/libc.a(lib_a-mallocr.o)
 .debug_pubnames
                0x0000021c       0x1d /OPT/altera/12.1/tools/nios2eds/bin/gnu/H-i686-pc-linux-gnu/bin/../lib/gcc/nios2-elf/4.1.2/../../../../nios2-elf/lib/mno-hw-mul/libc.a(lib_a-memchr.o)
 .debug_pubnames
                0x00000239       0x1d /OPT/altera/12.1/tools/nios2eds/bin/gnu/H-i686-pc-linux-gnu/bin/../lib/gcc/nios2-elf/4.1.2/../../../../nios2-elf/lib/mno-hw-mul/libc.a(lib_a-memcpy.o)
 .debug_pubnames
                0x00000256       0x1e /OPT/altera/12.1/tools/nios2eds/bin/gnu/H-i686-pc-linux-gnu/bin/../lib/gcc/nios2-elf/4.1.2/../../../../nios2-elf/lib/mno-hw-mul/libc.a(lib_a-memmove.o)
 .debug_pubnames
                0x00000274       0x21 /OPT/altera/12.1/tools/nios2eds/bin/gnu/H-i686-pc-linux-gnu/bin/../lib/gcc/nios2-elf/4.1.2/../../../../nios2-elf/lib/mno-hw-mul/libc.a(lib_a-reallocr.o)
 .debug_pubnames
                0x00000295       0x1e /OPT/altera/12.1/tools/nios2eds/bin/gnu/H-i686-pc-linux-gnu/bin/../lib/gcc/nios2-elf/4.1.2/../../../../nios2-elf/lib/mno-hw-mul/libc.a(lib_a-sbrkr.o)
 .debug_pubnames
                0x000002b3       0x22 /OPT/altera/12.1/tools/nios2eds/bin/gnu/H-i686-pc-linux-gnu/bin/../lib/gcc/nios2-elf/4.1.2/../../../../nios2-elf/lib/mno-hw-mul/libc.a(lib_a-wsetup.o)
 .debug_pubnames
                0x000002d5       0x2b /OPT/altera/12.1/tools/nios2eds/bin/gnu/H-i686-pc-linux-gnu/bin/../lib/gcc/nios2-elf/4.1.2/../../../../nios2-elf/lib/mno-hw-mul/libc.a(lib_a-fflush.o)
 .debug_pubnames
                0x00000300       0xdb /OPT/altera/12.1/tools/nios2eds/bin/gnu/H-i686-pc-linux-gnu/bin/../lib/gcc/nios2-elf/4.1.2/../../../../nios2-elf/lib/mno-hw-mul/libc.a(lib_a-findfp.o)
 .debug_pubnames
                0x000003db       0x31 /OPT/altera/12.1/tools/nios2eds/bin/gnu/H-i686-pc-linux-gnu/bin/../lib/gcc/nios2-elf/4.1.2/../../../../nios2-elf/lib/mno-hw-mul/libc.a(lib_a-freer.o)
 .debug_pubnames
                0x0000040c       0x2e /OPT/altera/12.1/tools/nios2eds/bin/gnu/H-i686-pc-linux-gnu/bin/../lib/gcc/nios2-elf/4.1.2/../../../../nios2-elf/lib/mno-hw-mul/libc.a(lib_a-fwalk.o)
 .debug_pubnames
                0x0000043a       0x1c /OPT/altera/12.1/tools/nios2eds/bin/gnu/H-i686-pc-linux-gnu/bin/../lib/gcc/nios2-elf/4.1.2/../../../../nios2-elf/lib/mno-hw-mul/libc.a(lib_a-int_errno.o)
 .debug_pubnames
                0x00000456       0x23 /OPT/altera/12.1/tools/nios2eds/bin/gnu/H-i686-pc-linux-gnu/bin/../lib/gcc/nios2-elf/4.1.2/../../../../nios2-elf/lib/mno-hw-mul/libc.a(lib_a-makebuf.o)
 .debug_pubnames
                0x00000479       0x1d /OPT/altera/12.1/tools/nios2eds/bin/gnu/H-i686-pc-linux-gnu/bin/../lib/gcc/nios2-elf/4.1.2/../../../../nios2-elf/lib/mno-hw-mul/libc.a(lib_a-memset.o)
 .debug_pubnames
                0x00000496       0x44 /OPT/altera/12.1/tools/nios2eds/bin/gnu/H-i686-pc-linux-gnu/bin/../lib/gcc/nios2-elf/4.1.2/../../../../nios2-elf/lib/mno-hw-mul/libc.a(lib_a-stdio.o)
 .debug_pubnames
                0x000004da       0x1f /OPT/altera/12.1/tools/nios2eds/bin/gnu/H-i686-pc-linux-gnu/bin/../lib/gcc/nios2-elf/4.1.2/../../../../nios2-elf/lib/mno-hw-mul/libc.a(lib_a-writer.o)
 .debug_pubnames
                0x000004f9       0x1f /OPT/altera/12.1/tools/nios2eds/bin/gnu/H-i686-pc-linux-gnu/bin/../lib/gcc/nios2-elf/4.1.2/../../../../nios2-elf/lib/mno-hw-mul/libc.a(lib_a-closer.o)
 .debug_pubnames
                0x00000518       0x2b /OPT/altera/12.1/tools/nios2eds/bin/gnu/H-i686-pc-linux-gnu/bin/../lib/gcc/nios2-elf/4.1.2/../../../../nios2-elf/lib/mno-hw-mul/libc.a(lib_a-fclose.o)
 .debug_pubnames
                0x00000543       0x1f /OPT/altera/12.1/tools/nios2eds/bin/gnu/H-i686-pc-linux-gnu/bin/../lib/gcc/nios2-elf/4.1.2/../../../../nios2-elf/lib/mno-hw-mul/libc.a(lib_a-fstatr.o)
 .debug_pubnames
                0x00000562       0x20 /OPT/altera/12.1/tools/nios2eds/bin/gnu/H-i686-pc-linux-gnu/bin/../lib/gcc/nios2-elf/4.1.2/../../../../nios2-elf/lib/mno-hw-mul/libc.a(lib_a-isattyr.o)
 .debug_pubnames
                0x00000582       0x1f /OPT/altera/12.1/tools/nios2eds/bin/gnu/H-i686-pc-linux-gnu/bin/../lib/gcc/nios2-elf/4.1.2/../../../../nios2-elf/lib/mno-hw-mul/libc.a(lib_a-lseekr.o)
 .debug_pubnames
                0x000005a1       0x1e /OPT/altera/12.1/tools/nios2eds/bin/gnu/H-i686-pc-linux-gnu/bin/../lib/gcc/nios2-elf/4.1.2/../../../../nios2-elf/lib/mno-hw-mul/libc.a(lib_a-readr.o)
 .debug_pubnames
                0x000005bf       0x1c ../Evo_Synth_bsp//libucosii_bsp.a(alt_close.o)
 .debug_pubnames
                0x000005db       0x78 ../Evo_Synth_bsp//libucosii_bsp.a(alt_dev.o)
 .debug_pubnames
                0x00000653       0x20 ../Evo_Synth_bsp//libucosii_bsp.a(alt_errno.o)
 .debug_pubnames