Archive member included because of file (symbol)

/OPT/altera/12.1/tools/nios2eds/bin/gnu/H-i686-pc-linux-gnu/bin/../lib/gcc/nios2-elf/4.1.2/../../../../nios2-elf/lib/mno-hw-mul/libc.a(lib_a-puts.o)
                              obj/default/hello_ucosii.o (puts)
/OPT/altera/12.1/tools/nios2eds/bin/gnu/H-i686-pc-linux-gnu/bin/../lib/gcc/nios2-elf/4.1.2/../../../../nios2-elf/lib/mno-hw-mul/libc.a(lib_a-strlen.o)
                              /OPT/altera/12.1/tools/nios2eds/bin/gnu/H-i686-pc-linux-gnu/bin/../lib/gcc/nios2-elf/4.1.2/../../../../nios2-elf/lib/mno-hw-mul/libc.a(lib_a-puts.o) (strlen)
/OPT/altera/12.1/tools/nios2eds/bin/gnu/H-i686-pc-linux-gnu/bin/../lib/gcc/nios2-elf/4.1.2/../../../../nios2-elf/lib/mno-hw-mul/libc.a(lib_a-fvwrite.o)
                              /OPT/altera/12.1/tools/nios2eds/bin/gnu/H-i686-pc-linux-gnu/bin/../lib/gcc/nios2-elf/4.1.2/../../../../nios2-elf/lib/mno-hw-mul/libc.a(lib_a-puts.o) (__sfvwrite_r)
/OPT/altera/12.1/tools/nios2eds/bin/gnu/H-i686-pc-linux-gnu/bin/../lib/gcc/nios2-elf/4.1.2/../../../../nios2-elf/lib/mno-hw-mul/libc.a(lib_a-impure.o)
                              /OPT/altera/12.1/tools/nios2eds/bin/gnu/H-i686-pc-linux-gnu/bin/../lib/gcc/nios2-elf/4.1.2/../../../../nios2-elf/lib/mno-hw-mul/libc.a(lib_a-puts.o) (_impure_ptr)
/OPT/altera/12.1/tools/nios2eds/bin/gnu/H-i686-pc-linux-gnu/bin/../lib/gcc/nios2-elf/4.1.2/../../../../nios2-elf/lib/mno-hw-mul/libc.a(lib_a-mallocr.o)
                              /OPT/altera/12.1/tools/nios2eds/bin/gnu/H-i686-pc-linux-gnu/bin/../lib/gcc/nios2-elf/4.1.2/../../../../nios2-elf/lib/mno-hw-mul/libc.a(lib_a-fvwrite.o) (_malloc_r)
/OPT/altera/12.1/tools/nios2eds/bin/gnu/H-i686-pc-linux-gnu/bin/../lib/gcc/nios2-elf/4.1.2/../../../../nios2-elf/lib/mno-hw-mul/libc.a(lib_a-memchr.o)
                              /OPT/altera/12.1/tools/nios2eds/bin/gnu/H-i686-pc-linux-gnu/bin/../lib/gcc/nios2-elf/4.1.2/../../../../nios2-elf/lib/mno-hw-mul/libc.a(lib_a-fvwrite.o) (memchr)
/OPT/altera/12.1/tools/nios2eds/bin/gnu/H-i686-pc-linux-gnu/bin/../lib/gcc/nios2-elf/4.1.2/../../../../nios2-elf/lib/mno-hw-mul/libc.a(lib_a-memcpy.o)
                              /OPT/altera/12.1/tools/nios2eds/bin/gnu/H-i686-pc-linux-gnu/bin/../lib/gcc/nios2-elf/4.1.2/../../../../nios2-elf/lib/mno-hw-mul/libc.a(lib_a-fvwrite.o) (memcpy)
/OPT/altera/12.1/tools/nios2eds/bin/gnu/H-i686-pc-linux-gnu/bin/../lib/gcc/nios2-elf/4.1.2/../../../../nios2-elf/lib/mno-hw-mul/libc.a(lib_a-memmove.o)
                              /OPT/altera/12.1/tools/nios2eds/bin/gnu/H-i686-pc-linux-gnu/bin/../lib/gcc/nios2-elf/4.1.2/../../../../nios2-elf/lib/mno-hw-mul/libc.a(lib_a-fvwrite.o) (memmove)
/OPT/altera/12.1/tools/nios2eds/bin/gnu/H-i686-pc-linux-gnu/bin/../lib/gcc/nios2-elf/4.1.2/../../../../nios2-elf/lib/mno-hw-mul/libc.a(lib_a-reallocr.o)
                              /OPT/altera/12.1/tools/nios2eds/bin/gnu/H-i686-pc-linux-gnu/bin/../lib/gcc/nios2-elf/4.1.2/../../../../nios2-elf/lib/mno-hw-mul/libc.a(lib_a-fvwrite.o) (_realloc_r)
/OPT/altera/12.1/tools/nios2eds/bin/gnu/H-i686-pc-linux-gnu/bin/../lib/gcc/nios2-elf/4.1.2/../../../../nios2-elf/lib/mno-hw-mul/libc.a(lib_a-sbrkr.o)
                              /OPT/altera/12.1/tools/nios2eds/bin/gnu/H-i686-pc-linux-gnu/bin/../lib/gcc/nios2-elf/4.1.2/../../../../nios2-elf/lib/mno-hw-mul/libc.a(lib_a-mallocr.o) (_sbrk_r)
/OPT/altera/12.1/tools/nios2eds/bin/gnu/H-i686-pc-linux-gnu/bin/../lib/gcc/nios2-elf/4.1.2/../../../../nios2-elf/lib/mno-hw-mul/libc.a(lib_a-wsetup.o)
                              /OPT/altera/12.1/tools/nios2eds/bin/gnu/H-i686-pc-linux-gnu/bin/../lib/gcc/nios2-elf/4.1.2/../../../../nios2-elf/lib/mno-hw-mul/libc.a(lib_a-fvwrite.o) (__swsetup_r)
/OPT/altera/12.1/tools/nios2eds/bin/gnu/H-i686-pc-linux-gnu/bin/../lib/gcc/nios2-elf/4.1.2/../../../../nios2-elf/lib/mno-hw-mul/libc.a(lib_a-fflush.o)
                              /OPT/altera/12.1/tools/nios2eds/bin/gnu/H-i686-pc-linux-gnu/bin/../lib/gcc/nios2-elf/4.1.2/../../../../nios2-elf/lib/mno-hw-mul/libc.a(lib_a-fvwrite.o) (_fflush_r)
/OPT/altera/12.1/tools/nios2eds/bin/gnu/H-i686-pc-linux-gnu/bin/../lib/gcc/nios2-elf/4.1.2/../../../../nios2-elf/lib/mno-hw-mul/libc.a(lib_a-findfp.o)
                              /OPT/altera/12.1/tools/nios2eds/bin/gnu/H-i686-pc-linux-gnu/bin/../lib/gcc/nios2-elf/4.1.2/../../../../nios2-elf/lib/mno-hw-mul/libc.a(lib_a-wsetup.o) (__sinit)
/OPT/altera/12.1/tools/nios2eds/bin/gnu/H-i686-pc-linux-gnu/bin/../lib/gcc/nios2-elf/4.1.2/../../../../nios2-elf/lib/mno-hw-mul/libc.a(lib_a-freer.o)
                              /OPT/altera/12.1/tools/nios2eds/bin/gnu/H-i686-pc-linux-gnu/bin/../lib/gcc/nios2-elf/4.1.2/../../../../nios2-elf/lib/mno-hw-mul/libc.a(lib_a-fvwrite.o) (_free_r)
/OPT/altera/12.1/tools/nios2eds/bin/gnu/H-i686-pc-linux-gnu/bin/../lib/gcc/nios2-elf/4.1.2/../../../../nios2-elf/lib/mno-hw-mul/libc.a(lib_a-fwalk.o)
[...]
Memory Configuration

Name             Origin             Length             Attributes
sdram_0          0x00800000         0x00800000
reset            0x01400000         0x00000020
generic_tristate_controller_0 0x01400020         0x003fffe0
sram_0           0x01880000         0x00080000
onchip_memory2_0_BEFORE_EXCEPTION 0x01904000         0x00000020
onchip_memory2_0 0x01904020         0x00003fe0
*default*        0x00000000         0xffffffff

Linker script and memory map

LOAD ../Evo_Synth_bsp//obj/HAL/src/crt0.o
LOAD obj/default/hello_ucosii.o
LOAD /OPT/altera/12.1/tools/nios2eds/bin/gnu/H-i686-pc-linux-gnu/bin/../lib/gcc/nios2-elf/4.1.2/../../../../nios2-elf/lib/mno-hw-mul/libstdc++.a
LOAD /OPT/altera/12.1/tools/nios2eds/bin/gnu/H-i686-pc-linux-gnu/bin/../lib/gcc/nios2-elf/4.1.2/../../../../nios2-elf/lib/mno-hw-mul/libm.a
LOAD /OPT/altera/12.1/tools/nios2eds/bin/gnu/H-i686-pc-linux-gnu/bin/../lib/gcc/nios2-elf/4.1.2/mno-hw-mul/libgcc.a
START GROUP
LOAD /OPT/altera/12.1/tools/nios2eds/bin/gnu/H-i686-pc-linux-gnu/bin/../lib/gcc/nios2-elf/4.1.2/../../../../nios2-elf/lib/mno-hw-mul/libc.a
LOAD /OPT/altera/12.1/tools/nios2eds/bin/gnu/H-i686-pc-linux-gnu/bin/../lib/gcc/nios2-elf/4.1.2/mno-hw-mul/libgcc.a
LOAD ../Evo_Synth_bsp//libucosii_bsp.a
END GROUP
LOAD /OPT/altera/12.1/tools/nios2eds/bin/gnu/H-i686-pc-linux-gnu/bin/../lib/gcc/nios2-elf/4.1.2/mno-hw-mul/libgcc.a
                0x00800000                __alt_mem_sdram_0 = 0x800000
                0x01400000                __alt_mem_generic_tristate_controller_0 = 0x1400000
                0x01880000                __alt_mem_sram_0 = 0x1880000
                0x01904000                __alt_mem_onchip_memory2_0 = 0x1904000

.entry          0x01400000        0x0
 *(.entry)
 .entry         0x01400000        0x0 ../Evo_Synth_bsp//obj/HAL/src/crt0.o
                0x01400000                __reset

.exceptions     0x01904020      0x19c
                0x01904020                PROVIDE (__ram_exceptions_start, ABSOLUTE (.))
                0x01904020                . = ALIGN (0x20)
 *(.irq)
 *(.exceptions.entry.label)
 .exceptions.entry.label
                0x01904020        0x0 ../Evo_Synth_bsp//libucosii_bsp.a(alt_irq_entry.o)
                0x01904020                alt_irq_entry
 .exceptions.entry.label
                0x01904020        0x0 ../Evo_Synth_bsp//libucosii_bsp.a(alt_exception_entry.o)
                0x01904020                alt_exception
 *(.exceptions.entry.user)
 *(.exceptions.entry)
 .exceptions.entry
                0x01904020       0x54 ../Evo_Synth_bsp//libucosii_bsp.a(alt_exception_entry.o)
 *(.exceptions.irqtest.user)
 *(.exceptions.irqtest)
 .exceptions.irqtest
                0x01904074       0x10 ../Evo_Synth_bsp//libucosii_bsp.a(alt_irq_entry.o)
 *(.exceptions.irqhandler.user)
 *(.exceptions.irqhandler)
 .exceptions.irqhandler
                0x01904084        0x4 ../Evo_Synth_bsp//libucosii_bsp.a(alt_irq_entry.o)
 *(.exceptions.irqreturn.user)
 *(.exceptions.irqreturn)
 .exceptions.irqreturn
                0x01904088        0x4 ../Evo_Synth_bsp//libucosii_bsp.a(alt_irq_entry.o)
 *(.exceptions.notirq.label)
 .exceptions.notirq.label
                0x0190408c        0x0 ../Evo_Synth_bsp//libucosii_bsp.a(alt_irq_entry.o)
 *(.exceptions.notirq.user)
 *(.exceptions.notirq)
 .exceptions.notirq
                0x0190408c        0x8 ../Evo_Synth_bsp//libucosii_bsp.a(alt_exception_entry.o)
 *(.exceptions.soft.user)
 *(.exceptions.soft)
 *(.exceptions.unknown.user)
 *(.exceptions.unknown)
 .exceptions.unknown
                0x01904094        0x4 ../Evo_Synth_bsp//libucosii_bsp.a(alt_exception_entry.o)
 *(.exceptions.exit.label)
 .exceptions.exit.label
                0x01904098        0x0 ../Evo_Synth_bsp//libucosii_bsp.a(alt_irq_entry.o)
 .exceptions.exit.label
                0x01904098        0x0 ../Evo_Synth_bsp//libucosii_bsp.a(alt_exception_entry.o)
 *(.exceptions.exit.user)
 *(.exceptions.exit)
 .exceptions.exit
                0x01904098       0x54 ../Evo_Synth_bsp//libucosii_bsp.a(alt_exception_entry.o)
 *(.exceptions)
 .exceptions    0x019040ec       0xd0 ../Evo_Synth_bsp//libucosii_bsp.a(alt_irq_handler.o)
                0x019040ec                alt_irq_handler
                0x019041bc                PROVIDE (__ram_exceptions_end, ABSOLUTE (.))
                0x01904020                PROVIDE (__flash_exceptions_start, LOADADDR (.exceptions))

.text           0x00800000     0xe844
                0x00800000                PROVIDE (stext, ABSOLUTE (.))
 *(.interp)
 *(.hash)
 *(.dynsym)
 *(.dynstr)
 *(.gnu.version)
 *(.gnu.version_d)
 *(.gnu.version_r)
 *(.rel.init)
 *(.rela.init)
 *(.rel.text .rel.text.* .rel.gnu.linkonce.t.*)
 *(.rela.text .rela.text.* .rela.gnu.linkonce.t.*)
 *(.rel.fini)
 *(.rela.fini)
 *(.rel.rodata .rel.rodata.* .rel.gnu.linkonce.r.*)
 *(.rela.rodata .rela.rodata.* .rela.gnu.linkonce.r.*)
 *(.rel.data .rel.data.* .rel.gnu.linkonce.d.*)
 *(.rela.data .rela.data.* .rela.gnu.linkonce.d.*)
 *(.rel.tdata .rel.tdata.* .rel.gnu.linkonce.td.*)
 *(.rela.tdata .rela.tdata.* .rela.gnu.linkonce.td.*)
 *(.rel.tbss .rel.tbss.* .rel.gnu.linkonce.tb.*)
 *(.rela.tbss .rela.tbss.* .rela.gnu.linkonce.tb.*)
 *(.rel.ctors)
 *(.rela.ctors)
 *(.rel.dtors)
 *(.rela.dtors)
 *(.rel.got)
 *(.rela.got)
 *(.rel.sdata .rel.sdata.* .rel.gnu.linkonce.s.*)
 *(.rela.sdata .rela.sdata.* .rela.gnu.linkonce.s.*)
 *(.rel.sbss .rel.sbss.* .rel.gnu.linkonce.sb.*)
 *(.rela.sbss .rela.sbss.* .rela.gnu.linkonce.sb.*)
 *(.rel.sdata2 .rel.sdata2.* .rel.gnu.linkonce.s2.*)
 *(.rela.sdata2 .rela.sdata2.* .rela.gnu.linkonce.s2.*)
 *(.rel.sbss2 .rel.sbss2.* .rel.gnu.linkonce.sb2.*)
 *(.rela.sbss2 .rela.sbss2.* .rela.gnu.linkonce.sb2.*)
 *(.rel.bss .rel.bss.* .rel.gnu.linkonce.b.*)
 *(.rela.bss .rela.bss.* .rela.gnu.linkonce.b.*)
 *(.rel.plt)
 *(.rela.plt)
 *(.rel.dyn)
 *(.init)
 *(.plt)
 *(.text .stub .text.* .gnu.linkonce.t.*)
 .text          0x00800000       0x38 ../Evo_Synth_bsp//obj/HAL/src/crt0.o
                0x00800000                _start
 .text          0x00800038      0x11c obj/default/hello_ucosii.o
                0x00800038                task1
                0x00800070                task2
                0x008000a8                main
 .text          0x00800154       0xb4 /OPT/altera/12.1/tools/nios2eds/bin/gnu/H-i686-pc-linux-gnu/bin/../lib/gcc/nios2-elf/4.1.2/../../../../nios2-elf/lib/mno-hw-mul/libc.a(lib_a-puts.o)
                0x00800154                _puts_r
                0x008001f4                puts
 .text          0x00800208       0x74 /OPT/altera/12.1/tools/nios2eds/bin/gnu/H-i686-pc-linux-gnu/bin/../lib/gcc/nios2-elf/4.1.2/../../../../nios2-elf/lib/mno-hw-mul/libc.a(lib_a-strlen.o)
                0x00800208                strlen
 .text          0x0080027c      0x49c /OPT/altera/12.1/tools/nios2eds/bin/gnu/H-i686-pc-linux-gnu/bin/../lib/gcc/nios2-elf/4.1.2/../../../../nios2-elf/lib/mno-hw-mul/libc.a(lib_a-fvwrite.o)
                0x0080027c                __sfvwrite_r
 .text          0x00800718        0x0 /OPT/altera/12.1/tools/nios2eds/bin/gnu/H-i686-pc-linux-gnu/bin/../lib/gcc/nios2-elf/4.1.2/../../../../nios2-elf/lib/mno-hw-mul/libc.a(lib_a-impure.o)
 .text          0x00800718      0x740 /OPT/altera/12.1/tools/nios2eds/bin/gnu/H-i686-pc-linux-gnu/bin/../lib/gcc/nios2-elf/4.1.2/../../../../nios2-elf/lib/mno-hw-mul/libc.a(lib_a-mallocr.o)
                0x00800718                _malloc_r
 .text          0x00800e58       0xe4 /OPT/altera/12.1/tools/nios2eds/bin/gnu/H-i686-pc-linux-gnu/bin/../lib/gcc/nios2-elf/4.1.2/../../../../nios2-elf/lib/mno-hw-mul/libc.a(lib_a-memchr.o)
                0x00800e58                memchr
 .text          0x00800f3c       0xa0 /OPT/altera/12.1/tools/nios2eds/bin/gnu/H-i686-pc-linux-gnu/bin/../lib/gcc/nios2-elf/4.1.2/../../../../nios2-elf/lib/mno-hw-mul/libc.a(lib_a-memcpy.o)
                0x00800f3c                memcpy
 .text          0x00800fdc       0xe0 /OPT/altera/12.1/tools/nios2eds/bin/gnu/H-i686-pc-linux-gnu/bin/../lib/gcc/nios2-elf/4.1.2/../../../../nios2-elf/lib/mno-hw-mul/libc.a(lib_a-memmove.o)
                0x00800fdc                memmove
 .text          0x008010bc      0x5f4 /OPT/altera/12.1/tools/nios2eds/bin/gnu/H-i686-pc-linux-gnu/bin/../lib/gcc/nios2-elf/4.1.2/../../../../nios2-elf/lib/mno-hw-mul/libc.a(lib_a-reallocr.o)
                0x008010bc                _realloc_r
 .text          0x008016b0       0x70 /OPT/altera/12.1/tools/nios2eds/bin/gnu/H-i686-pc-linux-gnu/bin/../lib/gcc/nios2-elf/4.1.2/../../../../nios2-elf/lib/mno-hw-mul/libc.a(lib_a-sbrkr.o)
                0x008016b0                _sbrk_r
 .text          0x00801720      0x13c /OPT/altera/12.1/tools/nios2eds/bin/gnu/H-i686-pc-linux-gnu/bin/../lib/gcc/nios2-elf/4.1.2/../../../../nios2-elf/lib/mno-hw-mul/libc.a(lib_a-wsetup.o)
                0x00801720                __swsetup_r
 .text          0x0080185c      0x230 /OPT/altera/12.1/tools/nios2eds/bin/gnu/H-i686-pc-linux-gnu/bin/../lib/gcc/nios2-elf/4.1.2/../../../../nios2-elf/lib/mno-hw-mul/libc.a(lib_a-fflush.o)
                0x0080185c                _fflush_r
                0x00801a58                fflush
 .text          0x00801a8c      0x2f4 /OPT/altera/12.1/tools/nios2eds/bin/gnu/H-i686-pc-linux-gnu/bin/../lib/gcc/nios2-elf/4.1.2/../../../../nios2-elf/lib/mno-hw-mul/libc.a(lib_a-findfp.o)
                0x00801ae4                __sfp_lock_acquire
                0x00801ae8                __sfp_lock_release
                0x00801aec                __sinit_lock_acquire
                0x00801af0                __sinit_lock_release
                0x00801af4                __sinit
                0x00801ba8                __fp_unlock_all
                0x00801bc0                __fp_lock_all
                0x00801bd8                _cleanup_r
                0x00801be4                _cleanup
                0x00801bf4                __sfmoreglue
                0x00801c90                __sfp
 .text          0x00801d80      0x440 /OPT/altera/12.1/tools/nios2eds/bin/gnu/H-i686-pc-linux-gnu/bin/../lib/gcc/nios2-elf/4.1.2/../../../../nios2-elf/lib/mno-hw-mul/libc.a(lib_a-freer.o)
                0x00801d80                _malloc_trim_r
                0x00801eac                _free_r
 .text          0x008021c0      0x180 /OPT/altera/12.1/tools/nios2eds/bin/gnu/H-i686-pc-linux-gnu/bin/../lib/gcc/nios2-elf/4.1.2/../../../../nios2-elf/lib/mno-hw-mul/libc.a(lib_a-fwalk.o)
                0x008021c0                _fwalk_reent
                0x00802288                _fwalk
 .text          0x00802340        0x0 /OPT/altera/12.1/tools/nios2eds/bin/gnu/H-i686-pc-linux-gnu/bin/../lib/gcc/nios2-elf/4.1.2/../../../../nios2-elf/lib/mno-hw-mul/libc.a(lib_a-int_errno.o)
 .text          0x00802340      0x194 /OPT/altera/12.1/tools/nios2eds/bin/gnu/H-i686-pc-linux-gnu/bin/../lib/gcc/nios2-elf/4.1.2/../../../../nios2-elf/lib/mno-hw-mul/libc.a(lib_a-makebuf.o)
                0x00802340                __smakebuf_r
 .text          0x008024d4       0x98 /OPT/altera/12.1/tools/nios2eds/bin/gnu/H-i686-pc-linux-gnu/bin/../lib/gcc/nios2-elf/4.1.2/../../../../nios2-elf/lib/mno-hw-mul/libc.a(lib_a-memset.o)
                0x008024d4                memset
 .text          0x0080256c      0x14c /OPT/altera/12.1/tools/nios2eds/bin/gnu/H-i686-pc-linux-gnu/bin/../lib/gcc/nios2-elf/4.1.2/../../../../nios2-elf/lib/mno-hw-mul/libc.a(lib_a-stdio.o)
                0x0080256c                __sclose
                0x00802574                __sseek
                0x008025dc                __swrite
                0x00802658                __sread
 .text          0x008026b8       0x78 /OPT/altera/12.1/tools/nios2eds/bin/gnu/H-i686-pc-linux-gnu/bin/../lib/gcc/nios2-elf/4.1.2/../../../../nios2-elf/lib/mno-hw-mul/libc.a(lib_a-writer.o)
                0x008026b8                _write_r
 .text          0x00802730       0x70 /OPT/altera/12.1/tools/nios2eds/bin/gnu/H-i686-pc-linux-gnu/bin/../lib/gcc/nios2-elf/4.1.2/../../../../nios2-elf/lib/mno-hw-mul/libc.a(lib_a-closer.o)
                0x00802730                _close_r
 .text          0x008027a0      0x124 /OPT/altera/12.1/tools/nios2eds/bin/gnu/H-i686-pc-linux-gnu/bin/../lib/gcc/nios2-elf/4.1.2/../../../../nios2-elf/lib/mno-hw-mul/libc.a(lib_a-fclose.o)
                0x008027a0                _fclose_r
                0x008028b0                fclose
 .text          0x008028c4       0x74 /OPT/altera/12.1/tools/nios2eds/bin/gnu/H-i686-pc-linux-gnu/bin/../lib/gcc/nios2-elf/4.1.2/../../../../nios2-elf/lib/mno-hw-mul/libc.a(lib_a-fstatr.o)
                0x008028c4                _fstat_r
 .text          0x00802938       0x70 /OPT/altera/12.1/tools/nios2eds/bin/gnu/H-i686-pc-linux-gnu/bin/../lib/gcc/nios2-elf/4.1.2/../../../../nios2-elf/lib/mno-hw-mul/libc.a(lib_a-isattyr.o)
                0x00802938                _isatty_r
 .text          0x008029a8       0x78 /OPT/altera/12.1/tools/nios2eds/bin/gnu/H-i686-pc-linux-gnu/bin/../lib/gcc/nios2-elf/4.1.2/../../../../nios2-elf/lib/mno-hw-mul/libc.a(lib_a-lseekr.o)
                0x008029a8                _lseek_r
 .text          0x00802a20       0x78 /OPT/altera/12.1/tools/nios2eds/bin/gnu/H-i686-pc-linux-gnu/bin/../lib/gcc/nios2-elf/4.1.2/../../../../nios2-elf/lib/mno-hw-mul/libc.a(lib_a-readr.o)
                0x00802a20                _read_r
 .text          0x00802a98       0x38 /OPT/altera/12.1/tools/nios2eds/bin/gnu/H-i686-pc-linux-gnu/bin/../lib/gcc/nios2-elf/4.1.2/mno-hw-mul/libgcc.a(lib2-mul.o)
                0x00802a98                __mulsi3
 .text          0x00802ad0      0x160 ../Evo_Synth_bsp//libucosii_bsp.a(alt_close.o)
                0x00802ad0                close
 .text          0x00802c30       0x2c ../Evo_Synth_bsp//libucosii_bsp.a(alt_dev.o)
 .text          0x00802c5c        0x0 ../Evo_Synth_bsp//libucosii_bsp.a(alt_errno.o)
 .text          0x00802c5c      0x138 ../Evo_Synth_bsp//libucosii_bsp.a(alt_fstat.o)
                0x00802c5c                fstat
 .text          0x00802d94      0x124 ../Evo_Synth_bsp//libucosii_bsp.a(alt_isatty.o)
                0x00802d94                isatty
 .text          0x00802eb8      0x154 ../Evo_Synth_bsp//libucosii_bsp.a(alt_lseek.o)
                0x00802eb8                lseek
 .text          0x0080300c       0xc8 ../Evo_Synth_bsp//libucosii_bsp.a(alt_main.o)
                0x0080300c                alt_main
 .text          0x008030d4      0x184 ../Evo_Synth_bsp//libucosii_bsp.a(alt_read.o)
                0x008030d4                read
 .text          0x00803258       0x78 ../Evo_Synth_bsp//libucosii_bsp.a(alt_release_fd.o)
                0x00803258                alt_release_fd
 .text          0x008032d0       0xbc ../Evo_Synth_bsp//libucosii_bsp.a(alt_sbrk.o)
                0x008032d0                sbrk
 .text          0x0080338c      0x184 ../Evo_Synth_bsp//libucosii_bsp.a(alt_write.o)
                0x0080338c                write
 .text          0x00803510      0x108 ../Evo_Synth_bsp//libucosii_bsp.a(alt_env_lock.o)
                0x00803510                __env_lock
                0x008035bc                __env_unlock
 .text          0x00803618      0x1d8 ../Evo_Synth_bsp//libucosii_bsp.a(alt_malloc_lock.o)
                0x00803618                __malloc_lock
                0x00803720                __malloc_unlock
 .text          0x008037f0     0x2128 ../Evo_Synth_bsp//libucosii_bsp.a(os_core.o)
                0x008037f0                OSEventNameGet
                0x00803920                OSEventNameSet
                0x00803a64                OSEventPendMulti
                0x00804118                OSInit
                0x0080416c                OSIntEnter
                0x008041e8                OSIntExit
                0x008042e8                OSSchedLock
                0x00804374                OSSchedUnlock
                0x00804458                OSStart
                0x008044c8                OSStatInit
                0x00804574                OSTimeTick
                0x008047b4                OSVersion
                0x008047d4                OS_Dummy
                0x008047f0                OS_EventTaskRdy
                0x00804984                OS_EventTaskWait
                0x00804a94                OS_EventTaskWaitMulti
                0x00804be8                OS_EventTaskRemove
                0x00804ca0                OS_EventTaskRemoveMulti
                0x00804da4                OS_EventWaitListInit
                0x00805170                OS_MemClr
                0x008051c4                OS_MemCopy
                0x00805230                OS_Sched
                0x00805374                OS_StrCopy
                0x008053f4                OS_StrLen
                0x0080544c                OS_TaskIdle
                0x008054a8                OS_TaskStat
                0x00805570                OS_TaskStatStkChk
                0x00805638                OS_TCBInit
 .text          0x00805918      0x18c ../Evo_Synth_bsp//libucosii_bsp.a(os_dbg.o)
                0x00805918                OSDebugInit
 .text          0x00805aa4     0x193c ../Evo_Synth_bsp//libucosii_bsp.a(os_flag.o)
                0x00805aa4                OSFlagAccept
                0x00805dd8                OSFlagCreate
                0x00805f14                OSFlagDel
                0x008061bc                OSFlagNameGet
                0x00806300                OSFlagNameSet
                0x00806454                OSFlagPend
                0x00806a98                OSFlagPendGetFlagsRdy
                0x00806b00                OSFlagPost
                0x00806ea8                OSFlagQuery
                0x00807140                OS_FlagInit
                0x00807334                OS_FlagUnlink
 .text          0x008073e0      0x80c ../Evo_Synth_bsp//libucosii_bsp.a(os_mem.o)
                0x008073e0                OSMemCreate
                0x008075fc                OSMemGet
                0x00807700                OSMemNameGet
                0x0080780c                OSMemNameSet
                0x0080792c                OSMemPut
                0x00807a1c                OSMemQuery
                0x00807b18                OS_MemInit
 .text          0x00807bec     0x1334 ../Evo_Synth_bsp//libucosii_bsp.a(os_q.o)
                0x00807bec                OSQAccept
                0x00807d40                OSQCreate
                0x00807f54                OSQDel
                0x00808254                OSQFlush
                0x0080831c                OSQPend
                0x0080863c                OSQPendAbort
                0x008087b8                OSQPost
                0x00808938                OSQPostFront
                0x00808ac0                OSQPostOpt
                0x00808cf4                OSQQuery
                0x00808e74                OS_QInit
 .text          0x00808f20      0xbc8 ../Evo_Synth_bsp//libucosii_bsp.a(os_sem.o)
                0x00808f20                OSSemAccept
                0x00808fe0                OSSemCreate
                0x008090f4                OSSemDel
                0x00809394                OSSemPend
                0x00809610                OSSemPendAbort
                0x0080978c                OSSemPost
                0x008098b4                OSSemQuery
                0x008099e4                OSSemSet
 .text          0x00809ae8     0x1a40 ../Evo_Synth_bsp//libucosii_bsp.a(os_task.o)
                0x00809ae8                OSTaskChangePrio
                0x0080a05c                OSTaskCreate
                0x0080a230                OSTaskCreateExt
                0x0080a430                OSTaskDel
                0x0080a83c                OSTaskDelReq
                0x0080a9ac                OSTaskNameGet
                0x0080ab64                OSTaskNameSet
                0x0080ad28                OSTaskResume
                0x0080af40                OSTaskStkChk
                0x0080b13c                OSTaskSuspend
                0x0080b368                OSTaskQuery
                0x0080b4ac                OS_TaskStkClr
 .text          0x0080b528      0x5b4 ../Evo_Synth_bsp//libucosii_bsp.a(os_time.o)
                0x0080b528                OSTimeDly
                0x0080b674                OSTimeDlyHMSM
                0x0080b804                OSTimeDlyResume
                0x0080ba14                OSTimeGet
                0x0080ba78                OSTimeSet
 .text          0x0080badc       0xe0 ../Evo_Synth_bsp//libucosii_bsp.a(alt_sys_init.o)
                0x0080badc                alt_irq_init
                0x0080bb10                alt_sys_init
 .text          0x0080bbbc      0x148 ../Evo_Synth_bsp//libucosii_bsp.a(altera_avalon_jtag_uart_fd.o)
                0x0080bbbc                altera_avalon_jtag_uart_read_fd
                0x0080bc14                altera_avalon_jtag_uart_write_fd
                0x0080bc6c                altera_avalon_jtag_uart_close_fd
                0x0080bcb4                altera_avalon_jtag_uart_ioctl_fd
 .text          0x0080bd04      0x584 ../Evo_Synth_bsp//libucosii_bsp.a(altera_avalon_jtag_uart_init.o)
                0x0080bd04                altera_avalon_jtag_uart_init
                0x0080c214                altera_avalon_jtag_uart_close
 .text          0x0080c288       0xf4 ../Evo_Synth_bsp//libucosii_bsp.a(altera_avalon_jtag_uart_ioctl.o)
                0x0080c288                altera_avalon_jtag_uart_ioctl
 .text          0x0080c37c      0x2c0 ../Evo_Synth_bsp//libucosii_bsp.a(altera_avalon_jtag_uart_read.o)
                0x0080c37c                altera_avalon_jtag_uart_read
 .text          0x0080c63c      0x2dc ../Evo_Synth_bsp//libucosii_bsp.a(altera_avalon_jtag_uart_write.o)
                0x0080c63c                altera_avalon_jtag_uart_write
 .text          0x0080c918      0x100 ../Evo_Synth_bsp//libucosii_bsp.a(altera_avalon_timer_sc.o)
                0x0080c988                alt_avalon_timer_sc_init
 .text          0x0080ca18      0x530 ../Evo_Synth_bsp//libucosii_bsp.a(altera_up_avalon_character_lcd.o)
                0x0080ca18                get_DDRAM_addr
                0x0080ca94                alt_up_character_lcd_send_cmd
                0x0080cac8                alt_up_character_lcd_init
                0x0080cafc                alt_up_character_lcd_open_dev
                0x0080cb3c                alt_up_character_lcd_write
                0x0080cbb4                alt_up_character_lcd_string
                0x0080cc2c                alt_up_character_lcd_write_fd
                0x0080cc78                alt_up_character_lcd_set_cursor_pos
                0x0080ccf0                alt_up_character_lcd_shift_cursor
                0x0080cda0                alt_up_character_lcd_shift_display
                0x0080ce50                alt_up_character_lcd_erase_pos
                0x0080cee0                alt_up_character_lcd_cursor_off
                0x0080cf14                alt_up_character_lcd_cursor_blink_on
 .text          0x0080cf48      0x154 ../Evo_Synth_bsp//libucosii_bsp.a(alt_alarm_start.o)
                0x0080cf48                alt_alarm_start
 .text          0x0080d09c      0x114 ../Evo_Synth_bsp//libucosii_bsp.a(alt_dev_llist_insert.o)
                0x0080d09c                alt_dev_llist_insert
 .text          0x0080d1b0       0x64 ../Evo_Synth_bsp//libucosii_bsp.a(alt_do_ctors.o)
                0x0080d1b0                _do_ctors
 .text          0x0080d214       0x64 ../Evo_Synth_bsp//libucosii_bsp.a(alt_do_dtors.o)
                0x0080d214                _do_dtors
 .text          0x0080d278       0x94 ../Evo_Synth_bsp//libucosii_bsp.a(alt_find_dev.o)
                0x0080d278                alt_find_dev
 .text          0x0080d30c      0x1d4 ../Evo_Synth_bsp//libucosii_bsp.a(alt_iic.o)
                0x0080d30c                alt_ic_isr_register
                0x0080d35c                alt_ic_irq_enable
                0x0080d3f8                alt_ic_irq_disable
                0x0080d498                alt_ic_irq_enabled
 .text          0x0080d4e0       0xf8 ../Evo_Synth_bsp//libucosii_bsp.a(alt_iic_isr_register.o)
                0x0080d4e0                alt_iic_isr_register
 .text          0x0080d5d8      0x150 ../Evo_Synth_bsp//libucosii_bsp.a(alt_io_redirect.o)
                0x0080d6b0                alt_io_redirect
 .text          0x0080d728        0x0 ../Evo_Synth_bsp//libucosii_bsp.a(alt_irq_entry.o)
 .text          0x0080d728        0x0 ../Evo_Synth_bsp//libucosii_bsp.a(alt_irq_handler.o)
 .text          0x0080d728        0x0 ../Evo_Synth_bsp//libucosii_bsp.a(alt_irq_vars.o)
 .text          0x0080d728      0x2e4 ../Evo_Synth_bsp//libucosii_bsp.a(alt_open.o)
                0x0080d820                open
 .text          0x0080da0c      0x1a8 ../Evo_Synth_bsp//libucosii_bsp.a(alt_tick.o)
                0x0080da0c                alt_alarm_stop
                0x0080daa4                alt_tick
 .text          0x0080dbb4       0x20 ../Evo_Synth_bsp//libucosii_bsp.a(altera_nios2_qsys_irq.o)
                0x0080dbb4                altera_nios2_qsys_irq_init
 .text          0x0080dbd4       0xd0 ../Evo_Synth_bsp//libucosii_bsp.a(os_cpu_a.o)
                0x0080dbd4                OSCtxSw
                0x0080dbd4                OSIntCtxSw
                0x0080dc60                OSStartHighRdy
                0x0080dc80                OSStartTsk
 .text          0x0080dca4      0x418 ../Evo_Synth_bsp//libucosii_bsp.a(os_cpu_c.o)
                0x0080dca4                OSTaskStkInit
                0x0080dfb4                OSTaskCreateHook
                0x0080dfd4                OSTaskDelHook
                0x0080dff4                OSTaskSwHook
                0x0080e010                OSTaskStatHook
                0x0080e02c                OSTimeTickHook
                0x0080e048                OSInitHookBegin
                0x0080e064                OSInitHookEnd
                0x0080e080                OSTaskIdleHook
                0x0080e09c                OSTCBInitHook
 .text          0x0080e0bc        0x0 ../Evo_Synth_bsp//libucosii_bsp.a(alt_exception_entry.o)
 .text          0x0080e0bc      0x120 ../Evo_Synth_bsp//libucosii_bsp.a(alt_find_file.o)
                0x0080e0bc                alt_find_file
 .text          0x0080e1dc      0x104 ../Evo_Synth_bsp//libucosii_bsp.a(alt_get_fd.o)
                0x0080e1dc                alt_get_fd
 .text          0x0080e2e0       0x14 /OPT/altera/12.1/tools/nios2eds/bin/gnu/H-i686-pc-linux-gnu/bin/../lib/gcc/nios2-elf/4.1.2/../../../../nios2-elf/lib/mno-hw-mul/libc.a(lib_a-atexit.o)
                0x0080e2e0                atexit
 .text          0x0080e2f4       0x38 /OPT/altera/12.1/tools/nios2eds/bin/gnu/H-i686-pc-linux-gnu/bin/../lib/gcc/nios2-elf/4.1.2/../../../../nios2-elf/lib/mno-hw-mul/libc.a(lib_a-exit.o)
                0x0080e2f4                exit
 .text          0x0080e32c       0x74 /OPT/altera/12.1/tools/nios2eds/bin/gnu/H-i686-pc-linux-gnu/bin/../lib/gcc/nios2-elf/4.1.2/../../../../nios2-elf/lib/mno-hw-mul/libc.a(lib_a-memcmp.o)
                0x0080e32c                memcmp
 .text          0x0080e3a0      0x134 /OPT/altera/12.1/tools/nios2eds/bin/gnu/H-i686-pc-linux-gnu/bin/../lib/gcc/nios2-elf/4.1.2/../../../../nios2-elf/lib/mno-hw-mul/libc.a(lib_a-__atexit.o)
                0x0080e3a0                __register_exitproc
 .text          0x0080e4d4      0x1b4 /OPT/altera/12.1/tools/nios2eds/bin/gnu/H-i686-pc-linux-gnu/bin/../lib/gcc/nios2-elf/4.1.2/../../../../nios2-elf/lib/mno-hw-mul/libc.a(lib_a-__call_atexit.o)
                0x0080e4d8                __call_exitprocs
 .text          0x0080e688      0x14c /OPT/altera/12.1/tools/nios2eds/bin/gnu/H-i686-pc-linux-gnu/bin/../lib/gcc/nios2-elf/4.1.2/mno-hw-mul/libgcc.a(lib2-divmod.o)
                0x0080e704                __divsi3
                0x0080e764                __modsi3
                0x0080e7c4                __udivsi3
                0x0080e7cc                __umodsi3
 .text          0x0080e7d4       0x6c ../Evo_Synth_bsp//libucosii_bsp.a(alt_exit.o)
                0x0080e814                _exit
 *(.gnu.warning.*)
 *(.fini)
                0x0080e840                PROVIDE (__etext, ABSOLUTE (.))
                0x0080e840                PROVIDE (_etext, ABSOLUTE (.))
                0x0080e840                PROVIDE (etext, ABSOLUTE (.))
 *(.eh_frame_hdr)
                0x0080e840                . = ALIGN (0x4)
                0x0080e840                PROVIDE (__preinit_array_start, ABSOLUTE (.))
 *(.preinit_array)
                0x0080e840                PROVIDE (__preinit_array_end, ABSOLUTE (.))
                0x0080e840                PROVIDE (__init_array_start, ABSOLUTE (.))
 *(.init_array)
                0x0080e840                PROVIDE (__init_array_end, ABSOLUTE (.))
                0x0080e840                PROVIDE (__fini_array_start, ABSOLUTE (.))
 *(.fini_array)
                0x0080e840                PROVIDE (__fini_array_end, ABSOLUTE (.))
 *(.eh_frame)
 *(.gcc_except_table)
 *(.dynamic)
                0x0080e840                PROVIDE (__CTOR_LIST__, ABSOLUTE (.))
 *(.ctors)
 *(SORT(.ctors.*))
 .ctors.65535   0x0080e840        0x4 /OPT/altera/12.1/tools/nios2eds/bin/gnu/H-i686-pc-linux-gnu/bin/../lib/gcc/nios2-elf/4.1.2/../../../../nios2-elf/lib/mno-hw-mul/libc.a(lib_a-__call_atexit.o)
                0x0080e844                PROVIDE (__CTOR_END__, ABSOLUTE (.))
                0x0080e844                PROVIDE (__DTOR_LIST__, ABSOLUTE (.))
 *(.dtors)
 *(SORT(.dtors.*))
                0x0080e844                PROVIDE (__DTOR_END__, ABSOLUTE (.))
 *(.jcr)
                0x0080e844                . = ALIGN (0x4)

.rodata         0x0080e844      0x1a0
                0x0080e844                PROVIDE (__ram_rodata_start, ABSOLUTE (.))
                0x0080e844                . = ALIGN (0x4)
 *(.rodata .rodata.* .gnu.linkonce.r.*)
 .rodata        0x0080e844       0x28 obj/default/hello_ucosii.o
 .rodata.str1.4
                0x0080e86c        0x2 /OPT/altera/12.1/tools/nios2eds/bin/gnu/H-i686-pc-linux-gnu/bin/../lib/gcc/nios2-elf/4.1.2/../../../../nios2-elf/lib/mno-hw-mul/libc.a(lib_a-puts.o)
                                  0x4 (size before relaxing)
 *fill*         0x0080e86e        0x2 00
 .rodata.str1.4
                0x0080e870        0x4 /OPT/altera/12.1/tools/nios2eds/bin/gnu/H-i686-pc-linux-gnu/bin/../lib/gcc/nios2-elf/4.1.2/../../../../nios2-elf/lib/mno-hw-mul/libc.a(lib_a-impure.o)
 .rodata        0x0080e874        0xc ../Evo_Synth_bsp//libucosii_bsp.a(alt_dev.o)
 .rodata        0x0080e880       0x14 ../Evo_Synth_bsp//libucosii_bsp.a(alt_main.o)
 .rodata        0x0080e894      0x120 ../Evo_Synth_bsp//libucosii_bsp.a(os_core.o)
                0x0080e894                OSUnMapTbl
 .rodata        0x0080e9b4       0x2c ../Evo_Synth_bsp//libucosii_bsp.a(alt_sys_init.o)
 .rodata        0x0080e9e0        0x4 ../Evo_Synth_bsp//libucosii_bsp.a(os_cpu_c.o)
 *(.rodata1)
                0x0080e9e4                . = ALIGN (0x4)
                0x0080e9e4                PROVIDE (__ram_rodata_end, ABSOLUTE (.))
                0x0080e844                PROVIDE (__flash_rodata_start, LOADADDR (.rodata))

.rwdata         0x0080e9e4     0x1afc
                0x0080e9e4                PROVIDE (__ram_rwdata_start, ABSOLUTE (.))
                0x0080e9e4                . = ALIGN (0x4)
 *(.got.plt)
 *(.got)
 *(.data1)
 *(.data .data.* .gnu.linkonce.d.*)
 .data          0x0080e9e4        0x0 ../Evo_Synth_bsp//obj/HAL/src/crt0.o
 .data          0x0080e9e4        0x0 obj/default/hello_ucosii.o
 .data          0x0080e9e4        0x0 /OPT/altera/12.1/tools/nios2eds/bin/gnu/H-i686-pc-linux-gnu/bin/../lib/gcc/nios2-elf/4.1.2/../../../../nios2-elf/lib/mno-hw-mul/libc.a(lib_a-puts.o)
 .data          0x0080e9e4        0x0 /OPT/altera/12.1/tools/nios2eds/bin/gnu/H-i686-pc-linux-gnu/bin/../lib/gcc/nios2-elf/4.1.2/../../../../nios2-elf/lib/mno-hw-mul/libc.a(lib_a-strlen.o)
 .data          0x0080e9e4        0x0 /OPT/altera/12.1/tools/nios2eds/bin/gnu/H-i686-pc-linux-gnu/bin/../lib/gcc/nios2-elf/4.1.2/../../../../nios2-elf/lib/mno-hw-mul/libc.a(lib_a-fvwrite.o)
 .data          0x0080e9e4      0x400 /OPT/altera/12.1/tools/nios2eds/bin/gnu/H-i686-pc-linux-gnu/bin/../lib/gcc/nios2-elf/4.1.2/../../../../nios2-elf/lib/mno-hw-mul/libc.a(lib_a-impure.o)
 .data          0x0080ede4      0x408 /OPT/altera/12.1/tools/nios2eds/bin/gnu/H-i686-pc-linux-gnu/bin/../lib/gcc/nios2-elf/4.1.2/../../../../nios2-elf/lib/mno-hw-mul/libc.a(lib_a-mallocr.o)
                0x0080ede4                __malloc_av_
 .data          0x0080f1ec        0x0 /OPT/altera/12.1/tools/nios2eds/bin/gnu/H-i686-pc-linux-gnu/bin/../lib/gcc/nios2-elf/4.1.2/../../../../nios2-elf/lib/mno-hw-mul/libc.a(lib_a-memchr.o)
 .data          0x0080f1ec        0x0 /OPT/altera/12.1/tools/nios2eds/bin/gnu/H-i686-pc-linux-gnu/bin/../lib/gcc/nios2-elf/4.1.2/../../../../nios2-elf/lib/mno-hw-mul/libc.a(lib_a-memcpy.o)
 .data          0x0080f1ec        0x0 /OPT/altera/12.1/tools/nios2eds/bin/gnu/H-i686-pc-linux-gnu/bin/../lib/gcc/nios2-elf/4.1.2/../../../../nios2-elf/lib/mno-hw-mul/libc.a(lib_a-memmove.o)
 .data          0x0080f1ec        0x0 /OPT/altera/12.1/tools/nios2eds/bin/gnu/H-i686-pc-linux-gnu/bin/../lib/gcc/nios2-elf/4.1.2/../../../../nios2-elf/lib/mno-hw-mul/libc.a(lib_a-reallocr.o)
 .data          0x0080f1ec        0x0 /OPT/altera/12.1/tools/nios2eds/bin/gnu/H-i686-pc-linux-gnu/bin/../lib/gcc/nios2-elf/4.1.2/../../../../nios2-elf/lib/mno-hw-mul/libc.a(lib_a-sbrkr.o)
 .data          0x0080f1ec        0x0 /OPT/altera/12.1/tools/nios2eds/bin/gnu/H-i686-pc-linux-gnu/bin/../lib/gcc/nios2-elf/4.1.2/../../../../nios2-elf/lib/mno-hw-mul/libc.a(lib_a-wsetup.o)
 .data          0x0080f1ec        0x0 /OPT/altera/12.1/tools/nios2eds/bin/gnu/H-i686-pc-linux-gnu/bin/../lib/gcc/nios2-elf/4.1.2/../../../../nios2-elf/lib/mno-hw-mul/libc.a(lib_a-fflush.o)
 .data          0x0080f1ec        0x0 /OPT/altera/12.1/tools/nios2eds/bin/gnu/H-i686-pc-linux-gnu/bin/../lib/gcc/nios2-elf/4.1.2/../../../../nios2-elf/lib/mno-hw-mul/libc.a(lib_a-findfp.o)
 .data          0x0080f1ec        0x0 /OPT/altera/12.1/tools/nios2eds/bin/gnu/H-i686-pc-linux-gnu/bin/../lib/gcc/nios2-elf/4.1.2/../../../../nios2-elf/lib/mno-hw-mul/libc.a(lib_a-freer.o)
 .data          0x0080f1ec        0x0 /OPT/altera/12.1/tools/nios2eds/bin/gnu/H-i686-pc-linux-gnu/bin/../lib/gcc/nios2-elf/4.1.2/../../../../nios2-elf/lib/mno-hw-mul/libc.a(lib_a-fwalk.o)
 .data          0x0080f1ec        0x0 /OPT/altera/12.1/tools/nios2eds/bin/gnu/H-i686-pc-linux-gnu/bin/../lib/gcc/nios2-elf/4.1.2/../../../../nios2-elf/lib/mno-hw-mul/libc.a(lib_a-int_errno.o)
 .data          0x0080f1ec        0x0 /OPT/altera/12.1/tools/nios2eds/bin/gnu/H-i686-pc-linux-gnu/bin/../lib/gcc/nios2-elf/4.1.2/../../../../nios2-elf/lib/mno-hw-mul/libc.a(lib_a-makebuf.o)
 .data          0x0080f1ec        0x0 /OPT/altera/12.1/tools/nios2eds/bin/gnu/H-i686-pc-linux-gnu/bin/../lib/gcc/nios2-elf/4.1.2/../../../../nios2-elf/lib/mno-hw-mul/libc.a(lib_a-memset.o)
 .data          0x0080f1ec        0x0 /OPT/altera/12.1/tools/nios2eds/bin/gnu/H-i686-pc-linux-gnu/bin/../lib/gcc/nios2-elf/4.1.2/../../../../nios2-elf/lib/mno-hw-mul/libc.a(lib_a-stdio.o)
 .data          0x0080f1ec        0x0 /OPT/altera/12.1/tools/nios2eds/bin/gnu/H-i686-pc-linux-gnu/bin/../lib/gcc/nios2-elf/4.1.2/../../../../nios2-elf/lib/mno-hw-mul/libc.a(lib_a-writer.o)
 .data          0x0080f1ec        0x0 /OPT/altera/12.1/tools/nios2eds/bin/gnu/H-i686-pc-linux-gnu/bin/../lib/gcc/nios2-elf/4.1.2/../../../../nios2-elf/lib/mno-hw-mul/libc.a(lib_a-closer.o)
 .data          0x0080f1ec        0x0 /OPT/altera/12.1/tools/nios2eds/bin/gnu/H-i686-pc-linux-gnu/bin/../lib/gcc/nios2-elf/4.1.2/../../../../nios2-elf/lib/mno-hw-mul/libc.a(lib_a-fclose.o)
 .data          0x0080f1ec        0x0 /OPT/altera/12.1/tools/nios2eds/bin/gnu/H-i686-pc-linux-gnu/bin/../lib/gcc/nios2-elf/4.1.2/../../../../nios2-elf/lib/mno-hw-mul/libc.a(lib_a-fstatr.o)
 .data          0x0080f1ec        0x0 /OPT/altera/12.1/tools/nios2eds/bin/gnu/H-i686-pc-linux-gnu/bin/../lib/gcc/nios2-elf/4.1.2/../../../../nios2-elf/lib/mno-hw-mul/libc.a(lib_a-isattyr.o)
 .data          0x0080f1ec        0x0 /OPT/altera/12.1/tools/nios2eds/bin/gnu/H-i686-pc-linux-gnu/bin/../lib/gcc/nios2-elf/4.1.2/../../../../nios2-elf/lib/mno-hw-mul/libc.a(lib_a-lseekr.o)
 .data          0x0080f1ec        0x0 /OPT/altera/12.1/tools/nios2eds/bin/gnu/H-i686-pc-linux-gnu/bin/../lib/gcc/nios2-elf/4.1.2/../../../../nios2-elf/lib/mno-hw-mul/libc.a(lib_a-readr.o)
 .data          0x0080f1ec        0x0 /OPT/altera/12.1/tools/nios2eds/bin/gnu/H-i686-pc-linux-gnu/bin/../lib/gcc/nios2-elf/4.1.2/mno-hw-mul/libgcc.a(lib2-mul.o)
 .data          0x0080f1ec        0x0 ../Evo_Synth_bsp//libucosii_bsp.a(alt_close.o)
 .data          0x0080f1ec      0x1a8 ../Evo_Synth_bsp//libucosii_bsp.a(alt_dev.o)
                0x0080f1ec                alt_dev_null
                0x0080f214                alt_fd_list
 .data          0x0080f394        0x0 ../Evo_Synth_bsp//libucosii_bsp.a(alt_errno.o)
 .data          0x0080f394        0x0 ../Evo_Synth_bsp//libucosii_bsp.a(alt_fstat.o)
 .data          0x0080f394        0x0 ../Evo_Synth_bsp//libucosii_bsp.a(alt_isatty.o)
 .data          0x0080f394        0x0 ../Evo_Synth_bsp//libucosii_bsp.a(alt_lseek.o)
 .data          0x0080f394        0x0 ../Evo_Synth_bsp//libucosii_bsp.a(alt_main.o)
 .data          0x0080f394        0x0 ../Evo_Synth_bsp//libucosii_bsp.a(alt_read.o)
 .data          0x0080f394        0x0 ../Evo_Synth_bsp//libucosii_bsp.a(alt_release_fd.o)
 .data          0x0080f394        0x0 ../Evo_Synth_bsp//libucosii_bsp.a(alt_sbrk.o)
 .data          0x0080f394        0x0 ../Evo_Synth_bsp//libucosii_bsp.a(alt_write.o)
 .data          0x0080f394        0x0 ../Evo_Synth_bsp//libucosii_bsp.a(alt_env_lock.o)
 .data          0x0080f394        0x0 ../Evo_Synth_bsp//libucosii_bsp.a(alt_malloc_lock.o)
 .data          0x0080f394        0x0 ../Evo_Synth_bsp//libucosii_bsp.a(os_core.o)
 .data          0x0080f394        0x0 ../Evo_Synth_bsp//libucosii_bsp.a(os_dbg.o)
 .data          0x0080f394        0x0 ../Evo_Synth_bsp//libucosii_bsp.a(os_flag.o)
 .data          0x0080f394        0x0 ../Evo_Synth_bsp//libucosii_bsp.a(os_mem.o)
 .data          0x0080f394        0x0 ../Evo_Synth_bsp//libucosii_bsp.a(os_q.o)
 .data          0x0080f394        0x0 ../Evo_Synth_bsp//libucosii_bsp.a(os_sem.o)
 .data          0x0080f394        0x0 ../Evo_Synth_bsp//libucosii_bsp.a(os_task.o)
 .data          0x0080f394        0x0 ../Evo_Synth_bsp//libucosii_bsp.a(os_time.o)
 .data          0x0080f394     0x1098 ../Evo_Synth_bsp//libucosii_bsp.a(alt_sys_init.o)
 .data          0x0081042c        0x0 ../Evo_Synth_bsp//libucosii_bsp.a(altera_avalon_jtag_uart_fd.o)
 .data          0x0081042c        0x0 ../Evo_Synth_bsp//libucosii_bsp.a(altera_avalon_jtag_uart_init.o)
 .data          0x0081042c        0x0 ../Evo_Synth_bsp//libucosii_bsp.a(altera_avalon_jtag_uart_ioctl.o)
 .data          0x0081042c        0x0 ../Evo_Synth_bsp//libucosii_bsp.a(altera_avalon_jtag_uart_read.o)
 .data          0x0081042c        0x0 ../Evo_Synth_bsp//libucosii_bsp.a(altera_avalon_jtag_uart_write.o)
 .data          0x0081042c        0x0 ../Evo_Synth_bsp//libucosii_bsp.a(altera_avalon_timer_sc.o)
 .data          0x0081042c        0x0 ../Evo_Synth_bsp//libucosii_bsp.a(altera_up_avalon_character_lcd.o)
 .data          0x0081042c        0x0 ../Evo_Synth_bsp//libucosii_bsp.a(alt_alarm_start.o)
 .data          0x0081042c        0x0 ../Evo_Synth_bsp//libucosii_bsp.a(alt_dev_llist_insert.o)
 .data          0x0081042c        0x0 ../Evo_Synth_bsp//libucosii_bsp.a(alt_do_ctors.o)
 .data          0x0081042c        0x0 ../Evo_Synth_bsp//libucosii_bsp.a(alt_do_dtors.o)
 .data          0x0081042c        0x0 ../Evo_Synth_bsp//libucosii_bsp.a(alt_find_dev.o)
 .data          0x0081042c        0x0 ../Evo_Synth_bsp//libucosii_bsp.a(alt_iic.o)
 .data          0x0081042c        0x0 ../Evo_Synth_bsp//libucosii_bsp.a(alt_iic_isr_register.o)
 .data          0x0081042c        0x0 ../Evo_Synth_bsp//libucosii_bsp.a(alt_io_redirect.o)
 .data          0x0081042c        0x0 ../Evo_Synth_bsp//libucosii_bsp.a(alt_irq_entry.o)
 .data          0x0081042c        0x0 ../Evo_Synth_bsp//libucosii_bsp.a(alt_irq_handler.o)
 .data          0x0081042c        0x0 ../Evo_Synth_bsp//libucosii_bsp.a(alt_irq_vars.o)
 .data          0x0081042c        0x0 ../Evo_Synth_bsp//libucosii_bsp.a(alt_open.o)
 .data          0x0081042c        0x0 ../Evo_Synth_bsp//libucosii_bsp.a(alt_tick.o)
 .data          0x0081042c        0x0 ../Evo_Synth_bsp//libucosii_bsp.a(altera_nios2_qsys_irq.o)
 .data          0x0081042c        0x0 ../Evo_Synth_bsp//libucosii_bsp.a(os_cpu_a.o)
 .data          0x0081042c        0x0 ../Evo_Synth_bsp//libucosii_bsp.a(os_cpu_c.o)
 .data          0x0081042c        0x0 ../Evo_Synth_bsp//libucosii_bsp.a(alt_exception_entry.o)
 .data          0x0081042c        0x0 ../Evo_Synth_bsp//libucosii_bsp.a(alt_find_file.o)
 .data          0x0081042c        0x0 ../Evo_Synth_bsp//libucosii_bsp.a(alt_get_fd.o)
 .data          0x0081042c        0x0 /OPT/altera/12.1/tools/nios2eds/bin/gnu/H-i686-pc-linux-gnu/bin/../lib/gcc/nios2-elf/4.1.2/../../../../nios2-elf/lib/mno-hw-mul/libc.a(lib_a-atexit.o)
 .data          0x0081042c        0x0 /OPT/altera/12.1/tools/nios2eds/bin/gnu/H-i686-pc-linux-gnu/bin/../lib/gcc/nios2-elf/4.1.2/../../../../nios2-elf/lib/mno-hw-mul/libc.a(lib_a-exit.o)
 .data          0x0081042c        0x0 /OPT/altera/12.1/tools/nios2eds/bin/gnu/H-i686-pc-linux-gnu/bin/../lib/gcc/nios2-elf/4.1.2/../../../../nios2-elf/lib/mno-hw-mul/libc.a(lib_a-memcmp.o)
 .data          0x0081042c        0x0 /OPT/altera/12.1/tools/nios2eds/bin/gnu/H-i686-pc-linux-gnu/bin/../lib/gcc/nios2-elf/4.1.2/../../../../nios2-elf/lib/mno-hw-mul/libc.a(lib_a-__atexit.o)
 .data          0x0081042c        0x0 /OPT/altera/12.1/tools/nios2eds/bin/gnu/H-i686-pc-linux-gnu/bin/../lib/gcc/nios2-elf/4.1.2/../../../../nios2-elf/lib/mno-hw-mul/libc.a(lib_a-__call_atexit.o)
 .data          0x0081042c        0x0 /OPT/altera/12.1/tools/nios2eds/bin/gnu/H-i686-pc-linux-gnu/bin/../lib/gcc/nios2-elf/4.1.2/mno-hw-mul/libgcc.a(lib2-divmod.o)
 .data          0x0081042c        0x0 ../Evo_Synth_bsp//libucosii_bsp.a(alt_exit.o)
                0x0081842c                _gp = ABSOLUTE ((. + 0x8000))
                0x0081842c                PROVIDE (gp, _gp)
 *(.rwdata .rwdata.*)
 *(.sdata .sdata.* .gnu.linkonce.s.*)
 .sdata         0x0081042c        0x8 /OPT/altera/12.1/tools/nios2eds/bin/gnu/H-i686-pc-linux-gnu/bin/../lib/gcc/nios2-elf/4.1.2/../../../../nios2-elf/lib/mno-hw-mul/libc.a(lib_a-impure.o)
                0x0081042c                _impure_ptr
                0x00810430                _global_impure_ptr
 .sdata         0x00810434        0x8 /OPT/altera/12.1/tools/nios2eds/bin/gnu/H-i686-pc-linux-gnu/bin/../lib/gcc/nios2-elf/4.1.2/../../../../nios2-elf/lib/mno-hw-mul/libc.a(lib_a-mallocr.o)
                0x00810434                __malloc_trim_threshold
                0x00810438                __malloc_sbrk_base
 .sdata         0x0081043c       0x14 ../Evo_Synth_bsp//libucosii_bsp.a(alt_dev.o)
                0x0081043c                alt_fs_list
                0x00810444                alt_dev_list
                0x0081044c                alt_max_fd
 .sdata         0x00810450        0x4 ../Evo_Synth_bsp//libucosii_bsp.a(alt_errno.o)
                0x00810450                alt_errno
 .sdata         0x00810454        0x4 ../Evo_Synth_bsp//libucosii_bsp.a(alt_sbrk.o)
 .sdata         0x00810458        0x4 ../Evo_Synth_bsp//libucosii_bsp.a(alt_env_lock.o)
 .sdata         0x0081045c        0x4 ../Evo_Synth_bsp//libucosii_bsp.a(alt_malloc_lock.o)
 .sdata         0x00810460       0x74 ../Evo_Synth_bsp//libucosii_bsp.a(os_dbg.o)
                0x00810460                OSDebugEn
                0x00810464                OSEndiannessTest
                0x00810468                OSEventEn
                0x0081046a                OSEventMax
                0x0081046c                OSEventNameSize
                0x0081046e                OSEventSize
                0x00810470                OSEventTblSize
                0x00810472                OSEventMultiEn
                0x00810474                OSFlagEn
                0x00810476                OSFlagGrpSize
                0x00810478                OSFlagNodeSize
                0x0081047a                OSFlagWidth
                0x0081047c                OSFlagMax
                0x0081047e                OSFlagNameSize
                0x00810480                OSLowestPrio
                0x00810482                OSMboxEn
                0x00810484                OSMemEn
                0x00810486                OSMemMax
                0x00810488                OSMemNameSize
                0x0081048a                OSMemSize
                0x0081048c                OSMemTblSize
                0x0081048e                OSMutexEn
                0x00810490                OSPtrSize
                0x00810492                OSQEn
                0x00810494                OSQMax
                0x00810496                OSQSize
                0x00810498                OSRdyTblSize
                0x0081049a                OSSemEn
                0x0081049c                OSStkWidth
                0x0081049e                OSTaskCreateEn
                0x008104a0                OSTaskCreateExtEn
                0x008104a2                OSTaskDelEn
                0x008104a4                OSTaskIdleStkSize
                0x008104a6                OSTaskProfileEn
                0x008104a8                OSTaskMax
                0x008104aa                OSTaskNameSize
                0x008104ac                OSTaskStatEn
                0x008104ae                OSTaskStatStkSize
                0x008104b0                OSTaskStatStkChkEn
                0x008104b2                OSTaskSwHookEn
                0x008104b4                OSTCBPrioTblMax
                0x008104b6                OSTCBSize
                0x008104b8                OSTicksPerSec
                0x008104ba                OSTimeTickHookEn
                0x008104bc                OSVersionNbr
                0x008104be                OSTmrEn
                0x008104c0                OSTmrCfgMax
                0x008104c2                OSTmrCfgNameSize
                0x008104c4                OSTmrCfgWheelSize
                0x008104c6                OSTmrCfgTicksPerSec
                0x008104c8                OSTmrSize
                0x008104ca                OSTmrTblSize
                0x008104cc                OSTmrWheelSize
                0x008104ce                OSTmrWheelTblSize
                0x008104d0                OSDataSize
 .sdata         0x008104d4        0x4 ../Evo_Synth_bsp//libucosii_bsp.a(alt_irq_vars.o)
                0x008104d4                alt_priority_mask
 .sdata         0x008104d8        0x8 ../Evo_Synth_bsp//libucosii_bsp.a(alt_tick.o)
                0x008104d8                alt_alarm_list
 *(.sdata2 .sdata2.* .gnu.linkonce.s2.*)
                0x008104e0                . = ALIGN (0x4)
                0x008104e0                _edata = ABSOLUTE (.)
                0x008104e0                PROVIDE (edata, ABSOLUTE (.))
                0x008104e0                PROVIDE (__ram_rwdata_end, ABSOLUTE (.))
                0x0080e9e4                PROVIDE (__flash_rwdata_start, LOADADDR (.rwdata))

.bss            0x008104e0     0x7568
                0x008104e0                __bss_start = ABSOLUTE (.)
                0x008104e0                PROVIDE (__sbss_start, ABSOLUTE (.))
                0x008104e0                PROVIDE (___sbss_start, ABSOLUTE (.))
 *(.dynsbss)
 *(.sbss .sbss.* .gnu.linkonce.sb.*)
 .sbss          0x008104e0        0xc /OPT/altera/12.1/tools/nios2eds/bin/gnu/H-i686-pc-linux-gnu/bin/../lib/gcc/nios2-elf/4.1.2/../../../../nios2-elf/lib/mno-hw-mul/libc.a(lib_a-mallocr.o)
                0x008104e0                __malloc_top_pad
                0x008104e4                __malloc_max_sbrked_mem
                0x008104e8                __malloc_max_total_mem
 .sbss          0x008104ec        0x4 /OPT/altera/12.1/tools/nios2eds/bin/gnu/H-i686-pc-linux-gnu/bin/../lib/gcc/nios2-elf/4.1.2/../../../../nios2-elf/lib/mno-hw-mul/libc.a(lib_a-int_errno.o)
                0x008104ec                errno
 .sbss          0x008104f0        0x4 ../Evo_Synth_bsp//libucosii_bsp.a(alt_dev.o)
                0x008104f0                alt_fd_list_lock
 .sbss          0x008104f4        0xc ../Evo_Synth_bsp//libucosii_bsp.a(alt_main.o)
                0x008104f4                alt_argc
                0x008104f8                alt_argv
                0x008104fc                alt_envp
 .sbss          0x00810500        0x8 ../Evo_Synth_bsp//libucosii_bsp.a(alt_env_lock.o)
                0x00810504                alt_envsem
 .sbss          0x00810508        0x8 ../Evo_Synth_bsp//libucosii_bsp.a(alt_malloc_lock.o)
                0x0081050c                alt_heapsem
 .sbss          0x00810510       0x50 ../Evo_Synth_bsp//libucosii_bsp.a(os_core.o)
                0x00810510                OSLockNesting
                0x00810511                OSRunning
                0x00810514                OSIdleCtr
                0x00810518                OSPrioHighRdy
                0x00810519                OSPrioCur
                0x0081051c                OSTCBList
                0x00810520                OSTickStepState
                0x00810524                OSCtxSwCtr
                0x00810528                OSIdleCtrMax
                0x0081052c                OSTCBFreeList
                0x00810530                OSCPUUsage
                0x00810531                OSTaskCtr
                0x00810534                OSMemFreeList
                0x00810538                OSTCBHighRdy
                0x0081053c                OSQFreeList
                0x00810540                OSRdyGrp
                0x00810541                OSRdyTbl
                0x00810544                OSEventFreeList
                0x00810548                OSIntNesting
                0x0081054c                OSTCBCur
                0x00810550                OSTime
                0x00810554                OSFlagFreeList
                0x00810558                OSStatRdy
                0x0081055c                OSIdleCtrRun
 .sbss          0x00810560        0x4 ../Evo_Synth_bsp//libucosii_bsp.a(alt_irq_vars.o)
                0x00810560                alt_irq_active
 .sbss          0x00810564        0x8 ../Evo_Synth_bsp//libucosii_bsp.a(alt_tick.o)
                0x00810564                _alt_tick_rate
                0x00810568                _alt_nticks
 *(.sbss2 .sbss2.* .gnu.linkonce.sb2.*)
 *(.scommon)
                0x0081056c                PROVIDE (__sbss_end, ABSOLUTE (.))
                0x0081056c                PROVIDE (___sbss_end, ABSOLUTE (.))
 *(.dynbss)
 *(.bss .bss.* .gnu.linkonce.b.*)
 .bss           0x0081056c        0x0 ../Evo_Synth_bsp//obj/HAL/src/crt0.o
 .bss           0x0081056c        0x0 obj/default/hello_ucosii.o
 .bss           0x0081056c        0x0 /OPT/altera/12.1/tools/nios2eds/bin/gnu/H-i686-pc-linux-gnu/bin/../lib/gcc/nios2-elf/4.1.2/../../../../nios2-elf/lib/mno-hw-mul/libc.a(lib_a-puts.o)
 .bss           0x0081056c        0x0 /OPT/altera/12.1/tools/nios2eds/bin/gnu/H-i686-pc-linux-gnu/bin/../lib/gcc/nios2-elf/4.1.2/../../../../nios2-elf/lib/mno-hw-mul/libc.a(lib_a-strlen.o)
 .bss           0x0081056c        0x0 /OPT/altera/12.1/tools/nios2eds/bin/gnu/H-i686-pc-linux-gnu/bin/../lib/gcc/nios2-elf/4.1.2/../../../../nios2-elf/lib/mno-hw-mul/libc.a(lib_a-fvwrite.o)
 .bss           0x0081056c        0x0 /OPT/altera/12.1/tools/nios2eds/bin/gnu/H-i686-pc-linux-gnu/bin/../lib/gcc/nios2-elf/4.1.2/../../../../nios2-elf/lib/mno-hw-mul/libc.a(lib_a-impure.o)
 .bss           0x0081056c       0x28 /OPT/altera/12.1/tools/nios2eds/bin/gnu/H-i686-pc-linux-gnu/bin/../lib/gcc/nios2-elf/4.1.2/../../../../nios2-elf/lib/mno-hw-mul/libc.a(lib_a-mallocr.o)
                0x0081056c                __malloc_current_mallinfo
 .bss           0x00810594        0x0 /OPT/altera/12.1/tools/nios2eds/bin/gnu/H-i686-pc-linux-gnu/bin/../lib/gcc/nios2-elf/4.1.2/../../../../nios2-elf/lib/mno-hw-mul/libc.a(lib_a-memchr.o)
 .bss           0x00810594        0x0 /OPT/altera/12.1/tools/nios2eds/bin/gnu/H-i686-pc-linux-gnu/bin/../lib/gcc/nios2-elf/4.1.2/../../../../nios2-elf/lib/mno-hw-mul/libc.a(lib_a-memcpy.o)
 .bss           0x00810594        0x0 /OPT/altera/12.1/tools/nios2eds/bin/gnu/H-i686-pc-linux-gnu/bin/../lib/gcc/nios2-elf/4.1.2/../../../../nios2-elf/lib/mno-hw-mul/libc.a(lib_a-memmove.o)
 .bss           0x00810594        0x0 /OPT/altera/12.1/tools/nios2eds/bin/gnu/H-i686-pc-linux-gnu/bin/../lib/gcc/nios2-elf/4.1.2/../../../../nios2-elf/lib/mno-hw-mul/libc.a(lib_a-reallocr.o)
 .bss           0x00810594        0x0 /OPT/altera/12.1/tools/nios2eds/bin/gnu/H-i686-pc-linux-gnu/bin/../lib/gcc/nios2-elf/4.1.2/../../../../nios2-elf/lib/mno-hw-mul/libc.a(lib_a-sbrkr.o)
 .bss           0x00810594        0x0 /OPT/altera/12.1/tools/nios2eds/bin/gnu/H-i686-pc-linux-gnu/bin/../lib/gcc/nios2-elf/4.1.2/../../../../nios2-elf/lib/mno-hw-mul/libc.a(lib_a-wsetup.o)
 .bss           0x00810594        0x0 /OPT/altera/12.1/tools/nios2eds/bin/gnu/H-i686-pc-linux-gnu/bin/../lib/gcc/nios2-elf/4.1.2/../../../../nios2-elf/lib/mno-hw-mul/libc.a(lib_a-fflush.o)
 .bss           0x00810594        0x0 /OPT/altera/12.1/tools/nios2eds/bin/gnu/H-i686-pc-linux-gnu/bin/../lib/gcc/nios2-elf/4.1.2/../../../../nios2-elf/lib/mno-hw-mul/libc.a(lib_a-findfp.o)
 .bss           0x00810594        0x0 /OPT/altera/12.1/tools/nios2eds/bin/gnu/H-i686-pc-linux-gnu/bin/../lib/gcc/nios2-elf/4.1.2/../../../../nios2-elf/lib/mno-hw-mul/libc.a(lib_a-freer.o)
 .bss           0x00810594        0x0 /OPT/altera/12.1/tools/nios2eds/bin/gnu/H-i686-pc-linux-gnu/bin/../lib/gcc/nios2-elf/4.1.2/../../../../nios2-elf/lib/mno-hw-mul/libc.a(lib_a-fwalk.o)
 .bss           0x00810594        0x0 /OPT/altera/12.1/tools/nios2eds/bin/gnu/H-i686-pc-linux-gnu/bin/../lib/gcc/nios2-elf/4.1.2/../../../../nios2-elf/lib/mno-hw-mul/libc.a(lib_a-int_errno.o)
 .bss           0x00810594        0x0 /OPT/altera/12.1/tools/nios2eds/bin/gnu/H-i686-pc-linux-gnu/bin/../lib/gcc/nios2-elf/4.1.2/../../../../nios2-elf/lib/mno-hw-mul/libc.a(lib_a-makebuf.o)
 .bss           0x00810594        0x0 /OPT/altera/12.1/tools/nios2eds/bin/gnu/H-i686-pc-linux-gnu/bin/../lib/gcc/nios2-elf/4.1.2/../../../../nios2-elf/lib/mno-hw-mul/libc.a(lib_a-memset.o)
 .bss           0x00810594        0x0 /OPT/altera/12.1/tools/nios2eds/bin/gnu/H-i686-pc-linux-gnu/bin/../lib/gcc/nios2-elf/4.1.2/../../../../nios2-elf/lib/mno-hw-mul/libc.a(lib_a-stdio.o)
 .bss           0x00810594        0x0 /OPT/altera/12.1/tools/nios2eds/bin/gnu/H-i686-pc-linux-gnu/bin/../lib/gcc/nios2-elf/4.1.2/../../../../nios2-elf/lib/mno-hw-mul/libc.a(lib_a-writer.o)
 .bss           0x00810594        0x0 /OPT/altera/12.1/tools/nios2eds/bin/gnu/H-i686-pc-linux-gnu/bin/../lib/gcc/nios2-elf/4.1.2/../../../../nios2-elf/lib/mno-hw-mul/libc.a(lib_a-closer.o)
 .bss           0x00810594        0x0 /OPT/altera/12.1/tools/nios2eds/bin/gnu/H-i686-pc-linux-gnu/bin/../lib/gcc/nios2-elf/4.1.2/../../../../nios2-elf/lib/mno-hw-mul/libc.a(lib_a-fclose.o)
 .bss           0x00810594        0x0 /OPT/altera/12.1/tools/nios2eds/bin/gnu/H-i686-pc-linux-gnu/bin/../lib/gcc/nios2-elf/4.1.2/../../../../nios2-elf/lib/mno-hw-mul/libc.a(lib_a-fstatr.o)
 .bss           0x00810594        0x0 /OPT/altera/12.1/tools/nios2eds/bin/gnu/H-i686-pc-linux-gnu/bin/../lib/gcc/nios2-elf/4.1.2/../../../../nios2-elf/lib/mno-hw-mul/libc.a(lib_a-isattyr.o)
 .bss           0x00810594        0x0 /OPT/altera/12.1/tools/nios2eds/bin/gnu/H-i686-pc-linux-gnu/bin/../lib/gcc/nios2-elf/4.1.2/../../../../nios2-elf/lib/mno-hw-mul/libc.a(lib_a-lseekr.o)
 .bss           0x00810594        0x0 /OPT/altera/12.1/tools/nios2eds/bin/gnu/H-i686-pc-linux-gnu/bin/../lib/gcc/nios2-elf/4.1.2/../../../../nios2-elf/lib/mno-hw-mul/libc.a(lib_a-readr.o)
 .bss           0x00810594        0x0 /OPT/altera/12.1/tools/nios2eds/bin/gnu/H-i686-pc-linux-gnu/bin/../lib/gcc/nios2-elf/4.1.2/mno-hw-mul/libgcc.a(lib2-mul.o)
 .bss           0x00810594        0x0 ../Evo_Synth_bsp//libucosii_bsp.a(alt_close.o)
 .bss           0x00810594        0x0 ../Evo_Synth_bsp//libucosii_bsp.a(alt_dev.o)
 .bss           0x00810594        0x0 ../Evo_Synth_bsp//libucosii_bsp.a(alt_errno.o)
 .bss           0x00810594        0x0 ../Evo_Synth_bsp//libucosii_bsp.a(alt_fstat.o)
 .bss           0x00810594        0x0 ../Evo_Synth_bsp//libucosii_bsp.a(alt_isatty.o)
 .bss           0x00810594        0x0 ../Evo_Synth_bsp//libucosii_bsp.a(alt_lseek.o)
 .bss           0x00810594        0x0 ../Evo_Synth_bsp//libucosii_bsp.a(alt_main.o)
 .bss           0x00810594        0x0 ../Evo_Synth_bsp//libucosii_bsp.a(alt_read.o)
 .bss           0x00810594        0x0 ../Evo_Synth_bsp//libucosii_bsp.a(alt_release_fd.o)
 .bss           0x00810594        0x0 ../Evo_Synth_bsp//libucosii_bsp.a(alt_sbrk.o)
 .bss           0x00810594        0x0 ../Evo_Synth_bsp//libucosii_bsp.a(alt_write.o)
 .bss           0x00810594        0x0 ../Evo_Synth_bsp//libucosii_bsp.a(alt_env_lock.o)
 .bss           0x00810594        0x0 ../Evo_Synth_bsp//libucosii_bsp.a(alt_malloc_lock.o)
 .bss           0x00810594        0x0 ../Evo_Synth_bsp//libucosii_bsp.a(os_core.o)
 .bss           0x00810594        0x0 ../Evo_Synth_bsp//libucosii_bsp.a(os_dbg.o)
 .bss           0x00810594        0x0 ../Evo_Synth_bsp//libucosii_bsp.a(os_flag.o)
 .bss           0x00810594        0x0 ../Evo_Synth_bsp//libucosii_bsp.a(os_mem.o)
 .bss           0x00810594        0x0 ../Evo_Synth_bsp//libucosii_bsp.a(os_q.o)
 .bss           0x00810594        0x0 ../Evo_Synth_bsp//libucosii_bsp.a(os_sem.o)
 .bss           0x00810594        0x0 ../Evo_Synth_bsp//libucosii_bsp.a(os_task.o)
 .bss           0x00810594        0x0 ../Evo_Synth_bsp//libucosii_bsp.a(os_time.o)
 .bss           0x00810594        0x0 ../Evo_Synth_bsp//libucosii_bsp.a(alt_sys_init.o)
 .bss           0x00810594        0x0 ../Evo_Synth_bsp//libucosii_bsp.a(altera_avalon_jtag_uart_fd.o)
 .bss           0x00810594        0x0 ../Evo_Synth_bsp//libucosii_bsp.a(altera_avalon_jtag_uart_init.o)
 .bss           0x00810594        0x0 ../Evo_Synth_bsp//libucosii_bsp.a(altera_avalon_jtag_uart_ioctl.o)
 .bss           0x00810594        0x0 ../Evo_Synth_bsp//libucosii_bsp.a(altera_avalon_jtag_uart_read.o)
 .bss           0x00810594        0x0 ../Evo_Synth_bsp//libucosii_bsp.a(altera_avalon_jtag_uart_write.o)
 .bss           0x00810594        0x0 ../Evo_Synth_bsp//libucosii_bsp.a(altera_avalon_timer_sc.o)
 .bss           0x00810594        0x0 ../Evo_Synth_bsp//libucosii_bsp.a(altera_up_avalon_character_lcd.o)
 .bss           0x00810594        0x0 ../Evo_Synth_bsp//libucosii_bsp.a(alt_alarm_start.o)
 .bss           0x00810594        0x0 ../Evo_Synth_bsp//libucosii_bsp.a(alt_dev_llist_insert.o)
 .bss           0x00810594        0x0 ../Evo_Synth_bsp//libucosii_bsp.a(alt_do_ctors.o)
 .bss           0x00810594        0x0 ../Evo_Synth_bsp//libucosii_bsp.a(alt_do_dtors.o)
 .bss           0x00810594        0x0 ../Evo_Synth_bsp//libucosii_bsp.a(alt_find_dev.o)
 .bss           0x00810594        0x0 ../Evo_Synth_bsp//libucosii_bsp.a(alt_iic.o)
 .bss           0x00810594        0x0 ../Evo_Synth_bsp//libucosii_bsp.a(alt_iic_isr_register.o)
 .bss           0x00810594        0x0 ../Evo_Synth_bsp//libucosii_bsp.a(alt_io_redirect.o)
 .bss           0x00810594        0x0 ../Evo_Synth_bsp//libucosii_bsp.a(alt_irq_entry.o)
 .bss           0x00810594        0x0 ../Evo_Synth_bsp//libucosii_bsp.a(alt_irq_handler.o)
 .bss           0x00810594        0x0 ../Evo_Synth_bsp//libucosii_bsp.a(alt_irq_vars.o)
 .bss           0x00810594        0x0 ../Evo_Synth_bsp//libucosii_bsp.a(alt_open.o)
 .bss           0x00810594        0x0 ../Evo_Synth_bsp//libucosii_bsp.a(alt_tick.o)
 .bss           0x00810594        0x0 ../Evo_Synth_bsp//libucosii_bsp.a(altera_nios2_qsys_irq.o)
 .bss           0x00810594        0x0 ../Evo_Synth_bsp//libucosii_bsp.a(os_cpu_a.o)
 .bss           0x00810594        0x0 ../Evo_Synth_bsp//libucosii_bsp.a(os_cpu_c.o)
 .bss           0x00810594        0x0 ../Evo_Synth_bsp//libucosii_bsp.a(alt_exception_entry.o)
 .bss           0x00810594        0x0 ../Evo_Synth_bsp//libucosii_bsp.a(alt_find_file.o)
 .bss           0x00810594        0x0 ../Evo_Synth_bsp//libucosii_bsp.a(alt_get_fd.o)
 .bss           0x00810594        0x0 /OPT/altera/12.1/tools/nios2eds/bin/gnu/H-i686-pc-linux-gnu/bin/../lib/gcc/nios2-elf/4.1.2/../../../../nios2-elf/lib/mno-hw-mul/libc.a(lib_a-atexit.o)
 .bss           0x00810594        0x0 /OPT/altera/12.1/tools/nios2eds/bin/gnu/H-i686-pc-linux-gnu/bin/../lib/gcc/nios2-elf/4.1.2/../../../../nios2-elf/lib/mno-hw-mul/libc.a(lib_a-exit.o)
 .bss           0x00810594        0x0 /OPT/altera/12.1/tools/nios2eds/bin/gnu/H-i686-pc-linux-gnu/bin/../lib/gcc/nios2-elf/4.1.2/../../../../nios2-elf/lib/mno-hw-mul/libc.a(lib_a-memcmp.o)
 .bss           0x00810594        0x0 /OPT/altera/12.1/tools/nios2eds/bin/gnu/H-i686-pc-linux-gnu/bin/../lib/gcc/nios2-elf/4.1.2/../../../../nios2-elf/lib/mno-hw-mul/libc.a(lib_a-__atexit.o)
 .bss           0x00810594        0x0 /OPT/altera/12.1/tools/nios2eds/bin/gnu/H-i686-pc-linux-gnu/bin/../lib/gcc/nios2-elf/4.1.2/../../../../nios2-elf/lib/mno-hw-mul/libc.a(lib_a-__call_atexit.o)
 .bss           0x00810594        0x0 /OPT/altera/12.1/tools/nios2eds/bin/gnu/H-i686-pc-linux-gnu/bin/../lib/gcc/nios2-elf/4.1.2/mno-hw-mul/libgcc.a(lib2-divmod.o)
 .bss           0x00810594        0x0 ../Evo_Synth_bsp//libucosii_bsp.a(alt_exit.o)
 *(COMMON)
 COMMON         0x00810594     0x4000 obj/default/hello_ucosii.o
                0x00810594                task1_stk
                0x00812594                task2_stk
 COMMON         0x00814594     0x3224 ../Evo_Synth_bsp//libucosii_bsp.a(os_core.o)
                0x00814594                OSFlagTbl
                0x00814904                OSMemTbl
                0x00815534                OSTaskStatStk
                0x00815d34                OSQTbl
                0x00815f14                OSTaskIdleStk
                0x00816714                OSEventTbl
                0x00817254                OSTCBTbl
                0x00817764                OSTCBPrioTbl
 COMMON         0x008177b8      0x100 ../Evo_Synth_bsp//libucosii_bsp.a(alt_irq_handler.o)
                0x008177b8                alt_irq
 COMMON         0x008178b8      0x190 /OPT/altera/12.1/tools/nios2eds/bin/gnu/H-i686-pc-linux-gnu/bin/../lib/gcc/nios2-elf/4.1.2/../../../../nios2-elf/lib/mno-hw-mul/libc.a(lib_a-atexit.o)
                0x008178b8                _atexit0
                0x00817a48                . = ALIGN (0x4)
                0x00817a48                __bss_end = ABSOLUTE (.)

.sdram_0        0x00817a48        0x0
                0x00817a48                PROVIDE (_alt_partition_sdram_0_start, ABSOLUTE (.))
 *(.sdram_0. sdram_0.*)
                0x00817a48                . = ALIGN (0x4)
                0x00817a48                PROVIDE (_alt_partition_sdram_0_end, ABSOLUTE (.))
                0x00817a48                _end = ABSOLUTE (.)
                0x00817a48                end = ABSOLUTE (.)
                0x00817a48                __alt_stack_base = ABSOLUTE (.)
                0x00817a48                PROVIDE (_alt_partition_sdram_0_load_addr, LOADADDR (.sdram_0))

.generic_tristate_controller_0
                0x01400020        0x0
                0x01400020                PROVIDE (_alt_partition_generic_tristate_controller_0_start, ABSOLUTE (.))
 *(.generic_tristate_controller_0. generic_tristate_controller_0.*)
                0x01400020                . = ALIGN (0x4)
                0x01400020                PROVIDE (_alt_partition_generic_tristate_controller_0_end, ABSOLUTE (.))
                0x01400020                PROVIDE (_alt_partition_generic_tristate_controller_0_load_addr, LOADADDR (.generic_tristate_controller_0))

.sram_0         0x01880000        0x0
                0x01880000                PROVIDE (_alt_partition_sram_0_start, ABSOLUTE (.))
 *(.sram_0. sram_0.*)
                0x01880000                . = ALIGN (0x4)
                0x01880000                PROVIDE (_alt_partition_sram_0_end, ABSOLUTE (.))
                0x01880000                PROVIDE (_alt_partition_sram_0_load_addr, LOADADDR (.sram_0))

.onchip_memory2_0
                0x019041bc        0x0
                0x019041bc                PROVIDE (_alt_partition_onchip_memory2_0_start, ABSOLUTE (.))
 *(.onchip_memory2_0. onchip_memory2_0.*)
                0x019041bc                . = ALIGN (0x4)
                0x019041bc                PROVIDE (_alt_partition_onchip_memory2_0_end, ABSOLUTE (.))
                0x019041bc                PROVIDE (_alt_partition_onchip_memory2_0_load_addr, LOADADDR (.onchip_memory2_0))

.stab
 *(.stab)

.stabstr
 *(.stabstr)

.stab.excl
 *(.stab.excl)

.stab.exclstr
 *(.stab.exclstr)

.stab.index
 *(.stab.index)

.stab.indexstr
 *(.stab.indexstr)

.comment        0x00000000       0x26
 *(.comment)
 .comment       0x00000000       0x26 obj/default/hello_ucosii.o
                                 0x27 (size before relaxing)
 .comment       0x00000000       0x27 /OPT/altera/12.1/tools/nios2eds/bin/gnu/H-i686-pc-linux-gnu/bin/../lib/gcc/nios2-elf/4.1.2/../../../../nios2-elf/lib/mno-hw-mul/libc.a(lib_a-puts.o)
 .comment       0x00000000       0x27 /OPT/altera/12.1/tools/nios2eds/bin/gnu/H-i686-pc-linux-gnu/bin/../lib/gcc/nios2-elf/4.1.2/../../../../nios2-elf/lib/mno-hw-mul/libc.a(lib_a-strlen.o)
 .comment       0x00000000       0x27 /OPT/altera/12.1/tools/nios2eds/bin/gnu/H-i686-pc-linux-gnu/bin/../lib/gcc/nios2-elf/4.1.2/../../../../nios2-elf/lib/mno-hw-mul/libc.a(lib_a-fvwrite.o)
 .comment       0x00000000       0x27 /OPT/altera/12.1/tools/nios2eds/bin/gnu/H-i686-pc-linux-gnu/bin/../lib/gcc/nios2-elf/4.1.2/../../../../nios2-elf/lib/mno-hw-mul/libc.a(lib_a-impure.o)
 .comment       0x00000000       0x27 /OPT/altera/12.1/tools/nios2eds/bin/gnu/H-i686-pc-linux-gnu/bin/../lib/gcc/nios2-elf/4.1.2/../../../../nios2-elf/lib/mno-hw-mul/libc.a(lib_a-mallocr.o)
 .comment       0x00000000       0x27 /OPT/altera/12.1/tools/nios2eds/bin/gnu/H-i686-pc-linux-gnu/bin/../lib/gcc/nios2-elf/4.1.2/../../../../nios2-elf/lib/mno-hw-mul/libc.a(lib_a-memchr.o)
 .comment       0x00000000       0x27 /OPT/altera/12.1/tools/nios2eds/bin/gnu/H-i686-pc-linux-gnu/bin/../lib/gcc/nios2-elf/4.1.2/../../../../nios2-elf/lib/mno-hw-mul/libc.a(lib_a-memcpy.o)
 .comment       0x00000000       0x27 /OPT/altera/12.1/tools/nios2eds/bin/gnu/H-i686-pc-linux-gnu/bin/../lib/gcc/nios2-elf/4.1.2/../../../../nios2-elf/lib/mno-hw-mul/libc.a(lib_a-memmove.o)
 .comment       0x00000000       0x27 /OPT/altera/12.1/tools/nios2eds/bin/gnu/H-i686-pc-linux-gnu/bin/../lib/gcc/nios2-elf/4.1.2/../../../../nios2-elf/lib/mno-hw-mul/libc.a(lib_a-reallocr.o)
 .comment       0x00000000       0x27 /OPT/altera/12.1/tools/nios2eds/bin/gnu/H-i686-pc-linux-gnu/bin/../lib/gcc/nios2-elf/4.1.2/../../../../nios2-elf/lib/mno-hw-mul/libc.a(lib_a-sbrkr.o)
 .comment       0x00000000       0x27 /OPT/altera/12.1/tools/nios2eds/bin/gnu/H-i686-pc-linux-gnu/bin/../lib/gcc/nios2-elf/4.1.2/../../../../nios2-elf/lib/mno-hw-mul/libc.a(lib_a-wsetup.o)
 .comment       0x00000000       0x27 /OPT/altera/12.1/tools/nios2eds/bin/gnu/H-i686-pc-linux-gnu/bin/../lib/gcc/nios2-elf/4.1.2/../../../../nios2-elf/lib/mno-hw-mul/libc.a(lib_a-fflush.o)
 .comment       0x00000000       0x27 /OPT/altera/12.1/tools/nios2eds/bin/gnu/H-i686-pc-linux-gnu/bin/../lib/gcc/nios2-elf/4.1.2/../../../../nios2-elf/lib/mno-hw-mul/libc.a(lib_a-findfp.o)
 .comment       0x00000000       0x27 /OPT/altera/12.1/tools/nios2eds/bin/gnu/H-i686-pc-linux-gnu/bin/../lib/gcc/nios2-elf/4.1.2/../../../../nios2-elf/lib/mno-hw-mul/libc.a(lib_a-freer.o)
 .comment       0x00000000       0x27 /OPT/altera/12.1/tools/nios2eds/bin/gnu/H-i686-pc-linux-gnu/bin/../lib/gcc/nios2-elf/4.1.2/../../../../nios2-elf/lib/mno-hw-mul/libc.a(lib_a-fwalk.o)
 .comment       0x00000000       0x27 /OPT/altera/12.1/tools/nios2eds/bin/gnu/H-i686-pc-linux-gnu/bin/../lib/gcc/nios2-elf/4.1.2/../../../../nios2-elf/lib/mno-hw-mul/libc.a(lib_a-int_errno.o)
 .comment       0x00000000       0x27 /OPT/altera/12.1/tools/nios2eds/bin/gnu/H-i686-pc-linux-gnu/bin/../lib/gcc/nios2-elf/4.1.2/../../../../nios2-elf/lib/mno-hw-mul/libc.a(lib_a-makebuf.o)
 .comment       0x00000000       0x27 /OPT/altera/12.1/tools/nios2eds/bin/gnu/H-i686-pc-linux-gnu/bin/../lib/gcc/nios2-elf/4.1.2/../../../../nios2-elf/lib/mno-hw-mul/libc.a(lib_a-memset.o)
 .comment       0x00000000       0x27 /OPT/altera/12.1/tools/nios2eds/bin/gnu/H-i686-pc-linux-gnu/bin/../lib/gcc/nios2-elf/4.1.2/../../../../nios2-elf/lib/mno-hw-mul/libc.a(lib_a-stdio.o)
 .comment       0x00000000       0x27 /OPT/altera/12.1/tools/nios2eds/bin/gnu/H-i686-pc-linux-gnu/bin/../lib/gcc/nios2-elf/4.1.2/../../../../nios2-elf/lib/mno-hw-mul/libc.a(lib_a-writer.o)
 .comment       0x00000000       0x27 /OPT/altera/12.1/tools/nios2eds/bin/gnu/H-i686-pc-linux-gnu/bin/../lib/gcc/nios2-elf/4.1.2/../../../../nios2-elf/lib/mno-hw-mul/libc.a(lib_a-closer.o)
 .comment       0x00000000       0x27 /OPT/altera/12.1/tools/nios2eds/bin/gnu/H-i686-pc-linux-gnu/bin/../lib/gcc/nios2-elf/4.1.2/../../../../nios2-elf/lib/mno-hw-mul/libc.a(lib_a-fclose.o)
 .comment       0x00000000       0x27 /OPT/altera/12.1/tools/nios2eds/bin/gnu/H-i686-pc-linux-gnu/bin/../lib/gcc/nios2-elf/4.1.2/../../../../nios2-elf/lib/mno-hw-mul/libc.a(lib_a-fstatr.o)
 .comment       0x00000000       0x27 /OPT/altera/12.1/tools/nios2eds/bin/gnu/H-i686-pc-linux-gnu/bin/../lib/gcc/nios2-elf/4.1.2/../../../../nios2-elf/lib/mno-hw-mul/libc.a(lib_a-isattyr.o)
 .comment       0x00000000       0x27 /OPT/altera/12.1/tools/nios2eds/bin/gnu/H-i686-pc-linux-gnu/bin/../lib/gcc/nios2-elf/4.1.2/../../../../nios2-elf/lib/mno-hw-mul/libc.a(lib_a-lseekr.o)
 .comment       0x00000000       0x27 /OPT/altera/12.1/tools/nios2eds/bin/gnu/H-i686-pc-linux-gnu/bin/../lib/gcc/nios2-elf/4.1.2/../../../../nios2-elf/lib/mno-hw-mul/libc.a(lib_a-readr.o)
 .comment       0x00000000       0x27 /OPT/altera/12.1/tools/nios2eds/bin/gnu/H-i686-pc-linux-gnu/bin/../lib/gcc/nios2-elf/4.1.2/mno-hw-mul/libgcc.a(lib2-mul.o)
 .comment       0x00000000       0x27 ../Evo_Synth_bsp//libucosii_bsp.a(alt_close.o)
 .comment       0x00000000       0x27 ../Evo_Synth_bsp//libucosii_bsp.a(alt_dev.o)
 .comment       0x00000000       0x27 ../Evo_Synth_bsp//libucosii_bsp.a(alt_errno.o)
 .comment       0x00000000       0x27 ../Evo_Synth_bsp//libucosii_bsp.a(alt_fstat.o)
 .comment       0x00000000       0x27 ../Evo_Synth_bsp//libucosii_bsp.a(alt_isatty.o)
 .comment       0x00000000       0x27 ../Evo_Synth_bsp//libucosii_bsp.a(alt_lseek.o)
 .comment       0x00000000       0x27 ../Evo_Synth_bsp//libucosii_bsp.a(alt_main.o)
 .comment       0x00000000       0x27 ../Evo_Synth_bsp//libucosii_bsp.a(alt_read.o)
 .comment       0x00000000       0x27 ../Evo_Synth_bsp//libucosii_bsp.a(alt_release_fd.o)
 .comment       0x00000000       0x27 ../Evo_Synth_bsp//libucosii_bsp.a(alt_sbrk.o)
 .comment       0x00000000       0x27 ../Evo_Synth_bsp//libucosii_bsp.a(alt_write.o)
 .comment       0x00000000       0x27 ../Evo_Synth_bsp//libucosii_bsp.a(alt_env_lock.o)
 .comment       0x00000000       0x27 ../Evo_Synth_bsp//libucosii_bsp.a(alt_malloc_lock.o)
 .comment       0x00000000       0x27 ../Evo_Synth_bsp//libucosii_bsp.a(os_core.o)
 .comment       0x00000000       0x27 ../Evo_Synth_bsp//libucosii_bsp.a(os_dbg.o)
 .comment       0x00000000       0x27 ../Evo_Synth_bsp//libucosii_bsp.a(os_flag.o)
 .comment       0x00000000       0x27 ../Evo_Synth_bsp//libucosii_bsp.a(os_mem.o)
 .comment       0x00000000       0x27 ../Evo_Synth_bsp//libucosii_bsp.a(os_q.o)
 .comment       0x00000000       0x27 ../Evo_Synth_bsp//libucosii_bsp.a(os_sem.o)
 .comment       0x00000000       0x27 ../Evo_Synth_bsp//libucosii_bsp.a(os_task.o)
 .comment       0x00000000       0x27 ../Evo_Synth_bsp//libucosii_bsp.a(os_time.o)
 .comment       0x00000000       0x27 ../Evo_Synth_bsp//libucosii_bsp.a(alt_sys_init.o)
 .comment       0x00000000       0x27 ../Evo_Synth_bsp//libucosii_bsp.a(altera_avalon_jtag_uart_fd.o)
 .comment       0x00000000       0x27 ../Evo_Synth_bsp//libucosii_bsp.a(altera_avalon_jtag_uart_init.o)
 .comment       0x00000000       0x27 ../Evo_Synth_bsp//libucosii_bsp.a(altera_avalon_jtag_uart_ioctl.o)
 .comment       0x00000000       0x27 ../Evo_Synth_bsp//libucosii_bsp.a(altera_avalon_jtag_uart_read.o)
 .comment       0x00000000       0x27 ../Evo_Synth_bsp//libucosii_bsp.a(altera_avalon_jtag_uart_write.o)
 .comment       0x00000000       0x27 ../Evo_Synth_bsp//libucosii_bsp.a(altera_avalon_timer_sc.o)
 .comment       0x00000000       0x27 ../Evo_Synth_bsp//libucosii_bsp.a(altera_up_avalon_character_lcd.o)
 .comment       0x00000000       0x27 ../Evo_Synth_bsp//libucosii_bsp.a(alt_alarm_start.o)
 .comment       0x00000000       0x27 ../Evo_Synth_bsp//libucosii_bsp.a(alt_dev_llist_insert.o)
 .comment       0x00000000       0x27 ../Evo_Synth_bsp//libucosii_bsp.a(alt_do_ctors.o)
 .comment       0x00000000       0x27 ../Evo_Synth_bsp//libucosii_bsp.a(alt_do_dtors.o)
 .comment       0x00000000       0x27 ../Evo_Synth_bsp//libucosii_bsp.a(alt_find_dev.o)
 .comment       0x00000000       0x27 ../Evo_Synth_bsp//libucosii_bsp.a(alt_iic.o)
 .comment       0x00000000       0x27 ../Evo_Synth_bsp//libucosii_bsp.a(alt_iic_isr_register.o)
 .comment       0x00000000       0x27 ../Evo_Synth_bsp//libucosii_bsp.a(alt_io_redirect.o)
 .comment       0x00000000       0x27 ../Evo_Synth_bsp//libucosii_bsp.a(alt_irq_handler.o)
 .comment       0x00000000       0x27 ../Evo_Synth_bsp//libucosii_bsp.a(alt_irq_vars.o)
 .comment       0x00000000       0x27 ../Evo_Synth_bsp//libucosii_bsp.a(alt_open.o)
 .comment       0x00000000       0x27 ../Evo_Synth_bsp//libucosii_bsp.a(alt_tick.o)
 .comment       0x00000000       0x27 ../Evo_Synth_bsp//libucosii_bsp.a(altera_nios2_qsys_irq.o)
 .comment       0x00000000       0x27 ../Evo_Synth_bsp//libucosii_bsp.a(os_cpu_c.o)
 .comment       0x00000000       0x27 ../Evo_Synth_bsp//libucosii_bsp.a(alt_find_file.o)
 .comment       0x00000000       0x27 ../Evo_Synth_bsp//libucosii_bsp.a(alt_get_fd.o)
 .comment       0x00000000       0x27 /OPT/altera/12.1/tools/nios2eds/bin/gnu/H-i686-pc-linux-gnu/bin/../lib/gcc/nios2-elf/4.1.2/../../../../nios2-elf/lib/mno-hw-mul/libc.a(lib_a-atexit.o)
 .comment       0x00000000       0x27 /OPT/altera/12.1/tools/nios2eds/bin/gnu/H-i686-pc-linux-gnu/bin/../lib/gcc/nios2-elf/4.1.2/../../../../nios2-elf/lib/mno-hw-mul/libc.a(lib_a-exit.o)
 .comment       0x00000000       0x27 /OPT/altera/12.1/tools/nios2eds/bin/gnu/H-i686-pc-linux-gnu/bin/../lib/gcc/nios2-elf/4.1.2/../../../../nios2-elf/lib/mno-hw-mul/libc.a(lib_a-memcmp.o)
 .comment       0x00000000       0x27 /OPT/altera/12.1/tools/nios2eds/bin/gnu/H-i686-pc-linux-gnu/bin/../lib/gcc/nios2-elf/4.1.2/../../../../nios2-elf/lib/mno-hw-mul/libc.a(lib_a-__atexit.o)
 .comment       0x00000000       0x27 /OPT/altera/12.1/tools/nios2eds/bin/gnu/H-i686-pc-linux-gnu/bin/../lib/gcc/nios2-elf/4.1.2/../../../../nios2-elf/lib/mno-hw-mul/libc.a(lib_a-__call_atexit.o)
 .comment       0x00000000       0x27 /OPT/altera/12.1/tools/nios2eds/bin/gnu/H-i686-pc-linux-gnu/bin/../lib/gcc/nios2-elf/4.1.2/mno-hw-mul/libgcc.a(lib2-divmod.o)
 .comment       0x00000000       0x27 ../Evo_Synth_bsp//libucosii_bsp.a(alt_exit.o)

.debug
 *(.debug)

.line
 *(.line)

.debug_srcinfo
 *(.debug_srcinfo)

.debug_sfnames
 *(.debug_sfnames)

.debug_aranges  0x00000000      0xa30
 *(.debug_aranges)
 .debug_aranges
                0x00000000       0x20 ../Evo_Synth_bsp//obj/HAL/src/crt0.o
 .debug_aranges
                0x00000020       0x20 obj/default/hello_ucosii.o
 .debug_aranges
                0x00000040       0x20 /OPT/altera/12.1/tools/nios2eds/bin/gnu/H-i686-pc-linux-gnu/bin/../lib/gcc/nios2-elf/4.1.2/../../../../nios2-elf/lib/mno-hw-mul/libc.a(lib_a-puts.o)
 .debug_aranges
                0x00000060       0x20 /OPT/altera/12.1/tools/nios2eds/bin/gnu/H-i686-pc-linux-gnu/bin/../lib/gcc/nios2-elf/4.1.2/../../../../nios2-elf/lib/mno-hw-mul/libc.a(lib_a-strlen.o)
 .debug_aranges
                0x00000080       0x20 /OPT/altera/12.1/tools/nios2eds/bin/gnu/H-i686-pc-linux-gnu/bin/../lib/gcc/nios2-elf/4.1.2/../../../../nios2-elf/lib/mno-hw-mul/libc.a(lib_a-fvwrite.o)
 .debug_aranges
                0x000000a0       0x20 /OPT/altera/12.1/tools/nios2eds/bin/gnu/H-i686-pc-linux-gnu/bin/../lib/gcc/nios2-elf/4.1.2/../../../../nios2-elf/lib/mno-hw-mul/libc.a(lib_a-mallocr.o)
 .debug_aranges
                0x000000c0       0x20 /OPT/altera/12.1/tools/nios2eds/bin/gnu/H-i686-pc-linux-gnu/bin/../lib/gcc/nios2-elf/4.1.2/../../../../nios2-elf/lib/mno-hw-mul/libc.a(lib_a-memchr.o)
 .debug_aranges
                0x000000e0       0x20 /OPT/altera/12.1/tools/nios2eds/bin/gnu/H-i686-pc-linux-gnu/bin/../lib/gcc/nios2-elf/4.1.2/../../../../nios2-elf/lib/mno-hw-mul/libc.a(lib_a-memcpy.o)
 .debug_aranges
                0x00000100       0x20 /OPT/altera/12.1/tools/nios2eds/bin/gnu/H-i686-pc-linux-gnu/bin/../lib/gcc/nios2-elf/4.1.2/../../../../nios2-elf/lib/mno-hw-mul/libc.a(lib_a-memmove.o)
 .debug_aranges
                0x00000120       0x20 /OPT/altera/12.1/tools/nios2eds/bin/gnu/H-i686-pc-linux-gnu/bin/../lib/gcc/nios2-elf/4.1.2/../../../../nios2-elf/lib/mno-hw-mul/libc.a(lib_a-reallocr.o)
 .debug_aranges
                0x00000140       0x20 /OPT/altera/12.1/tools/nios2eds/bin/gnu/H-i686-pc-linux-gnu/bin/../lib/gcc/nios2-elf/4.1.2/../../../../nios2-elf/lib/mno-hw-mul/libc.a(lib_a-sbrkr.o)
 .debug_aranges
                0x00000160       0x20 /OPT/altera/12.1/tools/nios2eds/bin/gnu/H-i686-pc-linux-gnu/bin/../lib/gcc/nios2-elf/4.1.2/../../../../nios2-elf/lib/mno-hw-mul/libc.a(lib_a-wsetup.o)
 .debug_aranges
                0x00000180       0x20 /OPT/altera/12.1/tools/nios2eds/bin/gnu/H-i686-pc-linux-gnu/bin/../lib/gcc/nios2-elf/4.1.2/../../../../nios2-elf/lib/mno-hw-mul/libc.a(lib_a-fflush.o)
 .debug_aranges
                0x000001a0       0x20 /OPT/altera/12.1/tools/nios2eds/bin/gnu/H-i686-pc-linux-gnu/bin/../lib/gcc/nios2-elf/4.1.2/../../../../nios2-elf/lib/mno-hw-mul/libc.a(lib_a-findfp.o)
 .debug_aranges
                0x000001c0       0x20 /OPT/altera/12.1/tools/nios2eds/bin/gnu/H-i686-pc-linux-gnu/bin/../lib/gcc/nios2-elf/4.1.2/../../../../nios2-elf/lib/mno-hw-mul/libc.a(lib_a-freer.o)
 .debug_aranges
                0x000001e0       0x20 /OPT/altera/12.1/tools/nios2eds/bin/gnu/H-i686-pc-linux-gnu/bin/../lib/gcc/nios2-elf/4.1.2/../../../../nios2-elf/lib/mno-hw-mul/libc.a(lib_a-fwalk.o)
 .debug_aranges
                0x00000200       0x20 /OPT/altera/12.1/tools/nios2eds/bin/gnu/H-i686-pc-linux-gnu/bin/../lib/gcc/nios2-elf/4.1.2/../../../../nios2-elf/lib/mno-hw-mul/libc.a(lib_a-makebuf.o)
 .debug_aranges
                0x00000220       0x20 /OPT/altera/12.1/tools/nios2eds/bin/gnu/H-i686-pc-linux-gnu/bin/../lib/gcc/nios2-elf/4.1.2/../../../../nios2-elf/lib/mno-hw-mul/libc.a(lib_a-memset.o)
 .debug_aranges
                0x00000240       0x20 /OPT/altera/12.1/tools/nios2eds/bin/gnu/H-i686-pc-linux-gnu/bin/../lib/gcc/nios2-elf/4.1.2/../../../../nios2-elf/lib/mno-hw-mul/libc.a(lib_a-stdio.o)
 .debug_aranges
                0x00000260       0x20 /OPT/altera/12.1/tools/nios2eds/bin/gnu/H-i686-pc-linux-gnu/bin/../lib/gcc/nios2-elf/4.1.2/../../../../nios2-elf/lib/mno-hw-mul/libc.a(lib_a-writer.o)
 .debug_aranges
                0x00000280       0x20 /OPT/altera/12.1/tools/nios2eds/bin/gnu/H-i686-pc-linux-gnu/bin/../lib/gcc/nios2-elf/4.1.2/../../../../nios2-elf/lib/mno-hw-mul/libc.a(lib_a-closer.o)
 .debug_aranges
                0x000002a0       0x20 /OPT/altera/12.1/tools/nios2eds/bin/gnu/H-i686-pc-linux-gnu/bin/../lib/gcc/nios2-elf/4.1.2/../../../../nios2-elf/lib/mno-hw-mul/libc.a(lib_a-fclose.o)
 .debug_aranges
                0x000002c0       0x20 /OPT/altera/12.1/tools/nios2eds/bin/gnu/H-i686-pc-linux-gnu/bin/../lib/gcc/nios2-elf/4.1.2/../../../../nios2-elf/lib/mno-hw-mul/libc.a(lib_a-fstatr.o)
 .debug_aranges
                0x000002e0       0x20 /OPT/altera/12.1/tools/nios2eds/bin/gnu/H-i686-pc-linux-gnu/bin/../lib/gcc/nios2-elf/4.1.2/../../../../nios2-elf/lib/mno-hw-mul/libc.a(lib_a-isattyr.o)
 .debug_aranges
                0x00000300       0x20 /OPT/altera/12.1/tools/nios2eds/bin/gnu/H-i686-pc-linux-gnu/bin/../lib/gcc/nios2-elf/4.1.2/../../../../nios2-elf/lib/mno-hw-mul/libc.a(lib_a-lseekr.o)
 .debug_aranges
                0x00000320       0x20 /OPT/altera/12.1/tools/nios2eds/bin/gnu/H-i686-pc-linux-gnu/bin/../lib/gcc/nios2-elf/4.1.2/../../../../nios2-elf/lib/mno-hw-mul/libc.a(lib_a-readr.o)
 .debug_aranges
                0x00000340       0x20 /OPT/altera/12.1/tools/nios2eds/bin/gnu/H-i686-pc-linux-gnu/bin/../lib/gcc/nios2-elf/4.1.2/mno-hw-mul/libgcc.a(lib2-mul.o)
 .debug_aranges
                0x00000360       0x20 ../Evo_Synth_bsp//libucosii_bsp.a(alt_close.o)
 .debug_aranges
                0x00000380       0x20 ../Evo_Synth_bsp//libucosii_bsp.a(alt_dev.o)
 .debug_aranges
                0x000003a0       0x20 ../Evo_Synth_bsp//libucosii_bsp.a(alt_fstat.o)
 .debug_aranges
                0x000003c0       0x20 ../Evo_Synth_bsp//libucosii_bsp.a(alt_isatty.o)
 .debug_aranges
                0x000003e0       0x20 ../Evo_Synth_bsp//libucosii_bsp.a(alt_lseek.o)
 .debug_aranges
                0x00000400       0x20 ../Evo_Synth_bsp//libucosii_bsp.a(alt_main.o)
 .debug_aranges
                0x00000420       0x20 ../Evo_Synth_bsp//libucosii_bsp.a(alt_read.o)
 .debug_aranges
                0x00000440       0x20 ../Evo_Synth_bsp//libucosii_bsp.a(alt_release_fd.o)
 .debug_aranges
                0x00000460       0x20 ../Evo_Synth_bsp//libucosii_bsp.a(alt_sbrk.o)
 .debug_aranges
                0x00000480       0x20 ../Evo_Synth_bsp//libucosii_bsp.a(alt_write.o)
 .debug_aranges
                0x000004a0       0x20 ../Evo_Synth_bsp//libucosii_bsp.a(alt_env_lock.o)
 .debug_aranges
                0x000004c0       0x20 ../Evo_Synth_bsp//libucosii_bsp.a(alt_malloc_lock.o)
 .debug_aranges
                0x000004e0       0x20 ../Evo_Synth_bsp//libucosii_bsp.a(os_core.o)
 .debug_aranges
                0x00000500       0x20 ../Evo_Synth_bsp//libucosii_bsp.a(os_dbg.o)
 .debug_aranges
                0x00000520       0x20 ../Evo_Synth_bsp//libucosii_bsp.a(os_flag.o)
 .debug_aranges
                0x00000540       0x20 ../Evo_Synth_bsp//libucosii_bsp.a(os_mem.o)
 .debug_aranges
                0x00000560       0x20 ../Evo_Synth_bsp//libucosii_bsp.a(os_q.o)
 .debug_aranges
                0x00000580       0x20 ../Evo_Synth_bsp//libucosii_bsp.a(os_sem.o)
 .debug_aranges
                0x000005a0       0x20 ../Evo_Synth_bsp//libucosii_bsp.a(os_task.o)
 .debug_aranges
                0x000005c0       0x20 ../Evo_Synth_bsp//libucosii_bsp.a(os_time.o)
 .debug_aranges
                0x000005e0       0x20 ../Evo_Synth_bsp//libucosii_bsp.a(alt_sys_init.o)
 .debug_aranges
                0x00000600       0x20 ../Evo_Synth_bsp//libucosii_bsp.a(altera_avalon_jtag_uart_fd.o)
 .debug_aranges
                0x00000620       0x20 ../Evo_Synth_bsp//libucosii_bsp.a(altera_avalon_jtag_uart_init.o)
 .debug_aranges
                0x00000640       0x20 ../Evo_Synth_bsp//libucosii_bsp.a(altera_avalon_jtag_uart_ioctl.o)
 .debug_aranges
                0x00000660       0x20 ../Evo_Synth_bsp//libucosii_bsp.a(altera_avalon_jtag_uart_read.o)
 .debug_aranges
                0x00000680       0x20 ../Evo_Synth_bsp//libucosii_bsp.a(altera_avalon_jtag_uart_write.o)
 .debug_aranges
                0x000006a0       0x20 ../Evo_Synth_bsp//libucosii_bsp.a(altera_avalon_timer_sc.o)
 .debug_aranges
                0x000006c0       0x20 ../Evo_Synth_bsp//libucosii_bsp.a(altera_up_avalon_character_lcd.o)
 .debug_aranges
                0x000006e0       0x20 ../Evo_Synth_bsp//libucosii_bsp.a(alt_alarm_start.o)
 .debug_aranges
                0x00000700       0x20 ../Evo_Synth_bsp//libucosii_bsp.a(alt_dev_llist_insert.o)
 .debug_aranges
                0x00000720       0x20 ../Evo_Synth_bsp//libucosii_bsp.a(alt_do_ctors.o)
 .debug_aranges
                0x00000740       0x20 ../Evo_Synth_bsp//libucosii_bsp.a(alt_do_dtors.o)
 .debug_aranges
                0x00000760       0x20 ../Evo_Synth_bsp//libucosii_bsp.a(alt_find_dev.o)
 .debug_aranges
                0x00000780       0x20 ../Evo_Synth_bsp//libucosii_bsp.a(alt_iic.o)
 .debug_aranges
                0x000007a0       0x20 ../Evo_Synth_bsp//libucosii_bsp.a(alt_iic_isr_register.o)
 .debug_aranges
                0x000007c0       0x20 ../Evo_Synth_bsp//libucosii_bsp.a(alt_io_redirect.o)
 .debug_aranges
                0x000007e0       0x30 ../Evo_Synth_bsp//libucosii_bsp.a(alt_irq_entry.o)
 .debug_aranges
                0x00000810       0x28 ../Evo_Synth_bsp//libucosii_bsp.a(alt_irq_handler.o)
 .debug_aranges
                0x00000838       0x20 ../Evo_Synth_bsp//libucosii_bsp.a(alt_open.o)
 .debug_aranges
                0x00000858       0x20 ../Evo_Synth_bsp//libucosii_bsp.a(alt_tick.o)
 .debug_aranges
                0x00000878       0x20 ../Evo_Synth_bsp//libucosii_bsp.a(altera_nios2_qsys_irq.o)
 .debug_aranges
                0x00000898       0x20 ../Evo_Synth_bsp//libucosii_bsp.a(os_cpu_a.o)
 .debug_aranges
                0x000008b8       0x20 ../Evo_Synth_bsp//libucosii_bsp.a(os_cpu_c.o)
 .debug_aranges
                0x000008d8       0x38 ../Evo_Synth_bsp//libucosii_bsp.a(alt_exception_entry.o)
 .debug_aranges
                0x00000910       0x20 ../Evo_Synth_bsp//libucosii_bsp.a(alt_find_file.o)
 .debug_aranges
                0x00000930       0x20 ../Evo_Synth_bsp//libucosii_bsp.a(alt_get_fd.o)
 .debug_aranges
                0x00000950       0x20 /OPT/altera/12.1/tools/nios2eds/bin/gnu/H-i686-pc-linux-gnu/bin/../lib/gcc/nios2-elf/4.1.2/../../../../nios2-elf/lib/mno-hw-mul/libc.a(lib_a-atexit.o)
 .debug_aranges
                0x00000970       0x20 /OPT/altera/12.1/tools/nios2eds/bin/gnu/H-i686-pc-linux-gnu/bin/../lib/gcc/nios2-elf/4.1.2/../../../../nios2-elf/lib/mno-hw-mul/libc.a(lib_a-exit.o)
 .debug_aranges
                0x00000990       0x20 /OPT/altera/12.1/tools/nios2eds/bin/gnu/H-i686-pc-linux-gnu/bin/../lib/gcc/nios2-elf/4.1.2/../../../../nios2-elf/lib/mno-hw-mul/libc.a(lib_a-memcmp.o)
 .debug_aranges
                0x000009b0       0x20 /OPT/altera/12.1/tools/nios2eds/bin/gnu/H-i686-pc-linux-gnu/bin/../lib/gcc/nios2-elf/4.1.2/../../../../nios2-elf/lib/mno-hw-mul/libc.a(lib_a-__atexit.o)
 .debug_aranges
                0x000009d0       0x20 /OPT/altera/12.1/tools/nios2eds/bin/gnu/H-i686-pc-linux-gnu/bin/../lib/gcc/nios2-elf/4.1.2/../../../../nios2-elf/lib/mno-hw-mul/libc.a(lib_a-__call_atexit.o)
 .debug_aranges
                0x000009f0       0x20 /OPT/altera/12.1/tools/nios2eds/bin/gnu/H-i686-pc-linux-gnu/bin/../lib/gcc/nios2-elf/4.1.2/mno-hw-mul/libgcc.a(lib2-divmod.o)
 .debug_aranges
                0x00000a10       0x20 ../Evo_Synth_bsp//libucosii_bsp.a(alt_exit.o)

.debug_pubnames
                0x00000000     0x1bcf
 *(.debug_pubnames)
 .debug_pubnames
                0x00000000       0x4b obj/default/hello_ucosii.o
 .debug_pubnames
                0x0000004b       0x27 /OPT/altera/12.1/tools/nios2eds/bin/gnu/H-i686-pc-linux-gnu/bin/../lib/gcc/nios2-elf/4.1.2/../../../../nios2-elf/lib/mno-hw-mul/libc.a(lib_a-puts.o)
 .debug_pubnames
                0x00000072       0x1d /OPT/altera/12.1/tools/nios2eds/bin/gnu/H-i686-pc-linux-gnu/bin/../lib/gcc/nios2-elf/4.1.2/../../../../nios2-elf/lib/mno-hw-mul/libc.a(lib_a-strlen.o)
 .debug_pubnames
                0x0000008f       0x23 /OPT/altera/12.1/tools/nios2eds/bin/gnu/H-i686-pc-linux-gnu/bin/../lib/gcc/nios2-elf/4.1.2/../../../../nios2-elf/lib/mno-hw-mul/libc.a(lib_a-fvwrite.o)
 .debug_pubnames
                0x000000b2       0x39 /OPT/altera/12.1/tools/nios2eds/bin/gnu/H-i686-pc-linux-gnu/bin/../lib/gcc/nios2-elf/4.1.2/../../../../nios2-elf/lib/mno-hw-mul/libc.a(lib_a-impure.o)
 .debug_pubnames
                0x000000eb       0xce /OPT/altera/12.1/tools/nios2eds/bin/gnu/H-i686-pc-linux-gnu/bin/../lib/gcc/nios2-elf/4.1.2/../../../../nios2-elf/lib/mno-hw-mul/libc.a(lib_a-mallocr.o)
 .debug_pubnames
                0x000001b9       0x1d /OPT/altera/12.1/tools/nios2eds/bin/gnu/H-i686-pc-linux-gnu/bin/../lib/gcc/nios2-elf/4.1.2/../../../../nios2-elf/lib/mno-hw-mul/libc.a(lib_a-memchr.o)
 .debug_pubnames
                0x000001d6       0x1d /OPT/altera/12.1/tools/nios2eds/bin/gnu/H-i686-pc-linux-gnu/bin/../lib/gcc/nios2-elf/4.1.2/../../../../nios2-elf/lib/mno-hw-mul/libc.a(lib_a-memcpy.o)
 .debug_pubnames
                0x000001f3       0x1e /OPT/altera/12.1/tools/nios2eds/bin/gnu/H-i686-pc-linux-gnu/bin/../lib/gcc/nios2-elf/4.1.2/../../../../nios2-elf/lib/mno-hw-mul/libc.a(lib_a-memmove.o)
 .debug_pubnames
                0x00000211       0x21 /OPT/altera/12.1/tools/nios2eds/bin/gnu/H-i686-pc-linux-gnu/bin/../lib/gcc/nios2-elf/4.1.2/../../../../nios2-elf/lib/mno-hw-mul/libc.a(lib_a-reallocr.o)
 .debug_pubnames
                0x00000232       0x1e /OPT/altera/12.1/tools/nios2eds/bin/gnu/H-i686-pc-linux-gnu/bin/../lib/gcc/nios2-elf/4.1.2/../../../../nios2-elf/lib/mno-hw-mul/libc.a(lib_a-sbrkr.o)
 .debug_pubnames
                0x00000250       0x22 /OPT/altera/12.1/tools/nios2eds/bin/gnu/H-i686-pc-linux-gnu/bin/../lib/gcc/nios2-elf/4.1.2/../../../../nios2-elf/lib/mno-hw-mul/libc.a(lib_a-wsetup.o)
 .debug_pubnames
                0x00000272       0x2b /OPT/altera/12.1/tools/nios2eds/bin/gnu/H-i686-pc-linux-gnu/bin/../lib/gcc/nios2-elf/4.1.2/../../../../nios2-elf/lib/mno-hw-mul/libc.a(lib_a-fflush.o)
 .debug_pubnames
                0x0000029d       0xdb /OPT/altera/12.1/tools/nios2eds/bin/gnu/H-i686-pc-linux-gnu/bin/../lib/gcc/nios2-elf/4.1.2/../../../../nios2-elf/lib/mno-hw-mul/libc.a(lib_a-findfp.o)
 .debug_pubnames
                0x00000378       0x31 /OPT/altera/12.1/tools/nios2eds/bin/gnu/H-i686-pc-linux-gnu/bin/../lib/gcc/nios2-elf/4.1.2/../../../../nios2-elf/lib/mno-hw-mul/libc.a(lib_a-freer.o)
 .debug_pubnames
                0x000003a9       0x2e /OPT/altera/12.1/tools/nios2eds/bin/gnu/H-i686-pc-linux-gnu/bin/../lib/gcc/nios2-elf/4.1.2/../../../../nios2-elf/lib/mno-hw-mul/libc.a(lib_a-fwalk.o)
 .debug_pubnames
                0x000003d7       0x1c /OPT/altera/12.1/tools/nios2eds/bin/gnu/H-i686-pc-linux-gnu/bin/../lib/gcc/nios2-elf/4.1.2/../../../../nios2-elf/lib/mno-hw-mul/libc.a(lib_a-int_errno.o)
 .debug_pubnames
                0x000003f3       0x23 /OPT/altera/12.1/tools/nios2eds/bin/gnu/H-i686-pc-linux-gnu/bin/../lib/gcc/nios2-elf/4.1.2/../../../../nios2-elf/lib/mno-hw-mul/libc.a(lib_a-makebuf.o)
 .debug_pubnames
                0x00000416       0x1d /OPT/altera/12.1/tools/nios2eds/bin/gnu/H-i686-pc-linux-gnu/bin/../lib/gcc/nios2-elf/4.1.2/../../../../nios2-elf/lib/mno-hw-mul/libc.a(lib_a-memset.o)
 .debug_pubnames
                0x00000433       0x44 /OPT/altera/12.1/tools/nios2eds/bin/gnu/H-i686-pc-linux-gnu/bin/../lib/gcc/nios2-elf/4.1.2/../../../../nios2-elf/lib/mno-hw-mul/libc.a(lib_a-stdio.o)
 .debug_pubnames
                0x00000477       0x1f /OPT/altera/12.1/tools/nios2eds/bin/gnu/H-i686-pc-linux-gnu/bin/../lib/gcc/nios2-elf/4.1.2/../../../../nios2-elf/lib/mno-hw-mul/libc.a(lib_a-writer.o)
 .debug_pubnames
                0x00000496       0x1f /OPT/altera/12.1/tools/nios2eds/bin/gnu/H-i686-pc-linux-gnu/bin/../lib/gcc/nios2-elf/4.1.2/../../../../nios2-elf/lib/mno-hw-mul/libc.a(lib_a-closer.o)
 .debug_pubnames
                0x000004b5       0x2b /OPT/altera/12.1/tools/nios2eds/bin/gnu/H-i686-pc-linux-gnu/bin/../lib/gcc/nios2-elf/4.1.2/../../../../nios2-elf/lib/mno-hw-mul/libc.a(lib_a-fclose.o)
 .debug_pubnames
                0x000004e0       0x1f /OPT/altera/12.1/tools/nios2eds/bin/gnu/H-i686-pc-linux-gnu/bin/../lib/gcc/nios2-elf/4.1.2/../../../../nios2-elf/lib/mno-hw-mul/libc.a(lib_a-fstatr.o)
 .debug_pubnames
                0x000004ff       0x20 /OPT/altera/12.1/tools/nios2eds/bin/gnu/H-i686-pc-linux-gnu/bin/../lib/gcc/nios2-elf/4.1.2/../../../../nios2-elf/lib/mno-hw-mul/libc.a(lib_a-isattyr.o)
 .debug_pubnames
                0x0000051f       0x1f /OPT/altera/12.1/tools/nios2eds/bin/gnu/H-i686-pc-linux-gnu/bin/../lib/gcc/nios2-elf/4.1.2/../../../../nios2-elf/lib/mno-hw-mul/libc.a(lib_a-lseekr.o)
 .debug_pubnames
                0x0000053e       0x1e /OPT/altera/12.1/tools/nios2eds/bin/gnu/H-i686-pc-linux-gnu/bin/../lib/gcc/nios2-elf/4.1.2/../../../../nios2-elf/lib/mno-hw-mul/libc.a(lib_a-readr.o)
 .debug_pubnames
                0x0000055c       0x1f /OPT/altera/12.1/tools/nios2eds/bin/gnu/H-i686-pc-linux-gnu/bin/../lib/gcc/nios2-elf/4.1.2/mno-hw-mul/libgcc.a(lib2-mul.o)
 .debug_pubnames
                0x0000057b       0x1c ../Evo_Synth_bsp//libucosii_bsp.a(alt_close.o)
 .debug_pubnames
                0x00000597       0x78 ../Evo_Synth_bsp//libucosii_bsp.a(alt_dev.o)
 .debug_pubnames
                0x0000060f       0x20 ../Evo_Synth_bsp//libucosii_bsp.a(alt_errno.o)
 .debug_pubnames
                0x0000062f       0x1c ../Evo_Synth_bsp//libucosii_bsp.a(alt_fstat.o)
 .debug_pubnames
                0x0000064b       0x1d ../Evo_Synth_bsp//libucosii_bsp.a(alt_isatty.o)
 .debug_pubnames
                0x00000668       0x1c ../Evo_Synth_bsp//libucosii_bsp.a(alt_lseek.o)
 .debug_pubnames
                0x00000684       0x46 ../Evo_Synth_bsp//libucosii_bsp.a(alt_main.o)
 .debug_pubnames
                0x000006ca       0x1b ../Evo_Synth_bsp//libucosii_bsp.a(alt_read.o)
 .debug_pubnames
                0x000006e5       0x25 ../Evo_Synth_bsp//libucosii_bsp.a(alt_release_fd.o)
 .debug_pubnames
                0x0000070a       0x1b ../Evo_Synth_bsp//libucosii_bsp.a(alt_sbrk.o)
 .debug_pubnames
                0x00000725       0x1c ../Evo_Synth_bsp//libucosii_bsp.a(alt_write.o)
 .debug_pubnames
                0x00000741       0x41 ../Evo_Synth_bsp//libucosii_bsp.a(alt_env_lock.o)
 .debug_pubnames
                0x00000782       0x48 ../Evo_Synth_bsp//libucosii_bsp.a(alt_malloc_lock.o)
 .debug_pubnames
                0x000007ca      0x3f8 ../Evo_Synth_bsp//libucosii_bsp.a(os_core.o)
 .debug_pubnames
                0x00000bc2      0x3c5 ../Evo_Synth_bsp//libucosii_bsp.a(os_dbg.o)
 .debug_pubnames
                0x00000f87       0xd0 ../Evo_Synth_bsp//libucosii_bsp.a(os_flag.o)
 .debug_pubnames
                0x00001057       0x7c ../Evo_Synth_bsp//libucosii_bsp.a(os_mem.o)